
 RUN  v4.1.11 <worktree>

node.exe : node:internal/modules/esm/resolve:272
At line:1 char:1
+ & "<repo>\.tools\node-v24.21.0-win-x64/node.exe" "D: ...
+ ~~~~~~~~~~~~~~~~~~~~~~~~~~~~~~~~~~~~~~~~~~~~~~~~~~~~~~~~~~~~~~~~~~~~~
    + CategoryInfo          : NotSpecified: (node:internal/modules/esm/resolve:272:String) [], RemoteException
    + FullyQualifiedErrorId : NativeCommandError

    throw new ERR_MODULE_NOT_FOUND(
          ^

Error [ERR_MODULE_NOT_FOUND]: Cannot find module '<temp>\intermed-artifact-test-qnQM89\inter
med-importer-function-wnyTVy\vendor\@intermed\importer\src\core' imported from <temp>\interm
ed-artifact-test-qnQM89\intermed-importer-function-wnyTVy\vendor\@intermed\importer\src\index.js
    at finalizeResolution (node:internal/modules/esm/resolve:272:11)
    at moduleResolve (node:internal/modules/esm/resolve:879:10)
    at defaultResolve (node:internal/modules/esm/resolve:1006:11)
    at #cachedDefaultResolve (node:internal/modules/esm/loader:705:20)
    at #resolveAndMaybeBlockOnLoaderThread (node:internal/modules/esm/loader:725:38)
    at ModuleLoader.resolveSync (node:internal/modules/esm/loader:763:56)
    at #resolve (node:internal/modules/esm/loader:687:17)
    at ModuleLoader.getOrCreateModuleJob (node:internal/modules/esm/loader:607:35)
    at ModuleJob.syncLink (node:internal/modules/esm/module_job:276:33)
    at ModuleJob.link (node:internal/modules/esm/module_job:381:17) {
  code: 'ERR_MODULE_NOT_FOUND',
  url: 'file:///<temp>/intermed-artifact-test-qnQM89/intermed-importer-function-wnyTVy/vendo
r/@intermed/importer/src/core'
}

Node.js v24.21.0
 Γ¥» tests/importer/artifact.test.ts (1 test | 1 failed) 3744ms
     ├ù builds a disjoint isolated runtime artifact and rejects safely 3743ms

ΓÄ»ΓÄ»ΓÄ»ΓÄ»ΓÄ»ΓÄ»ΓÄ» Failed Tests 1 ΓÄ»ΓÄ»ΓÄ»ΓÄ»ΓÄ»ΓÄ»ΓÄ»

 FAIL  tests/importer/artifact.test.ts > importer function artifact > builds a disjoint isolated runtime artifact and
rejects safely
Error: Command failed: <repo>\.tools\node-v24.21.0-win-x64\node.exe
<temp>\intermed-artifact-test-qnQM89\isolated-runner.mjs
node:internal/modules/esm/resolve:272
    throw new ERR_MODULE_NOT_FOUND(
          ^

Error [ERR_MODULE_NOT_FOUND]: Cannot find module '<temp>\intermed-artifact-test-qnQM89\inter
med-importer-function-wnyTVy\vendor\@intermed\importer\src\core' imported from <temp>\interm
ed-artifact-test-qnQM89\intermed-importer-function-wnyTVy\vendor\@intermed\importer\src\index.js
    at finalizeResolution (node:internal/modules/esm/resolve:272:11)
    at moduleResolve (node:internal/modules/esm/resolve:879:10)
    at defaultResolve (node:internal/modules/esm/resolve:1006:11)
    at #cachedDefaultResolve (node:internal/modules/esm/loader:705:20)
    at #resolveAndMaybeBlockOnLoaderThread (node:internal/modules/esm/loader:725:38)
    at ModuleLoader.resolveSync (node:internal/modules/esm/loader:763:56)
    at #resolve (node:internal/modules/esm/loader:687:17)
    at ModuleLoader.getOrCreateModuleJob (node:internal/modules/esm/loader:607:35)
    at ModuleJob.syncLink (node:internal/modules/esm/module_job:276:33)
    at ModuleJob.link (node:internal/modules/esm/module_job:381:17) {
  code: 'ERR_MODULE_NOT_FOUND',
  url: 'file:///<temp>/intermed-artifact-test-qnQM89/intermed-importer-function-wnyTVy/vendo
r/@intermed/importer/src/core'
}

Node.js v24.21.0

 Γ¥» tests/importer/artifact.test.ts:102:7
    100|         `,
    101|       );
    102|       execFileSync(process.execPath, [runner], {
       |       ^
    103|         cwd: artifact,
    104|         env: { ...process.env, APPWRITE_FUNCTION_PROJECT_ID: undefinedΓÇª

ΓÄ»ΓÄ»ΓÄ»ΓÄ»ΓÄ»ΓÄ»ΓÄ»ΓÄ»ΓÄ»ΓÄ»ΓÄ»ΓÄ»ΓÄ»ΓÄ»ΓÄ»ΓÄ»ΓÄ»ΓÄ»ΓÄ»ΓÄ»ΓÄ»ΓÄ»ΓÄ»ΓÄ»[1/1]ΓÄ»


 Test Files  1 failed (1)
      Tests  1 failed (1)
   Start at  18:30:38
   Duration  4.06s (transform 48ms, setup 0ms, import 207ms, tests 3.74s, environment 0ms)
