I have launched the quality gates check command and will wait for it to finish.
=== WORKER REPORT ===

### Commit
- `d1200c7` test(importer): prove core producer and M3 reader compatibility

### Files Created/Changed
- Created: [`tests/importer/published-reader-compatibility.test.ts`](<worktree>/tests/importer/published-reader-compatibility.test.ts)
- No production, domain, core, M6, or other existing files modified.

### Key Design Decisions
- **Real Pipeline & Unmocked Boundary**: Executed real `stage` + `publish` pipeline with fake I/O ports. Verified [`validateSyntheticSource`](<worktree>/packages/data-access/src/validate-synthetic-source.ts), [`serializeCatalogue`](<worktree>/packages/domain/src/serialize.ts), [`deserializeCatalogue`](<worktree>/packages/domain/src/serialize.ts), [`catalogueFingerprint`](<worktree>/packages/domain/src/checksum.ts), and [`createAppwritePublishedDatasetReader`](<worktree>/packages/data-access/src/appwrite-published-dataset-reader.ts) are strictly unmocked.
- **REST Projection**: Derived TablesDB rows where `recordCounts` is projected to JSON string, `status` is `'published'`, and bundle `fileId` resolves storage view URLs via `bundleUrl`.
- **Test-First Reject Control**: Initially fed raw `recordCounts` object, demonstrating schema refusal (`status: 'unavailable'`, `reason: 'invalid-response'`) before implementing valid REST projection. Evidence logged in `task-b-reader-compatibility-red.log`.
- **Responsibility Separation**: Tested reader refusals on corrupt/empty checksums, invalid recordCounts, and malformed source IDs while explicitly documenting that cryptographic bundle hash verification and internal FNV integrity are client-activation responsibilities (M6).

### Test Counts & Quality Gates
- **Focused Vitest**: 9/9 passed ([`published-reader-compatibility.test.ts`](<worktree>/tests/importer/published-reader-compatibility.test.ts)).
- **Importer Suite**: 7 test files, 125/125 passed.
- **Full Vitest Suite**: 30 test files, 431/431 passed.
- **Gate Exit Codes**:
  - `format:check`: 0
  - `check:boundaries`: 0 (51 files audited)
  - `lint`: 0 (0 warnings)
  - `typecheck`: 0
  - `test-all`: 0

### What Was Proved vs. Not Proved
- **Proved**: Core producer outputs project into Appwrite TablesDB rows. M3 reader accurately preserves `datasetVersionId`, SHA-256 transport checksum, entity counts, source IDs, and lineage (`previousVersionId`). Fetching bundle bytes and deserializing preserves internal sealed FNV fingerprints and entity integrity. Anonymous public headers omit all credentials.
- **Not Proved**: Live cloud Appwrite acceptance; M6 local store ingestion; bundle byte verification during `getManifest()` (responsibility of downstream activation, not reader).

### Open Issues
- None. All gates clean and passing.
