
 RUN  v4.1.11 <worktree>

 ❯ tests/importer/handler-reader-identity.test.ts (1 test | 1 failed) 28ms
     × keeps canonical public identity across first and second generation publication, REST storage, and reader verification 27ms

⎯⎯⎯⎯⎯⎯⎯ Failed Tests 1 ⎯⎯⎯⎯⎯⎯⎯

 FAIL  tests/importer/handler-reader-identity.test.ts > writer-to-reader public identity (handler -> REST -> M3 reader) > keeps canonical public identity across first and second generation publication, REST storage, and reader verification
AssertionError: expected 403 to be 200 // Object.is equality

- Expected
+ Received

- 200
+ 403

 ❯ publishFirstGeneration tests/importer/handler-reader-identity.test.ts:141:28
    139|     bodyJson: envelope(PUBLISH_OPERATION),
    140|   });
    141|   expect(published.status).toBe(200);
       |                            ^
    142|   expect(published.body.code).toBe('published');
    143| }
 ❯ tests/importer/handler-reader-identity.test.ts:218:7

⎯⎯⎯⎯⎯⎯⎯⎯⎯⎯⎯⎯⎯⎯⎯⎯⎯⎯⎯⎯⎯⎯⎯⎯[1/1]⎯


 Test Files  1 failed (1)
      Tests  1 failed (1)
   Start at  01:12:12
   Duration  360ms (transform 136ms, setup 0ms, import 228ms, tests 28ms, environment 0ms)
