
> intermed@0.0.0 check
> npm run format:check && npm run lint && npm run typecheck && npm run test && npm run check:boundaries && npm audit --audit-level=low && npm run build && npm run scan:dist && npm run test:browser


> intermed@0.0.0 format:check
> prettier --check .

Checking formatting...
All matched files use Prettier code style!

> intermed@0.0.0 lint
> eslint . --max-warnings 0


> intermed@0.0.0 typecheck
> tsc -p tsconfig.json && tsc -p packages/domain/tsconfig.json && tsc -p packages/importer/tsconfig.json


> intermed@0.0.0 test
> vitest run


 RUN  v4.1.11 <worktree>

 ❯ tests/importer/handler-artifact-flow.test.ts (1 test | 1 failed) 1864ms
     × stages and publishes through the isolated artifact with fake HTTP only 1863ms
 ❯ tests/importer/artifact.test.ts (5 tests | 4 failed) 7159ms
     × builds a disjoint isolated runtime artifact and rejects safely 2157ms
     × copies function relative JS helpers transitively into src/ 1512ms
     × pins function-direct external imports and runs positive offline 1209ms
     × pins literal dynamic imports and fails closed on computed ones 1297ms

⎯⎯⎯⎯⎯⎯⎯ Failed Tests 5 ⎯⎯⎯⎯⎯⎯⎯

 FAIL  tests/importer/artifact.test.ts > importer function artifact > builds a disjoint isolated runtime artifact and rejects safely
Error: Command failed: <repo>\.tools\node-v24.21.0-win-x64\node.exe <repo>\.tools\node-v24.21.0-win-x64\node_modules\npm\bin\npm-cli.js install --package-lock-only --ignore-scripts --offline
npm error code ENOTCACHED
npm error request to https://registry.npmjs.org/zod failed: cache mode is 'only-if-cached' but no cached response is available.
npm error A complete log of this run can be found in: <user-home>\AppData\Local\npm-cache\_logs\2026-10-07T20_28_42_521Z-debug-0.log

 ❯ installRuntimeLock scripts/build-importer-function.mjs:1019:3
    1017|   const command = npm.endsWith('.js') ? process.execPath : npm;
    1018|   const args = npm.endsWith('.js') ? [npm] : [];
    1019|   execFileSync(
       |   ^
    1020|     command,
    1021|     [
 ❯ buildImporterFunctionArtifact scripts/build-importer-function.mjs:1082:5
 ❯ tests/importer/artifact.test.ts:82:24

⎯⎯⎯⎯⎯⎯⎯⎯⎯⎯⎯⎯⎯⎯⎯⎯⎯⎯⎯⎯⎯⎯⎯⎯[1/5]⎯

 FAIL  tests/importer/artifact.test.ts > importer function artifact > copies function relative JS helpers transitively into src/
Error: Command failed: <repo>\.tools\node-v24.21.0-win-x64\node.exe <repo>\.tools\node-v24.21.0-win-x64\node_modules\npm\bin\npm-cli.js install --package-lock-only --ignore-scripts --offline
npm error code ENOTCACHED
npm error request to https://registry.npmjs.org/zod failed: cache mode is 'only-if-cached' but no cached response is available.
npm error A complete log of this run can be found in: <user-home>\AppData\Local\npm-cache\_logs\2026-10-07T20_28_44_144Z-debug-0.log

 ❯ installRuntimeLock scripts/build-importer-function.mjs:1019:3
    1017|   const command = npm.endsWith('.js') ? process.execPath : npm;
    1018|   const args = npm.endsWith('.js') ? [npm] : [];
    1019|   execFileSync(
       |   ^
    1020|     command,
    1021|     [
 ❯ buildImporterFunctionArtifact scripts/build-importer-function.mjs:1082:5
 ❯ tests/importer/artifact.test.ts:293:24

⎯⎯⎯⎯⎯⎯⎯⎯⎯⎯⎯⎯⎯⎯⎯⎯⎯⎯⎯⎯⎯⎯⎯⎯[2/5]⎯

 FAIL  tests/importer/artifact.test.ts > importer function artifact > pins function-direct external imports and runs positive offline
Error: Command failed: <repo>\.tools\node-v24.21.0-win-x64\node.exe <repo>\.tools\node-v24.21.0-win-x64\node_modules\npm\bin\npm-cli.js install --package-lock-only --ignore-scripts --offline
npm error code ENOTCACHED
npm error request to https://registry.npmjs.org/zod failed: cache mode is 'only-if-cached' but no cached response is available.
npm error A complete log of this run can be found in: <user-home>\AppData\Local\npm-cache\_logs\2026-10-07T20_28_45_299Z-debug-0.log

 ❯ installRuntimeLock scripts/build-importer-function.mjs:1019:3
    1017|   const command = npm.endsWith('.js') ? process.execPath : npm;
    1018|   const args = npm.endsWith('.js') ? [npm] : [];
    1019|   execFileSync(
       |   ^
    1020|     command,
    1021|     [
 ❯ buildImporterFunctionArtifact scripts/build-importer-function.mjs:1082:5
 ❯ tests/importer/artifact.test.ts:343:24

⎯⎯⎯⎯⎯⎯⎯⎯⎯⎯⎯⎯⎯⎯⎯⎯⎯⎯⎯⎯⎯⎯⎯⎯[3/5]⎯

 FAIL  tests/importer/artifact.test.ts > importer function artifact > pins literal dynamic imports and fails closed on computed ones
Error: Command failed: <repo>\.tools\node-v24.21.0-win-x64\node.exe <repo>\.tools\node-v24.21.0-win-x64\node_modules\npm\bin\npm-cli.js install --package-lock-only --ignore-scripts --offline
npm error code ENOTCACHED
npm error request to https://registry.npmjs.org/zod failed: cache mode is 'only-if-cached' but no cached response is available.
npm error A complete log of this run can be found in: <user-home>\AppData\Local\npm-cache\_logs\2026-10-07T20_28_47_604Z-debug-0.log

 ❯ installRuntimeLock scripts/build-importer-function.mjs:1019:3
    1017|   const command = npm.endsWith('.js') ? process.execPath : npm;
    1018|   const args = npm.endsWith('.js') ? [npm] : [];
    1019|   execFileSync(
       |   ^
    1020|     command,
    1021|     [
 ❯ buildImporterFunctionArtifact scripts/build-importer-function.mjs:1082:5
 ❯ tests/importer/artifact.test.ts:442:24

⎯⎯⎯⎯⎯⎯⎯⎯⎯⎯⎯⎯⎯⎯⎯⎯⎯⎯⎯⎯⎯⎯⎯⎯[4/5]⎯

 FAIL  tests/importer/handler-artifact-flow.test.ts > compiled artifact positive flow (Node 22.23.2) > stages and publishes through the isolated artifact with fake HTTP only
Error: Command failed: <repo>\.tools\node-v24.21.0-win-x64\node.exe <repo>\.tools\node-v24.21.0-win-x64\node_modules\npm\bin\npm-cli.js install --package-lock-only --ignore-scripts --offline
npm error code ENOTCACHED
npm error request to https://registry.npmjs.org/zod failed: cache mode is 'only-if-cached' but no cached response is available.
npm error A complete log of this run can be found in: <user-home>\AppData\Local\npm-cache\_logs\2026-10-07T20_28_42_564Z-debug-0.log

 ❯ installRuntimeLock scripts/build-importer-function.mjs:1019:3
    1017|   const command = npm.endsWith('.js') ? process.execPath : npm;
    1018|   const args = npm.endsWith('.js') ? [npm] : [];
    1019|   execFileSync(
       |   ^
    1020|     command,
    1021|     [
 ❯ buildImporterFunctionArtifact scripts/build-importer-function.mjs:1082:5
 ❯ tests/importer/handler-artifact-flow.test.ts:220:24

⎯⎯⎯⎯⎯⎯⎯⎯⎯⎯⎯⎯⎯⎯⎯⎯⎯⎯⎯⎯⎯⎯⎯⎯[5/5]⎯


 Test Files  2 failed | 33 passed (35)
      Tests  5 failed | 593 passed (598)
   Start at  23:28:40
   Duration  7.81s (transform 3.38s, setup 0ms, import 8.61s, tests 11.51s, environment 2.93s)
