### focused vitest (post-format)
$ npx vitest run tests/importer/appwrite-store.test.ts

 RUN  v4.1.11 <worktree>


 Test Files  1 passed (1)
      Tests  48 passed (48)
   Start at  20:35:52
   Duration  199ms (transform 30ms, setup 0ms, import 46ms, tests 47ms, environment 0ms)

[exit 0]

### full vitest suite
$ npm run test

> intermed@0.0.0 test
> vitest run


 RUN  v4.1.11 <worktree>


 Test Files  29 passed (29)
      Tests  375 passed (375)
   Start at  20:35:53
   Duration  13.56s (transform 2.71s, setup 0ms, import 13.05s, tests 1.64s, environment 29.74s)

[exit 0]

### typecheck
$ npm run typecheck

> intermed@0.0.0 typecheck
> tsc -p tsconfig.json && tsc -p packages/domain/tsconfig.json

[exit 0]

### eslint
$ npm run lint

> intermed@0.0.0 lint
> eslint . --max-warnings 0

[exit 0]

### prettier
$ npm run format:check

> intermed@0.0.0 format:check
> prettier --check .

Checking formatting...
All matched files use Prettier code style!

[exit 0]

### boundaries
$ npm run check:boundaries

> intermed@0.0.0 check:boundaries
> node scripts/check-boundaries.mjs

Architecture boundaries passed (48 source files; dependency-free domain).

[exit 0]

### summary
all gates exit 0: true
