== npx vitest run tests/importer/core-stage-to-publish.test.ts ==

 RUN  v4.1.11 <worktree>

 Γ¥» tests/importer/core-stage-to-publish.test.ts (8 tests | 6 failed) 39ms
     ├ù runs raw bytes through staging to a committed publication 15ms
     ├ù publishes the next changed generation on an advanced real baseline 3ms
     ├ù retries twice with the baseline advanced and writes no duplicate rows 1ms
     ├ù binds the encoding policy into the generation identity 4ms
     ├ù quarantines a large drop and publishes it only with threshold approval 2ms
     ├ù completes an interrupted generation without duplicate public rows 1ms
node.exe :
At line:1 char:1
+ & "<repo>\.tools\node-v24.21.0-win-x64/node.exe" "D: ...
+ ~~~~~~~~~~~~~~~~~~~~~~~~~~~~~~~~~~~~~~~~~~~~~~~~~~~~~~~~~~~~~~~~~~~~~
    + CategoryInfo          : NotSpecified: (:String) [], RemoteException
    + FullyQualifiedErrorId : NativeCommandError

ΓÄ»ΓÄ»ΓÄ»ΓÄ»ΓÄ»ΓÄ»ΓÄ» Failed Tests 6 ΓÄ»ΓÄ»ΓÄ»ΓÄ»ΓÄ»ΓÄ»ΓÄ»

 FAIL  tests/importer/core-stage-to-publish.test.ts > real stage to publish acceptance > runs raw bytes through
staging to a committed publication
AssertionError: expected 'rejected' to be 'published' // Object.is equality

Expected: "published"
Received: "rejected"

 Γ¥» tests/importer/core-stage-to-publish.test.ts:82:27
     80|       ports: store.publishPorts(),
     81|     });
     82|     expect(result.status).toBe('published');
       |                           ^
     83|
     84|     const publishedFile = store.files.get(

ΓÄ»ΓÄ»ΓÄ»ΓÄ»ΓÄ»ΓÄ»ΓÄ»ΓÄ»ΓÄ»ΓÄ»ΓÄ»ΓÄ»ΓÄ»ΓÄ»ΓÄ»ΓÄ»ΓÄ»ΓÄ»ΓÄ»ΓÄ»ΓÄ»ΓÄ»ΓÄ»ΓÄ»[1/6]ΓÄ»

 FAIL  tests/importer/core-stage-to-publish.test.ts > real stage to publish acceptance > publishes the next changed
generation on an advanced real baseline
AssertionError: expected 'rejected' to be 'published' // Object.is equality

Expected: "published"
Received: "rejected"

 Γ¥» tests/importer/core-stage-to-publish.test.ts:132:7
    130|         })
    131|       ).status,
    132|     ).toBe('published');
       |       ^
    133|     advanceBaseline(store, first.candidateVersionId, first.snapshot);
    134|     const priorManifest = store.manifests.get(first.candidateVersionIdΓÇª

ΓÄ»ΓÄ»ΓÄ»ΓÄ»ΓÄ»ΓÄ»ΓÄ»ΓÄ»ΓÄ»ΓÄ»ΓÄ»ΓÄ»ΓÄ»ΓÄ»ΓÄ»ΓÄ»ΓÄ»ΓÄ»ΓÄ»ΓÄ»ΓÄ»ΓÄ»ΓÄ»ΓÄ»[2/6]ΓÄ»

 FAIL  tests/importer/core-stage-to-publish.test.ts > real stage to publish acceptance > retries twice with the
baseline advanced and writes no duplicate rows
AssertionError: expected 'rejected' to be 'published' // Object.is equality

Expected: "published"
Received: "rejected"

 Γ¥» tests/importer/core-stage-to-publish.test.ts:179:7
    177|         })
    178|       ).status,
    179|     ).toBe('published');
       |       ^
    180|     advanceBaseline(store, generation.candidateVersionId, generation.sΓÇª
    181|

ΓÄ»ΓÄ»ΓÄ»ΓÄ»ΓÄ»ΓÄ»ΓÄ»ΓÄ»ΓÄ»ΓÄ»ΓÄ»ΓÄ»ΓÄ»ΓÄ»ΓÄ»ΓÄ»ΓÄ»ΓÄ»ΓÄ»ΓÄ»ΓÄ»ΓÄ»ΓÄ»ΓÄ»[3/6]ΓÄ»

 FAIL  tests/importer/core-stage-to-publish.test.ts > real stage to publish acceptance > binds the encoding policy
into the generation identity
AssertionError: expected 'staged' to be 'quarantined' // Object.is equality

Expected: "quarantined"
Received: "staged"

 Γ¥» tests/importer/core-stage-to-publish.test.ts:242:32
    240|       ports: conflictingStore.stagePorts(),
    241|     });
    242|     expect(conflicting.status).toBe('quarantined');
       |                                ^
    243|     expect(conflicting.completenessStatus).toBe('encoding-mismatch');
    244|     expect(conflictingStore.candidates.size).toBe(0);

ΓÄ»ΓÄ»ΓÄ»ΓÄ»ΓÄ»ΓÄ»ΓÄ»ΓÄ»ΓÄ»ΓÄ»ΓÄ»ΓÄ»ΓÄ»ΓÄ»ΓÄ»ΓÄ»ΓÄ»ΓÄ»ΓÄ»ΓÄ»ΓÄ»ΓÄ»ΓÄ»ΓÄ»[4/6]ΓÄ»

 FAIL  tests/importer/core-stage-to-publish.test.ts > real stage to publish acceptance > quarantines a large drop and
publishes it only with threshold approval
AssertionError: expected 'rejected' to be 'published' // Object.is equality

Expected: "published"
Received: "rejected"

 Γ¥» tests/importer/core-stage-to-publish.test.ts:283:7
    281|         })
    282|       ).status,
    283|     ).toBe('published');
       |       ^
    284|     advanceBaseline(store, first.candidateVersionId, first.snapshot);
    285|

ΓÄ»ΓÄ»ΓÄ»ΓÄ»ΓÄ»ΓÄ»ΓÄ»ΓÄ»ΓÄ»ΓÄ»ΓÄ»ΓÄ»ΓÄ»ΓÄ»ΓÄ»ΓÄ»ΓÄ»ΓÄ»ΓÄ»ΓÄ»ΓÄ»ΓÄ»ΓÄ»ΓÄ»[5/6]ΓÄ»

 FAIL  tests/importer/core-stage-to-publish.test.ts > real stage to publish acceptance > completes an interrupted
generation without duplicate public rows
AssertionError: expected 'rejected' to be 'published' // Object.is equality

Expected: "published"
Received: "rejected"

 Γ¥» tests/importer/core-stage-to-publish.test.ts:332:7
    330|         })
    331|       ).status,
    332|     ).toBe('published');
       |       ^
    333|     advanceBaseline(store, first.candidateVersionId, first.snapshot);
    334|     const priorManifest = store.manifests.get(first.candidateVersionIdΓÇª

ΓÄ»ΓÄ»ΓÄ»ΓÄ»ΓÄ»ΓÄ»ΓÄ»ΓÄ»ΓÄ»ΓÄ»ΓÄ»ΓÄ»ΓÄ»ΓÄ»ΓÄ»ΓÄ»ΓÄ»ΓÄ»ΓÄ»ΓÄ»ΓÄ»ΓÄ»ΓÄ»ΓÄ»[6/6]ΓÄ»


 Test Files  1 failed (1)
      Tests  6 failed | 2 passed (8)
   Start at  21:05:09
   Duration  318ms (transform 90ms, setup 0ms, import 174ms, tests 39ms, environment 0ms)

EXIT=1
