=== QUALITY GATES LOG ===
>>> npm run format:check

> intermed@0.0.0 format:check
> prettier --check .

Checking formatting...
All matched files use Prettier code style!
EXIT: 0
>>> npm run check:boundaries

> intermed@0.0.0 check:boundaries
> node scripts/check-boundaries.mjs

Architecture boundaries passed (77 source files; dependency-free domain; local-store confined to the composition root).
EXIT: 0
>>> npm run typecheck

> intermed@0.0.0 typecheck
> tsc -p tsconfig.json && tsc -p packages/domain/tsconfig.json && tsc -p packages/importer/tsconfig.json

EXIT: 0
>>> npm run lint

> intermed@0.0.0 lint
> eslint . --max-warnings 0

EXIT: 0
