=== WORKER REPORT ===

**Exact file/line & short predicates read:**

1. `registry-tarball.ts` (100% read, lines 1-132):
   - **HTTPS origin & declared tarball path**: Checked correctly at lines 70-79 (`url.protocol !== 'https:'`, `url.origin !== NPM_REGISTRY_ORIGIN`). The path is validated at lines 95-99 via `isDeclaredTarballPath` (which executes linear string checks at lines 50-60). Userinfo, query, and fragments are explicitly refused at lines 80-94.
   - **Redirect error & integrity before cache**: Enforced at line 118 with `fetchImpl(url, { redirect: 'error' })`. Bytes are immediately hashed against the lock integrity constraint (lines 124-129) and it fails closed before caching.

2. `fixture-security.test.ts` (100% read, lines 1-631):
   - **Security boundary exercise**: Verified that tests (lines 132-218) explicitly pass `fetchSpy` via `fakeRegistryFetch` to `registryTarballBytes`. They observe the exact input variables and options (e.g. `redirect: 'error'`) without hiding the underlying mock `fetchImpl` or leaking actual HTTP calls.
   - **Runtime whole fake key**: Verified at line 228 that `REST_SERVER_KEY` is dynamically generated per-process (`randomBytes(24).toString('hex')`) and is never logged, printed, or statically written.
   - **ReDoS / Longpath green-on-arrival**: Verified at lines 606-630 that the adversarial linear regression guard effectively tests string paths up to 100,000 characters and asserts a sub-2000ms response time, proving routes don't degrade non-linearly.

3. `fake-appwrite-rest.mjs` (100% read, lines 1-835):
   - **Linear route segments**: Verified at lines 474-478 (`routeSegments`). The dispatcher uses standard `slice(1).split('/')` and fixed array indexing checks (lines 480-553) which guarantees `O(N)` disjoint splitting without regex backtracking.
   - **Auth / Private fake file / Table / Error behavior**: Verified lines 661-668 reject mutation and private access via 401 Unauthorized if the runtime `options.serverKey` doesn't match `x-appwrite-key`. Unauthenticated access is cleanly restricted to data with explicit `read("any")` (lines 670-677). Custom `problem()` error generation (lines 272-274) returns properly formatted, flat deterministic JSON without exceptions.

4. `artifact.test.ts` (Lines 437-475 completely read for `default-temp` test):
   - **Saves/deletes/restores TEMP/TMP/TMPDIR in finally**: Verified at lines 441-446 that values are archived and `delete` is called for each. They are systematically restored at lines 469-474 within the `finally` block.
   - **Never repo-root generated child**: Verified at lines 451-454 (ensuring `dirname(artifact)` aligns with OS `tmpdir()`) and lines 458-462 (asserting the artifact path does NOT start with `process.cwd()`).
   - **Cleanup own child only**: Verified at lines 467-468 that teardown limits its destructive `rmSync` exclusively to paths starting with the explicit generated prefix (`intermed-importer-function-`).

**Concrete bug triggers / regressions:**
- NO ACTIONABLE bugs, vulnerabilities, or regressions were found within the provided target scope. The requested security guards are technically sound and properly verified.

**Unread portions / limits:**
- `artifact.test.ts`: Lines 801-1221 were omitted from tool loading limits, but the explicitly requested `default-temp` tests fell entirely within the read section (lines 437-475) and were fully validated. Unprovided builder implementations were not inferred.

**Explicit Confirmations:**
- Zero source edits or test modifications were made.
- Zero tests were run or claimed to be executed by this agent.
- Zero network calls were made.
- (Note: Antigravity may manage internal task/system artifacts asynchronously, but I have not created implementation/build artifacts for this codebase).
- No blanket whole-PR acceptance is implied or granted.
