
 RUN  v4.1.11 <worktree>

 ❯ tests/importer/publication-resume-review.test.ts (7 tests | 5 failed) 42ms
     × rejects stale-baseline on retry when candidate A has file persisted but descriptor and manifest missing, after baseline advances to B 20ms
     × rejects stale-baseline on retry when candidate A has file and descriptor persisted but manifest missing, after baseline advances to B 6ms
     × rejects stale-baseline during recovery when ambiguous write on missing manifest settles as partial, after baseline advances to B 4ms
     × rejects stale-baseline during recovery when conflict write on missing descriptor settles as partial, after baseline advances to B 4ms
     × rejects stored divergent manifest with extra recordCounts key as publication-collision without updating or deleting any objects 2ms

⎯⎯⎯⎯⎯⎯⎯ Failed Tests 5 ⎯⎯⎯⎯⎯⎯⎯

 FAIL  tests/importer/publication-resume-review.test.ts > publisher resumed and recovered baseline recheck under lock (Root confirmed F1) > rejects stale-baseline on retry when candidate A has file persisted but descriptor and manifest missing, after baseline advances to B
AssertionError: expected 'published' to be 'rejected' // Object.is equality

Expected: "rejected"
Received: "published"

 ❯ tests/importer/publication-resume-review.test.ts:84:27
     82|     // Retry candidate A: must recheck baseline under lock and reject …
     83|     const retryA = await publishRequest(store, candA);
     84|     expect(retryA.status).toBe('rejected');
       |                           ^
     85|     expect(retryA.reason).toBe('stale-baseline');
     86|

⎯⎯⎯⎯⎯⎯⎯⎯⎯⎯⎯⎯⎯⎯⎯⎯⎯⎯⎯⎯⎯⎯⎯⎯[1/5]⎯

 FAIL  tests/importer/publication-resume-review.test.ts > publisher resumed and recovered baseline recheck under lock (Root confirmed F1) > rejects stale-baseline on retry when candidate A has file and descriptor persisted but manifest missing, after baseline advances to B
AssertionError: expected 'published' to be 'rejected' // Object.is equality

Expected: "rejected"
Received: "published"

 ❯ tests/importer/publication-resume-review.test.ts:135:27
    133|     // Retry candidate A: must recheck baseline under lock and reject …
    134|     const retryA = await publishRequest(store, candA);
    135|     expect(retryA.status).toBe('rejected');
       |                           ^
    136|     expect(retryA.reason).toBe('stale-baseline');
    137|

⎯⎯⎯⎯⎯⎯⎯⎯⎯⎯⎯⎯⎯⎯⎯⎯⎯⎯⎯⎯⎯⎯⎯⎯[2/5]⎯

 FAIL  tests/importer/publication-resume-review.test.ts > publisher resumed and recovered baseline recheck under lock (Root confirmed F1) > rejects stale-baseline during recovery when ambiguous write on missing manifest settles as partial, after baseline advances to B
AssertionError: expected 'published' to be 'rejected' // Object.is equality

Expected: "rejected"
Received: "published"

 ❯ tests/importer/publication-resume-review.test.ts:180:27
    178|     const result = await publishRequest(store, candA);
    179|
    180|     expect(result.status).toBe('rejected');
       |                           ^
    181|     expect(result.reason).toBe('stale-baseline');
    182|     expect(store.manifests.size).toBe(1);

⎯⎯⎯⎯⎯⎯⎯⎯⎯⎯⎯⎯⎯⎯⎯⎯⎯⎯⎯⎯⎯⎯⎯⎯[3/5]⎯

 FAIL  tests/importer/publication-resume-review.test.ts > publisher resumed and recovered baseline recheck under lock (Root confirmed F1) > rejects stale-baseline during recovery when conflict write on missing descriptor settles as partial, after baseline advances to B
AssertionError: expected 'published' to be 'rejected' // Object.is equality

Expected: "rejected"
Received: "published"

 ❯ tests/importer/publication-resume-review.test.ts:221:27
    219|     const result = await publishRequest(store, candA);
    220|
    221|     expect(result.status).toBe('rejected');
       |                           ^
    222|     expect(result.reason).toBe('stale-baseline');
    223|     expect(store.manifests.size).toBe(1);

⎯⎯⎯⎯⎯⎯⎯⎯⎯⎯⎯⎯⎯⎯⎯⎯⎯⎯⎯⎯⎯⎯⎯⎯[4/5]⎯

 FAIL  tests/importer/publication-resume-review.test.ts > manifest record counts bidirectional equality (Root confirmed F11) > rejects stored divergent manifest with extra recordCounts key as publication-collision without updating or deleting any objects
AssertionError: expected 'already-published' to be 'rejected' // Object.is equality

Expected: "rejected"
Received: "already-published"

 ❯ tests/importer/publication-resume-review.test.ts:285:27
    283|     const result = await publishRequest(store, candA);
    284|
    285|     expect(result.status).toBe('rejected');
       |                           ^
    286|     expect(result.reason).toBe('publication-collision');
    287|     expect(result.issues).toContain('publication-manifest-conflict');

⎯⎯⎯⎯⎯⎯⎯⎯⎯⎯⎯⎯⎯⎯⎯⎯⎯⎯⎯⎯⎯⎯⎯⎯[5/5]⎯


 Test Files  1 failed (1)
      Tests  5 failed | 2 passed (7)
   Start at  11:15:59
   Duration  325ms (transform 98ms, setup 0ms, import 182ms, tests 42ms, environment 0ms)

