Command: npm run check
Source: d770cedd27f19d294b6339d175f4743fa09d5412 plus docs-only migration evidence
Reason for repeat: all six affected WebKit cases passed unchanged in the bounded follow-up; standard ports now free.
v24.21.0
11.19.0
v22.23.2

> intermed@0.0.0 check
> npm run format:check && npm run lint && npm run typecheck && npm run test && npm run check:boundaries && npm audit --audit-level=low && npm run build && npm run scan:dist && npm run test:browser


> intermed@0.0.0 format:check
> prettier --check .

Checking formatting...
All matched files use Prettier code style!

> intermed@0.0.0 lint
> eslint . --max-warnings 0


> intermed@0.0.0 typecheck
> tsc -p tsconfig.json && tsc -p packages/domain/tsconfig.json && tsc -p packages/importer/tsconfig.json


> intermed@0.0.0 test
> vitest run


 RUN  v4.1.11 <repo>


 Test Files  56 passed (56)
      Tests  921 passed (921)
   Start at  02:19:44
   Duration  97.18s (transform 25.62s, setup 0ms, import 72.00s, tests 149.23s, environment 25.77s)


> intermed@0.0.0 check:boundaries
> node scripts/check-boundaries.mjs

Architecture boundaries passed (93 source files; dependency-free domain; local-store confined to the composition root).
found 0 vulnerabilities

> intermed@0.0.0 build
> npm run build --workspace @intermed/web


> @intermed/web@0.0.0 build
> vite build

vite v8.3.2 building client environment for production...
transforming...
✓ 169 modules transformed.
rendering chunks...
computing gzip size...
dist/index.html                   1.58 kB │ gzip:   0.64 kB
dist/assets/index-DOYJIIIf.css    6.57 kB │ gzip:   1.83 kB
dist/assets/index-CJvC-D9w.js   546.13 kB │ gzip: 165.99 kB

[plugin builtin:vite-reporter] 
(!) Some chunks are larger than 500 kB after minification. Consider:
- Using dynamic import() to code-split the application
- Use build.rolldownOptions.output.codeSplitting to improve chunking: https://rolldown.rs/reference/OutputOptions.codeSplitting
- Adjust chunk size limit for this warning via build.chunkSizeWarningLimit.
✓ built in 699ms

> intermed@0.0.0 scan:dist
> node scripts/scan-dist-secrets.mjs

scan-dist-secrets: 9 file(s) scanned in <repo>\apps\web\dist, no credential-shaped strings.

> intermed@0.0.0 test:browser
> playwright test

[WebServer] (node:43616) Warning: The 'NO_COLOR' env is ignored due to the 'FORCE_COLOR' env being set.
[WebServer] (Use `node --trace-warnings ...` to show where the warning was created)
[WebServer] (node:41840) Warning: The 'NO_COLOR' env is ignored due to the 'FORCE_COLOR' env being set.
[WebServer] (Use `node --trace-warnings ...` to show where the warning was created)

Running 156 tests using 3 workers

(node:54088) Warning: The 'NO_COLOR' env is ignored due to the 'FORCE_COLOR' env being set.
(Use `node --trace-warnings ...` to show where the warning was created)
(node:56592) Warning: The 'NO_COLOR' env is ignored due to the 'FORCE_COLOR' env being set.
(Use `node --trace-warnings ...` to show where the warning was created)
(node:13052) Warning: The 'NO_COLOR' env is ignored due to the 'FORCE_COLOR' env being set.
(Use `node --trace-warnings ...` to show where the warning was created)
  ok   3 [chromium-desktop] › tests\browser\activation-failure.spec.ts:64:1 › bounds superseded waiting caches while retaining the active shell (2.3s)
  ok   2 [chromium-desktop] › tests\browser\activation-failure.spec.ts:6:1 › failed activation cancels reload consent and a later controller change remains user-controlled (3.1s)
  ok   4 [chromium-desktop] › tests\browser\eviction-recovery.spec.ts:4:1 › explicit caching retry recovers a transient registration failure (869ms)
  ok   6 [chromium-desktop] › tests\browser\eviction-recovery.spec.ts:71:1 › user-controlled same-build repair restores an evicted shell without clearing other storage (1.4s)
  ok   1 [chromium-desktop] › tests\browser\activation-failure.spec.ts:142:1 › retains the actual prior active shell across three releases without cache-order assumptions (4.7s)
  ok   8 [chromium-desktop] › tests\browser\local-store.spec.ts:42:1 › shows never-downloaded in default mode and downloads nothing (956ms)
  ok   5 [chromium-desktop] › tests\browser\eviction-recovery.spec.ts:34:1 › confirmed complete cache eviction permits a real replacement build (2.9s)
  ok   9 [chromium-desktop] › tests\browser\local-store.spec.ts:99:1 › reads a staged generation after a restart and while offline (1.8s)
  ok  10 [chromium-desktop] › tests\browser\local-store.spec.ts:153:1 › two tabs evaluating during an activation each see one coherent generation (2.3s)
  ok  12 [chromium-desktop] › tests\browser\local-store.spec.ts:289:1 › the production bundle contains no test-only harness code (50ms)
  ok   7 [chromium-desktop] › tests\browser\keyboard-update.spec.ts:47:1 › keyboard shell update waits, blocks other tabs, then reloads on request (4.8s)
  ok  11 [chromium-desktop] › tests\browser\local-store.spec.ts:245:1 › an old tab reports reload-required instead of losing data on an upgrade (1.9s)
  ok  15 [chromium-desktop] › tests\browser\pwa-lifecycle.spec.ts:23:1 › offline origin outage preserves launch, reload and deep links (2.2s)
  ok  13 [chromium-desktop] › tests\browser\medication-search.spec.ts:249:3 › medication search browser coverage › searches and opens a local candidate by keyboard after going offline (3.7s)
  ok  14 [chromium-desktop] › tests\browser\native-activation.spec.ts:6:1 › native activation after candidate eviction retains a usable prior offline shell (2.9s)
  ok  18 [chromium-desktop] › tests\browser\pwa-lifecycle.spec.ts:120:3 › reports unsuccessful initial caching: asset (851ms)
  ok  16 [chromium-desktop] › tests\browser\pwa-lifecycle.spec.ts:52:1 › keeps prohibited responses, query variants and outside origins out of caches (1.6s)
  ok  20 [chromium-desktop] › tests\browser\pwa-lifecycle.spec.ts:120:3 › reports unsuccessful initial caching: storage (750ms)
  ok  19 [chromium-desktop] › tests\browser\pwa-lifecycle.spec.ts:120:3 › reports unsuccessful initial caching: corrupt (893ms)
  ok  21 [chromium-desktop] › tests\browser\pwa-lifecycle.spec.ts:135:1 › reports evicted cached assets instead of claiming permanent readiness (1.0s)
  ok  23 [chromium-desktop] › tests\browser\pwa-lifecycle.spec.ts:280:3 › failed update retains the usable prior shell: asset (1.6s)
  ok  24 [chromium-desktop] › tests\browser\pwa-lifecycle.spec.ts:280:3 › failed update retains the usable prior shell: corrupt (1.2s)
  ok  22 [chromium-desktop] › tests\browser\pwa-lifecycle.spec.ts:155:1 › two real builds wait for user action, block multiple tabs and preserve synthetic storage (4.3s)
  ok  25 [chromium-desktop] › tests\browser\pwa-lifecycle.spec.ts:280:3 › failed update retains the usable prior shell: storage (1.3s)
  ok  26 [chromium-desktop] › tests\browser\pwa-lifecycle.spec.ts:280:3 › failed update retains the usable prior shell: worker (1.3s)
  ok  27 [chromium-desktop] › tests\browser\pwa.spec.ts:4:1 › restricts document resources without blocking the same-origin shell (1.2s)
  ok  29 [chromium-desktop] › tests\browser\pwa.spec.ts:118:1 › provides install identity, metadata and decodable normal/maskable icons (907ms)
  ok  28 [chromium-desktop] › tests\browser\pwa.spec.ts:81:1 › does not apply the production CSP to the Vite development server (1.8s)
  ok  31 [chromium-desktop] › tests\browser\pwa.spec.ts:236:1 › explains installation differences and browser storage limits (820ms)
  ok  32 [chromium-desktop] › tests\browser\pwa.spec.ts:249:1 › reports registration failure without claiming offline readiness (821ms)
  ok  30 [chromium-desktop] › tests\browser\pwa.spec.ts:190:1 › caches only the shell and launches/reloads existing deep links offline (2.1s)
  ok  33 [chromium-desktop] › tests\browser\pwa.spec.ts:266:1 › does not fabricate an app fallback for a brand-new offline visit (570ms)
  ok  35 [chromium-desktop] › tests\browser\recovery-update.spec.ts:71:1 › a usable waiting recovery update survives fallback probes and page reload until explicit activation (4.6s)
  ok  34 [chromium-desktop] › tests\browser\recovery-update.spec.ts:43:1 › rollback A to B to A then evicted C retains the actual last activated shell offline (6.0s)
  ok  37 [chromium-desktop] › tests\browser\review-regressions.spec.ts:65:3 › cached html corruption loses readiness and can be explicitly repaired (1.5s)
  ok  36 [chromium-desktop] › tests\browser\review-regressions.spec.ts:4:1 › a failed network update check preserves an already waiting usable release (3.1s)
  ok  38 [chromium-desktop] › tests\browser\review-regressions.spec.ts:65:3 › cached javascript corruption loses readiness and can be explicitly repaired (1.5s)
  ok  39 [chromium-desktop] › tests\browser\review-regressions.spec.ts:124:1 › damaged waiting JavaScript refuses activation and preserves the usable active shell (1.6s)
  ok  41 [chromium-desktop] › tests\browser\review-regressions.spec.ts:235:3 › cached javascript with a misleading MIME substring is not ready (1.3s)
  ok  40 [chromium-desktop] › tests\browser\review-regressions.spec.ts:178:1 › an evicted candidate cannot fall back to damaged prior HTML (2.9s)
  ok  42 [chromium-desktop] › tests\browser\review-regressions.spec.ts:235:3 › cached html with a misleading MIME substring is not ready (1.3s)
  ok  43 [chromium-desktop] › tests\browser\shell.spec.ts:3:1 › launches a nonclinical shell without external requests or input forms (768ms)
  ok  44 [chromium-desktop] › tests\browser\shell.spec.ts:22:1 › navigates and reloads a deep link (1.1s)
  ok  45 [chromium-desktop] › tests\browser\shell.spec.ts:38:1 › recovers from an unknown route (864ms)
  ok  46 [chromium-desktop] › tests\browser\shell.spec.ts:49:1 › supports keyboard skip navigation (797ms)
  ok  47 [chromium-desktop] › tests\browser\shell.spec.ts:62:1 › fits the viewport and records a synthetic shell screenshot (824ms)
  ok  48 [chromium-desktop] › tests\browser\slow-cache.spec.ts:5:3 › slow synthetic storage keeps status within the readiness deadline (1.7s)
  ok  49 [chromium-desktop] › tests\browser\slow-cache.spec.ts:5:3 › slow synthetic storage keeps javascript within the readiness deadline (1.7s)
  ok  51 [chromium-desktop] › tests\browser\storage-recovery.spec.ts:71:1 › active storage rejection permits an online network reload and reports offline unavailable (1.1s)
  ok  50 [chromium-desktop] › tests\browser\storage-recovery.spec.ts:33:1 › activation storage rejection reports failure and clears reload consent (1.3s)
  ok  52 [chromium-desktop] › tests\browser\storage-recovery.spec.ts:102:1 › a replacement cannot remove the prior shell when active storage status is unavailable (1.3s)
(node:27868) Warning: The 'NO_COLOR' env is ignored due to the 'FORCE_COLOR' env being set.
(Use `node --trace-warnings ...` to show where the warning was created)
(node:57436) Warning: The 'NO_COLOR' env is ignored due to the 'FORCE_COLOR' env being set.
(Use `node --trace-warnings ...` to show where the warning was created)
  ok  54 [webkit-phone] › tests\browser\activation-failure.spec.ts:64:1 › bounds superseded waiting caches while retaining the active shell (4.0s)
  ok  53 [webkit-phone] › tests\browser\activation-failure.spec.ts:6:1 › failed activation cancels reload consent and a later controller change remains user-controlled (5.0s)
  ok  56 [webkit-phone] › tests\browser\eviction-recovery.spec.ts:4:1 › explicit caching retry recovers a transient registration failure (2.0s)
  ok  55 [webkit-phone] › tests\browser\activation-failure.spec.ts:142:1 › retains the actual prior active shell across three releases without cache-order assumptions (5.0s)
  ok  57 [webkit-phone] › tests\browser\eviction-recovery.spec.ts:34:1 › confirmed complete cache eviction permits a real replacement build (3.0s)
  ok  58 [webkit-phone] › tests\browser\eviction-recovery.spec.ts:71:1 › user-controlled same-build repair restores an evicted shell without clearing other storage (2.8s)
  ok  60 [webkit-phone] › tests\browser\local-store.spec.ts:42:1 › shows never-downloaded in default mode and downloads nothing (1.8s)
  ok  61 [webkit-phone] › tests\browser\local-store.spec.ts:99:1 › reads a staged generation after a restart and while offline (6.7s)
  ok  59 [webkit-phone] › tests\browser\keyboard-update.spec.ts:47:1 › keyboard shell update waits, blocks other tabs, then reloads on request (17.7s)
  ok  62 [webkit-phone] › tests\browser\local-store.spec.ts:153:1 › two tabs evaluating during an activation each see one coherent generation (8.5s)
  ok  64 [webkit-phone] › tests\browser\local-store.spec.ts:289:1 › the production bundle contains no test-only harness code (190ms)
M7A_SEARCH_PERFORMANCE {"productCount":20000,"bundleBuildMilliseconds":6130,"localStoreStagingMilliseconds":27408.4,"totalFixtureMilliseconds":33538.4,"indexMilliseconds":3077,"indexedProductCount":20000,"warmupKeyToRenderMilliseconds":3430.4,"keyToRenderP95Milliseconds":{"oneCharacter":405.8,"twoCharacters":389,"fourCharacters":359.9},"coreSearchP95Milliseconds":{"oneCharacter":17.2,"twoCharacters":17.7,"fourCharacters":14.8}}
  ok  17 [chromium-desktop] › tests\browser\medication-search.spec.ts:423:3 › medication search browser coverage › measures local search on a 20,000-product fictional catalogue (1.1m)
(node:55276) Warning: The 'NO_COLOR' env is ignored due to the 'FORCE_COLOR' env being set.
(Use `node --trace-warnings ...` to show where the warning was created)
  ok  63 [webkit-phone] › tests\browser\local-store.spec.ts:245:1 › an old tab reports reload-required instead of losing data on an upgrade (6.9s)
  ok  67 [webkit-phone] › tests\browser\pwa-lifecycle.spec.ts:23:1 › offline origin outage preserves launch, reload and deep links (3.2s)
  ok  66 [webkit-phone] › tests\browser\native-activation.spec.ts:6:1 › native activation after candidate eviction retains a usable prior offline shell (4.4s)
  ok  69 [webkit-phone] › tests\browser\pwa-lifecycle.spec.ts:120:3 › reports unsuccessful initial caching: asset (1.1s)
  ok  65 [webkit-phone] › tests\browser\medication-search.spec.ts:249:3 › medication search browser coverage › searches and opens a local candidate by keyboard after going offline (11.0s)
  ok  70 [webkit-phone] › tests\browser\pwa-lifecycle.spec.ts:120:3 › reports unsuccessful initial caching: corrupt (1.2s)
  -   71 [webkit-phone] › tests\browser\medication-search.spec.ts:423:3 › medication search browser coverage › measures local search on a 20,000-product fictional catalogue
  ok  68 [webkit-phone] › tests\browser\pwa-lifecycle.spec.ts:52:1 › keeps prohibited responses, query variants and outside origins out of caches (3.3s)
  ok  72 [webkit-phone] › tests\browser\pwa-lifecycle.spec.ts:120:3 › reports unsuccessful initial caching: storage (1.1s)
  ok  73 [webkit-phone] › tests\browser\pwa-lifecycle.spec.ts:135:1 › reports evicted cached assets instead of claiming permanent readiness (1.8s)
  ok  75 [webkit-phone] › tests\browser\pwa-lifecycle.spec.ts:280:3 › failed update retains the usable prior shell: asset (2.5s)
  ok  76 [webkit-phone] › tests\browser\pwa-lifecycle.spec.ts:280:3 › failed update retains the usable prior shell: corrupt (2.6s)
  ok  77 [webkit-phone] › tests\browser\pwa-lifecycle.spec.ts:280:3 › failed update retains the usable prior shell: storage (2.6s)
  ok  78 [webkit-phone] › tests\browser\pwa-lifecycle.spec.ts:280:3 › failed update retains the usable prior shell: worker (2.4s)
  ok  74 [webkit-phone] › tests\browser\pwa-lifecycle.spec.ts:155:1 › two real builds wait for user action, block multiple tabs and preserve synthetic storage (7.6s)
  ok  79 [webkit-phone] › tests\browser\pwa.spec.ts:4:1 › restricts document resources without blocking the same-origin shell (2.2s)
  ok  80 [webkit-phone] › tests\browser\pwa.spec.ts:81:1 › does not apply the production CSP to the Vite development server (2.6s)
  ok  81 [webkit-phone] › tests\browser\pwa.spec.ts:118:1 › provides install identity, metadata and decodable normal/maskable icons (2.2s)
  ok  83 [webkit-phone] › tests\browser\pwa.spec.ts:236:1 › explains installation differences and browser storage limits (1.4s)
  ok  84 [webkit-phone] › tests\browser\pwa.spec.ts:249:1 › reports registration failure without claiming offline readiness (1.4s)
  ok  85 [webkit-phone] › tests\browser\pwa.spec.ts:266:1 › does not fabricate an app fallback for a brand-new offline visit (962ms)
  ok  82 [webkit-phone] › tests\browser\pwa.spec.ts:190:1 › caches only the shell and launches/reloads existing deep links offline (4.4s)
  ok  88 [webkit-phone] › tests\browser\review-regressions.spec.ts:4:1 › a failed network update check preserves an already waiting usable release (3.3s)
  ok  87 [webkit-phone] › tests\browser\recovery-update.spec.ts:71:1 › a usable waiting recovery update survives fallback probes and page reload until explicit activation (7.0s)
  ok  86 [webkit-phone] › tests\browser\recovery-update.spec.ts:43:1 › rollback A to B to A then evicted C retains the actual last activated shell offline (7.6s)
  ok  89 [webkit-phone] › tests\browser\review-regressions.spec.ts:65:3 › cached html corruption loses readiness and can be explicitly repaired (3.9s)
  ok  90 [webkit-phone] › tests\browser\review-regressions.spec.ts:65:3 › cached javascript corruption loses readiness and can be explicitly repaired (3.5s)
  ok  91 [webkit-phone] › tests\browser\review-regressions.spec.ts:124:1 › damaged waiting JavaScript refuses activation and preserves the usable active shell (3.4s)
  ok  92 [webkit-phone] › tests\browser\review-regressions.spec.ts:178:1 › an evicted candidate cannot fall back to damaged prior HTML (4.7s)
  ok  93 [webkit-phone] › tests\browser\review-regressions.spec.ts:235:3 › cached javascript with a misleading MIME substring is not ready (3.0s)
  ok  94 [webkit-phone] › tests\browser\review-regressions.spec.ts:235:3 › cached html with a misleading MIME substring is not ready (3.6s)
  ok  95 [webkit-phone] › tests\browser\shell.spec.ts:3:1 › launches a nonclinical shell without external requests or input forms (2.2s)
  ok  96 [webkit-phone] › tests\browser\shell.spec.ts:22:1 › navigates and reloads a deep link (2.7s)
  ok  97 [webkit-phone] › tests\browser\shell.spec.ts:38:1 › recovers from an unknown route (1.9s)
  ok  98 [webkit-phone] › tests\browser\shell.spec.ts:49:1 › supports keyboard skip navigation (1.8s)
  ok  99 [webkit-phone] › tests\browser\shell.spec.ts:62:1 › fits the viewport and records a synthetic shell screenshot (2.3s)
  ok 100 [webkit-phone] › tests\browser\slow-cache.spec.ts:5:3 › slow synthetic storage keeps status within the readiness deadline (3.1s)
  ok 101 [webkit-phone] › tests\browser\slow-cache.spec.ts:5:3 › slow synthetic storage keeps javascript within the readiness deadline (3.0s)
  ok 102 [webkit-phone] › tests\browser\storage-recovery.spec.ts:33:1 › activation storage rejection reports failure and clears reload consent (3.5s)
  ok 104 [webkit-phone] › tests\browser\storage-recovery.spec.ts:71:1 › active storage rejection permits an online network reload and reports offline unavailable (2.8s)
  ok 103 [webkit-phone] › tests\browser\storage-recovery.spec.ts:102:1 › a replacement cannot remove the prior shell when active storage status is unavailable (3.7s)
(node:42156) Warning: The 'NO_COLOR' env is ignored due to the 'FORCE_COLOR' env being set.
(Use `node --trace-warnings ...` to show where the warning was created)
(node:53128) Warning: The 'NO_COLOR' env is ignored due to the 'FORCE_COLOR' env being set.
(Use `node --trace-warnings ...` to show where the warning was created)
(node:22072) Warning: The 'NO_COLOR' env is ignored due to the 'FORCE_COLOR' env being set.
(Use `node --trace-warnings ...` to show where the warning was created)
  ok 106 [webkit-tablet] › tests\browser\activation-failure.spec.ts:64:1 › bounds superseded waiting caches while retaining the active shell (5.6s)
  ok 105 [webkit-tablet] › tests\browser\activation-failure.spec.ts:6:1 › failed activation cancels reload consent and a later controller change remains user-controlled (6.8s)
  ok 108 [webkit-tablet] › tests\browser\eviction-recovery.spec.ts:4:1 › explicit caching retry recovers a transient registration failure (3.2s)
  ok 107 [webkit-tablet] › tests\browser\activation-failure.spec.ts:142:1 › retains the actual prior active shell across three releases without cache-order assumptions (8.6s)
  ok 109 [webkit-tablet] › tests\browser\eviction-recovery.spec.ts:34:1 › confirmed complete cache eviction permits a real replacement build (5.2s)
  ok 110 [webkit-tablet] › tests\browser\eviction-recovery.spec.ts:71:1 › user-controlled same-build repair restores an evicted shell without clearing other storage (3.6s)
  ok 112 [webkit-tablet] › tests\browser\local-store.spec.ts:42:1 › shows never-downloaded in default mode and downloads nothing (1.6s)
  ok 113 [webkit-tablet] › tests\browser\local-store.spec.ts:99:1 › reads a staged generation after a restart and while offline (5.1s)
  ok 115 [webkit-tablet] › tests\browser\local-store.spec.ts:245:1 › an old tab reports reload-required instead of losing data on an upgrade (6.0s)
  ok 114 [webkit-tablet] › tests\browser\local-store.spec.ts:153:1 › two tabs evaluating during an activation each see one coherent generation (10.0s)
  ok 116 [webkit-tablet] › tests\browser\local-store.spec.ts:289:1 › the production bundle contains no test-only harness code (45ms)
  ok 118 [webkit-tablet] › tests\browser\native-activation.spec.ts:6:1 › native activation after candidate eviction retains a usable prior offline shell (4.2s)
  ok 119 [webkit-tablet] › tests\browser\pwa-lifecycle.spec.ts:23:1 › offline origin outage preserves launch, reload and deep links (6.2s)
  ok 117 [webkit-tablet] › tests\browser\medication-search.spec.ts:249:3 › medication search browser coverage › searches and opens a local candidate by keyboard after going offline (11.8s)
  -  121 [webkit-tablet] › tests\browser\medication-search.spec.ts:423:3 › medication search browser coverage › measures local search on a 20,000-product fictional catalogue
  ok 122 [webkit-tablet] › tests\browser\pwa-lifecycle.spec.ts:120:3 › reports unsuccessful initial caching: asset (1.4s)
  ok 123 [webkit-tablet] › tests\browser\pwa-lifecycle.spec.ts:120:3 › reports unsuccessful initial caching: corrupt (1.6s)
  ok 120 [webkit-tablet] › tests\browser\pwa-lifecycle.spec.ts:52:1 › keeps prohibited responses, query variants and outside origins out of caches (4.9s)
  ok 124 [webkit-tablet] › tests\browser\pwa-lifecycle.spec.ts:120:3 › reports unsuccessful initial caching: storage (1.5s)
  ok 125 [webkit-tablet] › tests\browser\pwa-lifecycle.spec.ts:135:1 › reports evicted cached assets instead of claiming permanent readiness (2.7s)
  ok 111 [webkit-tablet] › tests\browser\keyboard-update.spec.ts:47:1 › keyboard shell update waits, blocks other tabs, then reloads on request (34.5s)
  ok 127 [webkit-tablet] › tests\browser\pwa-lifecycle.spec.ts:280:3 › failed update retains the usable prior shell: asset (5.2s)
  ok 128 [webkit-tablet] › tests\browser\pwa-lifecycle.spec.ts:280:3 › failed update retains the usable prior shell: corrupt (4.9s)
  ok 129 [webkit-tablet] › tests\browser\pwa-lifecycle.spec.ts:280:3 › failed update retains the usable prior shell: storage (4.5s)
  ok 130 [webkit-tablet] › tests\browser\pwa-lifecycle.spec.ts:280:3 › failed update retains the usable prior shell: worker (3.9s)
  ok 131 [webkit-tablet] › tests\browser\pwa.spec.ts:4:1 › restricts document resources without blocking the same-origin shell (3.4s)
  ok 132 [webkit-tablet] › tests\browser\pwa.spec.ts:81:1 › does not apply the production CSP to the Vite development server (3.0s)
  ok 133 [webkit-tablet] › tests\browser\pwa.spec.ts:118:1 › provides install identity, metadata and decodable normal/maskable icons (2.8s)
  ok 126 [webkit-tablet] › tests\browser\pwa-lifecycle.spec.ts:155:1 › two real builds wait for user action, block multiple tabs and preserve synthetic storage (18.6s)
  ok 135 [webkit-tablet] › tests\browser\pwa.spec.ts:236:1 › explains installation differences and browser storage limits (2.1s)
  ok 136 [webkit-tablet] › tests\browser\pwa.spec.ts:249:1 › reports registration failure without claiming offline readiness (1.7s)
  ok 137 [webkit-tablet] › tests\browser\pwa.spec.ts:266:1 › does not fabricate an app fallback for a brand-new offline visit (1.1s)
  ok 134 [webkit-tablet] › tests\browser\pwa.spec.ts:190:1 › caches only the shell and launches/reloads existing deep links offline (5.8s)
  ok 140 [webkit-tablet] › tests\browser\review-regressions.spec.ts:4:1 › a failed network update check preserves an already waiting usable release (4.9s)
  ok 138 [webkit-tablet] › tests\browser\recovery-update.spec.ts:43:1 › rollback A to B to A then evicted C retains the actual last activated shell offline (8.7s)
  ok 139 [webkit-tablet] › tests\browser\recovery-update.spec.ts:71:1 › a usable waiting recovery update survives fallback probes and page reload until explicit activation (8.6s)
  ok 141 [webkit-tablet] › tests\browser\review-regressions.spec.ts:65:3 › cached html corruption loses readiness and can be explicitly repaired (4.2s)
  ok 142 [webkit-tablet] › tests\browser\review-regressions.spec.ts:65:3 › cached javascript corruption loses readiness and can be explicitly repaired (3.3s)
  ok 143 [webkit-tablet] › tests\browser\review-regressions.spec.ts:124:1 › damaged waiting JavaScript refuses activation and preserves the usable active shell (3.7s)
  ok 144 [webkit-tablet] › tests\browser\review-regressions.spec.ts:178:1 › an evicted candidate cannot fall back to damaged prior HTML (4.9s)
  ok 145 [webkit-tablet] › tests\browser\review-regressions.spec.ts:235:3 › cached javascript with a misleading MIME substring is not ready (3.1s)
  ok 146 [webkit-tablet] › tests\browser\review-regressions.spec.ts:235:3 › cached html with a misleading MIME substring is not ready (3.3s)
  ok 147 [webkit-tablet] › tests\browser\shell.spec.ts:3:1 › launches a nonclinical shell without external requests or input forms (1.5s)
  ok 149 [webkit-tablet] › tests\browser\shell.spec.ts:38:1 › recovers from an unknown route (2.2s)
  ok 148 [webkit-tablet] › tests\browser\shell.spec.ts:22:1 › navigates and reloads a deep link (3.1s)
  ok 150 [webkit-tablet] › tests\browser\shell.spec.ts:49:1 › supports keyboard skip navigation (1.9s)
  ok 151 [webkit-tablet] › tests\browser\shell.spec.ts:62:1 › fits the viewport and records a synthetic shell screenshot (1.9s)
  ok 152 [webkit-tablet] › tests\browser\slow-cache.spec.ts:5:3 › slow synthetic storage keeps status within the readiness deadline (2.6s)
  ok 153 [webkit-tablet] › tests\browser\slow-cache.spec.ts:5:3 › slow synthetic storage keeps javascript within the readiness deadline (2.9s)
  ok 154 [webkit-tablet] › tests\browser\storage-recovery.spec.ts:33:1 › activation storage rejection reports failure and clears reload consent (3.3s)
  ok 155 [webkit-tablet] › tests\browser\storage-recovery.spec.ts:71:1 › active storage rejection permits an online network reload and reports offline unavailable (2.5s)
  ok 156 [webkit-tablet] › tests\browser\storage-recovery.spec.ts:102:1 › a replacement cannot remove the prior shell when active storage status is unavailable (2.9s)

  2 skipped
  154 passed (3.7m)
CHECK_EXIT=0
