$ npm.cmd run build

> intermed@0.0.0 build
> npm run build --workspace @intermed/web


> @intermed/web@0.0.0 build
> vite build

vite v8.3.2 building client environment for production...
transforming...
✓ 155 modules transformed.
rendering chunks...
computing gzip size...
dist/index.html                   1.58 kB │ gzip:   0.64 kB
dist/assets/index-kdzZSpSC.css    2.80 kB │ gzip:   1.08 kB
dist/assets/index-UuqhPdAK.js   503.11 kB │ gzip: 155.51 kB

✓ built in 230ms
[plugin builtin:vite-reporter]
(!) Some chunks are larger than 500 kB after minification. Consider:
- Using dynamic import() to code-split the application
- Use build.rolldownOptions.output.codeSplitting to improve chunking: https://rolldown.rs/reference/OutputOptions.codeSplitting
- Adjust chunk size limit for this warning via build.chunkSizeWarningLimit.

exit code: 0
