## G2 - collection under the writer lease, pins honoured at delete time, pin refreshes retention (GREEN)

$ npx vitest run packages/local-store/src/readers.test.ts

 RUN  v4.1.11 D:/Proiecte AI/InterMED-wt/m6

(node:53056) PromiseRejectionHandledWarning: Promise rejection was handled asynchronously (rejection id: 2)
(Use `node --trace-warnings ...` to show where the warning was created)
 ❯ packages/local-store/src/readers.test.ts (10 tests | 2 failed) 306ms
   × refuses collection while another tab is staging instead of deleting under it 14ms
   × honours a pin taken while collection is running 94ms

⎯⎯⎯⎯⎯⎯⎯ Failed Tests 2 ⎯⎯⎯⎯⎯⎯⎯

 FAIL  packages/local-store/src/readers.test.ts > refuses collection while another tab is staging instead of deleting under it
AssertionError: expected [ Array(1) ] to deeply equal []

- Expected
+ Received

- []
+ [
+   "dvsource.syntheticsynthetic-alpha",
+ ]

 ❯ packages/local-store/src/readers.test.ts:169:33
    167|   // The staging run is long enough to look abandoned to a stale snaps…
    168|   clock.tick(STALE_STAGING_MS + 1_000);
    169|   expect(await other.collect()).toEqual([]);
       |                                 ^
    170|
    171|   release();

⎯⎯⎯⎯⎯⎯⎯⎯⎯⎯⎯⎯⎯⎯⎯⎯⎯⎯⎯⎯⎯⎯⎯⎯[1/2]⎯

 FAIL  packages/local-store/src/readers.test.ts > honours a pin taken while collection is running
NotFoundError: The operation failed because the requested database object could not be found. For example, an object store did not exist but was being opened.
 NotFoundError: The operation failed because the requested database object could not be found. For example, an object store did not exist but was being opened.
 ❯ new NotFoundError ../../../Proiecte%20AI/InterMED-wt/m6/node_modules/fake-indexeddb/build/esm/lib/errors.js:59:5
 ❯ FDBTransaction.objectStore ../../../Proiecte%20AI/InterMED-wt/m6/node_modules/fake-indexeddb/build/esm/FDBTransaction.js:135:13
 ❯ node_modules/dexie/src/dbcore/dbcore-indexeddb.ts:448:50
 ❯ executePromiseTask node_modules/dexie/src/helpers/promise.js:405:4
 ❯ new DexiePromise node_modules/dexie/src/helpers/promise.js:138:2
 ❯ Object.get node_modules/dexie/src/dbcore/dbcore-indexeddb.ts:446:15
 ❯ Object.tableClone.<computed> [as get] node_modules/dexie/src/live-query/observability-middleware.ts:346:35
 ❯ node_modules/dexie/src/classes/table/table.ts:138:9
 ❯ checkTableInTransaction node_modules/dexie/src/classes/table/table.ts:77:13

⎯⎯⎯⎯⎯⎯⎯⎯⎯⎯⎯⎯⎯⎯⎯⎯⎯⎯⎯⎯⎯⎯⎯⎯[2/2]⎯

⎯⎯⎯⎯⎯⎯ Unhandled Errors ⎯⎯⎯⎯⎯⎯

Vitest caught 1 unhandled error during the test run.
This might cause false positive tests. Resolve unhandled errors to make sure your tests are not affected.

⎯⎯⎯⎯ Unhandled Rejection ⎯⎯⎯⎯⎯
NotFoundError: The operation failed because the requested database object could not be found. For example, an object store did not exist but was being opened.
 NotFoundError: The operation failed because the requested database object could not be found. For example, an object store did not exist but was being opened.
 ❯ new DOMException node:internal/per_context/domexception:76:18
 ❯ new NotFoundError ../../../Proiecte%20AI/InterMED-wt/m6/node_modules/fake-indexeddb/build/esm/lib/errors.js:59:5
 ❯ FDBTransaction.objectStore ../../../Proiecte%20AI/InterMED-wt/m6/node_modules/fake-indexeddb/build/esm/FDBTransaction.js:135:13
 ❯ node_modules/dexie/dist/dexie.js:3625:41
 ❯ executePromiseTask node_modules/dexie/dist/dexie.js:835:11
 ❯ new DexiePromise node_modules/dexie/dist/dexie.js:644:7
 ❯ Object.get node_modules/dexie/dist/dexie.js:3623:26
 ❯ Object.tableClone.<computed> [as get] node_modules/dexie/dist/dexie.js:5352:48
 ❯ node_modules/dexie/dist/dexie.js:1485:20
 ❯ checkTableInTransaction node_modules/dexie/dist/dexie.js:1452:22

⎯⎯⎯⎯⎯⎯⎯⎯⎯⎯⎯⎯⎯⎯⎯⎯⎯⎯⎯⎯⎯⎯⎯⎯⎯⎯⎯⎯⎯⎯
Serialized Error: { inner: { stack: 'NotFoundError: The operation failed because the requested database object could not be found. For example, an object store did not exist but was being opened.\n    at new DOMException (node:internal/per_context/domexception:76:18)\n    at new NotFoundError (file:///D:/Proiecte%20AI/InterMED-wt/m6/node_modules/fake-indexeddb/build/esm/lib/errors.js:59:5)\n    at FDBTransaction.objectStore (file:///D:/Proiecte%20AI/InterMED-wt/m6/node_modules/fake-indexeddb/build/esm/FDBTransaction.js:135:13)\n    at D:\Proiecte AI\InterMED-wt\m6\node_modules\dexie\dist\dexie.js:3625:41\n    at executePromiseTask (D:\Proiecte AI\InterMED-wt\m6\node_modules\dexie\dist\dexie.js:835:11)\n    at new DexiePromise (D:\Proiecte AI\InterMED-wt\m6\node_modules\dexie\dist\dexie.js:644:7)\n    at Object.get (D:\Proiecte AI\InterMED-wt\m6\node_modules\dexie\dist\dexie.js:3623:26)\n    at Object.tableClone.<computed> [as get] (D:\Proiecte AI\InterMED-wt\m6\node_modules\dexie\dist\dexie.js:5352:48)\n    at D:\Proiecte AI\InterMED-wt\m6\node_modules\dexie\dist\dexie.js:1485:20\n    at checkTableInTransaction (D:\Proiecte AI\InterMED-wt\m6\node_modules\dexie\dist\dexie.js:1452:22)', constructor: 'Function<NotFoundError>', name: 'NotFoundError', message: 'The operation failed because the requested database object could not be found. For example, an object store did not exist but was being opened.', code: 8, INDEX_SIZE_ERR: 1, DOMSTRING_SIZE_ERR: 2, HIERARCHY_REQUEST_ERR: 3, WRONG_DOCUMENT_ERR: 4, INVALID_CHARACTER_ERR: 5, NO_DATA_ALLOWED_ERR: 6, NO_MODIFICATION_ALLOWED_ERR: 7, NOT_FOUND_ERR: 8, NOT_SUPPORTED_ERR: 9, INUSE_ATTRIBUTE_ERR: 10, INVALID_STATE_ERR: 11, SYNTAX_ERR: 12, INVALID_MODIFICATION_ERR: 13, NAMESPACE_ERR: 14, INVALID_ACCESS_ERR: 15, VALIDATION_ERR: 16, TYPE_MISMATCH_ERR: 17, SECURITY_ERR: 18, NETWORK_ERR: 19, ABORT_ERR: 20, URL_MISMATCH_ERR: 21, QUOTA_EXCEEDED_ERR: 22, TIMEOUT_ERR: 23, INVALID_NODE_TYPE_ERR: 24, DATA_CLONE_ERR: 25, toString: 'Function<toString>' } }
This error originated in "packages/local-store/src/readers.test.ts" test file. It doesn't mean the error was thrown inside the file itself, but while it was running.
The latest test that might've caused the error is "honours a pin taken while collection is running". It might mean one of the following:
- The error was thrown, while Vitest was running this test.
- If the error occurred after the test had been completed, this was the last documented test before it was thrown.
⎯⎯⎯⎯⎯⎯⎯⎯⎯⎯⎯⎯⎯⎯⎯⎯⎯⎯⎯⎯⎯⎯⎯⎯⎯⎯⎯⎯⎯⎯


 Test Files  1 failed (1)
      Tests  2 failed | 8 passed (10)
     Errors  1 error
   Start at  17:02:53
   Duration  649ms (transform 92ms, setup 0ms, import 149ms, tests 306ms, environment 0ms)

[exit code: 1]

---

## G2 - collection under the writer lease, pins honoured at delete time, pin refreshes retention (GREEN)

$ npx vitest run packages/local-store/src/readers.test.ts

 RUN  v4.1.11 D:/Proiecte AI/InterMED-wt/m6

 ❯ packages/local-store/src/readers.test.ts (10 tests | 1 failed) 270ms
   × refuses collection while another tab is staging instead of deleting under it 2ms

⎯⎯⎯⎯⎯⎯⎯ Failed Tests 1 ⎯⎯⎯⎯⎯⎯⎯

 FAIL  packages/local-store/src/readers.test.ts > refuses collection while another tab is staging instead of deleting under it
ReferenceError: testMarkerLock is not defined
 ❯ packages/local-store/src/readers.test.ts:158:7
    156|     // so the writer keeps a lease that outlives it.
    157|     lock: (
    158|       await testMarkerLock(name, clock.now, { ttlMs: 4 * 60 * 60 * 100…
       |       ^
    159|     ).lock,
    160|     onStaged: async ({ store }) => {

⎯⎯⎯⎯⎯⎯⎯⎯⎯⎯⎯⎯⎯⎯⎯⎯⎯⎯⎯⎯⎯⎯⎯⎯[1/1]⎯


 Test Files  1 failed (1)
      Tests  1 failed | 9 passed (10)
   Start at  17:32:03
   Duration  507ms (transform 83ms, setup 0ms, import 137ms, tests 270ms, environment 0ms)

[exit code: 1]

---

## G2 - collection under the writer lease, pins honoured at delete time, pin refreshes retention (GREEN)

$ npx vitest run packages/local-store/src/readers.test.ts

 RUN  v4.1.11 D:/Proiecte AI/InterMED-wt/m6


 Test Files  1 passed (1)
      Tests  10 passed (10)
   Start at  17:32:14
   Duration  528ms (transform 83ms, setup 0ms, import 137ms, tests 277ms, environment 0ms)

[exit code: 0]

