
 RUN  v4.1.11 D:/Proiecte AI/InterMED-wt/m6

 Γ¥» packages/local-store/src/readers.test.ts (6 tests | 6 failed) 44ms
   ├ù pins one generation per reader and switches only at the next reader 15ms
   ├ù rolls back to the retained previous generation 6ms
   ├ù collects expired generations but never active, previous or pinned ones 6ms
   ├ù retains ready generations inside the conservative cross-tab window 6ms
   ├ù collects abandoned staged generations only after the grace period 4ms
   ├ù looks up names, DCI, links and ATC codes inside the pinned generation only 3ms
node.exe :
At line:1 char:1
+ & "D:\Proiecte AI\InterMED\.tools\node-v24.21.0-win-x64/node.exe" "D: ...
+ ~~~~~~~~~~~~~~~~~~~~~~~~~~~~~~~~~~~~~~~~~~~~~~~~~~~~~~~~~~~~~~~~~~~~~
    + CategoryInfo          : NotSpecified: (:String) [], RemoteException
    + FullyQualifiedErrorId : NativeCommandError

ΓÄ»ΓÄ»ΓÄ»ΓÄ»ΓÄ»ΓÄ»ΓÄ» Failed Tests 6 ΓÄ»ΓÄ»ΓÄ»ΓÄ»ΓÄ»ΓÄ»ΓÄ»

 FAIL  packages/local-store/src/readers.test.ts > pins one generation per reader and switches only at the next reader
Error: not implemented
 Γ¥» Object.unavailable packages/local-store/src/store.ts:38:9
     36| const state: DatasetUpdateState = { status: 'opening' };
     37| const unavailable = async (): Promise<never> => {
     38|   throw new Error('not implemented');
       |         ^
     39| };
     40|
 Γ¥» packages/local-store/src/readers.test.ts:10:23

ΓÄ»ΓÄ»ΓÄ»ΓÄ»ΓÄ»ΓÄ»ΓÄ»ΓÄ»ΓÄ»ΓÄ»ΓÄ»ΓÄ»ΓÄ»ΓÄ»ΓÄ»ΓÄ»ΓÄ»ΓÄ»ΓÄ»ΓÄ»ΓÄ»ΓÄ»ΓÄ»ΓÄ»[1/6]ΓÄ»

 FAIL  packages/local-store/src/readers.test.ts > rolls back to the retained previous generation
Error: not implemented
 Γ¥» Object.unavailable packages/local-store/src/store.ts:38:9
     36| const state: DatasetUpdateState = { status: 'opening' };
     37| const unavailable = async (): Promise<never> => {
     38|   throw new Error('not implemented');
       |         ^
     39| };
     40|
 Γ¥» packages/local-store/src/readers.test.ts:33:23

ΓÄ»ΓÄ»ΓÄ»ΓÄ»ΓÄ»ΓÄ»ΓÄ»ΓÄ»ΓÄ»ΓÄ»ΓÄ»ΓÄ»ΓÄ»ΓÄ»ΓÄ»ΓÄ»ΓÄ»ΓÄ»ΓÄ»ΓÄ»ΓÄ»ΓÄ»ΓÄ»ΓÄ»[2/6]ΓÄ»

 FAIL  packages/local-store/src/readers.test.ts > collects expired generations but never active, previous or pinned
ones
Error: not implemented
 Γ¥» Object.unavailable packages/local-store/src/store.ts:38:9
     36| const state: DatasetUpdateState = { status: 'opening' };
     37| const unavailable = async (): Promise<never> => {
     38|   throw new Error('not implemented');
       |         ^
     39| };
     40|
 Γ¥» packages/local-store/src/readers.test.ts:61:23

ΓÄ»ΓÄ»ΓÄ»ΓÄ»ΓÄ»ΓÄ»ΓÄ»ΓÄ»ΓÄ»ΓÄ»ΓÄ»ΓÄ»ΓÄ»ΓÄ»ΓÄ»ΓÄ»ΓÄ»ΓÄ»ΓÄ»ΓÄ»ΓÄ»ΓÄ»ΓÄ»ΓÄ»[3/6]ΓÄ»

 FAIL  packages/local-store/src/readers.test.ts > retains ready generations inside the conservative cross-tab window
Error: not implemented
 Γ¥» Object.unavailable packages/local-store/src/store.ts:38:9
     36| const state: DatasetUpdateState = { status: 'opening' };
     37| const unavailable = async (): Promise<never> => {
     38|   throw new Error('not implemented');
       |         ^
     39| };
     40|
 Γ¥» packages/local-store/src/readers.test.ts:86:23

ΓÄ»ΓÄ»ΓÄ»ΓÄ»ΓÄ»ΓÄ»ΓÄ»ΓÄ»ΓÄ»ΓÄ»ΓÄ»ΓÄ»ΓÄ»ΓÄ»ΓÄ»ΓÄ»ΓÄ»ΓÄ»ΓÄ»ΓÄ»ΓÄ»ΓÄ»ΓÄ»ΓÄ»[4/6]ΓÄ»

 FAIL  packages/local-store/src/readers.test.ts > collects abandoned staged generations only after the grace period
Error: not implemented
 Γ¥» Object.unavailable packages/local-store/src/store.ts:38:9
     36| const state: DatasetUpdateState = { status: 'opening' };
     37| const unavailable = async (): Promise<never> => {
     38|   throw new Error('not implemented');
       |         ^
     39| };
     40|
 Γ¥» packages/local-store/src/readers.test.ts:101:23

ΓÄ»ΓÄ»ΓÄ»ΓÄ»ΓÄ»ΓÄ»ΓÄ»ΓÄ»ΓÄ»ΓÄ»ΓÄ»ΓÄ»ΓÄ»ΓÄ»ΓÄ»ΓÄ»ΓÄ»ΓÄ»ΓÄ»ΓÄ»ΓÄ»ΓÄ»ΓÄ»ΓÄ»[5/6]ΓÄ»

 FAIL  packages/local-store/src/readers.test.ts > looks up names, DCI, links and ATC codes inside the pinned
generation only
Error: not implemented
 Γ¥» Object.unavailable packages/local-store/src/store.ts:38:9
     36| const state: DatasetUpdateState = { status: 'opening' };
     37| const unavailable = async (): Promise<never> => {
     38|   throw new Error('not implemented');
       |         ^
     39| };
     40|
 Γ¥» packages/local-store/src/readers.test.ts:129:23

ΓÄ»ΓÄ»ΓÄ»ΓÄ»ΓÄ»ΓÄ»ΓÄ»ΓÄ»ΓÄ»ΓÄ»ΓÄ»ΓÄ»ΓÄ»ΓÄ»ΓÄ»ΓÄ»ΓÄ»ΓÄ»ΓÄ»ΓÄ»ΓÄ»ΓÄ»ΓÄ»ΓÄ»[6/6]ΓÄ»


 Test Files  1 failed (1)
      Tests  6 failed (6)
   Start at  13:18:36
   Duration  581ms (transform 143ms, setup 0ms, import 268ms, tests 44ms, environment 0ms)
