 RUN  v4.1.11 <worktree>

 Γ¥» packages/local-store/src/multitab.test.ts (3 tests | 2 failed) 5019ms
   ├ù refuses a concurrent update instead of racing another writer 5011ms
   ├ù lets other tabs switch at a safe boundary while pinned readers continue 3ms
node.exe :
At line:1 char:1
+ & "<repo>\.tools\node-v24.21.0-win-x64/node.exe" "D: ...
+ ~~~~~~~~~~~~~~~~~~~~~~~~~~~~~~~~~~~~~~~~~~~~~~~~~~~~~~~~~~~~~~~~~~~~~
    + CategoryInfo          : NotSpecified: (:String) [], RemoteException
    + FullyQualifiedErrorId : NativeCommandError

ΓÄ»ΓÄ»ΓÄ»ΓÄ»ΓÄ»ΓÄ»ΓÄ» Failed Tests 2 ΓÄ»ΓÄ»ΓÄ»ΓÄ»ΓÄ»ΓÄ»ΓÄ»

 FAIL  packages/local-store/src/multitab.test.ts > refuses a concurrent update instead of racing another writer
Error: Test timed out in 5000ms.
If this is a long-running test, pass a timeout value as the last argument or configure it globally with "testTimeout".
 Γ¥» packages/local-store/src/multitab.test.ts:7:1
      5| import { bundle, sharedBus, testStore, uniqueName } from './test-suppoΓÇª
      6|
      7| it('refuses a concurrent update instead of racing another writer', asyΓÇª
       | ^
      8|   const name = uniqueName();
      9|   let reached: () => void = () => {};

ΓÄ»ΓÄ»ΓÄ»ΓÄ»ΓÄ»ΓÄ»ΓÄ»ΓÄ»ΓÄ»ΓÄ»ΓÄ»ΓÄ»ΓÄ»ΓÄ»ΓÄ»ΓÄ»ΓÄ»ΓÄ»ΓÄ»ΓÄ»ΓÄ»ΓÄ»ΓÄ»ΓÄ»[1/2]ΓÄ»

 FAIL  packages/local-store/src/multitab.test.ts > lets other tabs switch at a safe boundary while pinned readers
continue
Error: not implemented
 Γ¥» Object.unavailable packages/local-store/src/store.ts:38:9
     36| const state: DatasetUpdateState = { status: 'opening' };
     37| const unavailable = async (): Promise<never> => {
     38|   throw new Error('not implemented');
       |         ^
     39| };
     40|
 Γ¥» packages/local-store/src/multitab.test.ts:94:22

ΓÄ»ΓÄ»ΓÄ»ΓÄ»ΓÄ»ΓÄ»ΓÄ»ΓÄ»ΓÄ»ΓÄ»ΓÄ»ΓÄ»ΓÄ»ΓÄ»ΓÄ»ΓÄ»ΓÄ»ΓÄ»ΓÄ»ΓÄ»ΓÄ»ΓÄ»ΓÄ»ΓÄ»[2/2]ΓÄ»

ΓÄ»ΓÄ»ΓÄ»ΓÄ»ΓÄ»ΓÄ» Unhandled Errors ΓÄ»ΓÄ»ΓÄ»ΓÄ»ΓÄ»ΓÄ»

Vitest caught 1 unhandled error during the test run.
This might cause false positive tests. Resolve unhandled errors to make sure your tests are not affected.

ΓÄ»ΓÄ»ΓÄ»ΓÄ» Unhandled Rejection ΓÄ»ΓÄ»ΓÄ»ΓÄ»ΓÄ»
Error: not implemented
 Γ¥» Object.unavailable packages/local-store/src/store.ts:38:9
     36| const state: DatasetUpdateState = { status: 'opening' };
     37| const unavailable = async (): Promise<never> => {
     38|   throw new Error('not implemented');
       |         ^
     39| };
     40|
 Γ¥» packages/local-store/src/multitab.test.ts:30:34
 Γ¥» ../../../Proiecte%20AI/InterMED-wt/m6/node_modules/@vitest/runner/dist/chunk-artifact.js:302:11
 Γ¥» ../../../Proiecte%20AI/InterMED-wt/m6/node_modules/@vitest/runner/dist/chunk-artifact.js:1903:26
 Γ¥» ../../../Proiecte%20AI/InterMED-wt/m6/node_modules/@vitest/runner/dist/chunk-artifact.js:2326:20
 Γ¥» runWithCancel ../../../Proiecte%20AI/InterMED-wt/m6/node_modules/@vitest/runner/dist/chunk-artifact.js:2323:10
 Γ¥» ../../../Proiecte%20AI/InterMED-wt/m6/node_modules/@vitest/runner/dist/chunk-artifact.js:2305:20
 Γ¥» runWithTimeout ../../../Proiecte%20AI/InterMED-wt/m6/node_modules/@vitest/runner/dist/chunk-artifact.js:2272:10

This error originated in "packages/local-store/src/multitab.test.ts" test file. It doesn't mean the error was thrown
inside the file itself, but while it was running.
The latest test that might've caused the error is "refuses a concurrent update instead of racing another writer". It
might mean one of the following:
- The error was thrown, while Vitest was running this test.
- If the error occurred after the test had been completed, this was the last documented test before it was thrown.
ΓÄ»ΓÄ»ΓÄ»ΓÄ»ΓÄ»ΓÄ»ΓÄ»ΓÄ»ΓÄ»ΓÄ»ΓÄ»ΓÄ»ΓÄ»ΓÄ»ΓÄ»ΓÄ»ΓÄ»ΓÄ»ΓÄ»ΓÄ»ΓÄ»ΓÄ»ΓÄ»ΓÄ»ΓÄ»ΓÄ»ΓÄ»ΓÄ»ΓÄ»ΓÄ»


 Test Files  1 failed (1)
      Tests  2 failed | 1 passed (3)
     Errors  1 error
   Start at  13:18:45
   Duration  5.73s (transform 179ms, setup 0ms, import 346ms, tests 5.02s, environment 0ms)
