 RUN  v4.1.11 <worktree>

 Γ¥» packages/local-store/src/preferences.test.ts (5 tests | 5 failed) 26ms
   ├ù keeps favorites and recent searches through a replacement and a restart 13ms
   ├ù tombstones a removed favorite instead of remapping a similar product 4ms
   ├ù resolves a favorite against the active generation when it is added 4ms
   ├ù clears every local dataset and preference record explicitly 3ms
   ├ù orders recent searches by recency and can clear them 1ms
node.exe :
At line:1 char:1
+ & "<repo>\.tools\node-v24.21.0-win-x64/node.exe" "D: ...
+ ~~~~~~~~~~~~~~~~~~~~~~~~~~~~~~~~~~~~~~~~~~~~~~~~~~~~~~~~~~~~~~~~~~~~~
    + CategoryInfo          : NotSpecified: (:String) [], RemoteException
    + FullyQualifiedErrorId : NativeCommandError

ΓÄ»ΓÄ»ΓÄ»ΓÄ»ΓÄ»ΓÄ»ΓÄ» Failed Tests 5 ΓÄ»ΓÄ»ΓÄ»ΓÄ»ΓÄ»ΓÄ»ΓÄ»

 FAIL  packages/local-store/src/preferences.test.ts > keeps favorites and recent searches through a replacement and a
restart
Error: not implemented
 Γ¥» Object.unavailable packages/local-store/src/store.ts:38:9
     36| const state: DatasetUpdateState = { status: 'opening' };
     37| const unavailable = async (): Promise<never> => {
     38|   throw new Error('not implemented');
       |         ^
     39| };
     40|
 Γ¥» packages/local-store/src/preferences.test.ts:9:23

ΓÄ»ΓÄ»ΓÄ»ΓÄ»ΓÄ»ΓÄ»ΓÄ»ΓÄ»ΓÄ»ΓÄ»ΓÄ»ΓÄ»ΓÄ»ΓÄ»ΓÄ»ΓÄ»ΓÄ»ΓÄ»ΓÄ»ΓÄ»ΓÄ»ΓÄ»ΓÄ»ΓÄ»[1/5]ΓÄ»

 FAIL  packages/local-store/src/preferences.test.ts > tombstones a removed favorite instead of remapping a similar
product
Error: not implemented
 Γ¥» Object.unavailable packages/local-store/src/store.ts:38:9
     36| const state: DatasetUpdateState = { status: 'opening' };
     37| const unavailable = async (): Promise<never> => {
     38|   throw new Error('not implemented');
       |         ^
     39| };
     40|
 Γ¥» packages/local-store/src/preferences.test.ts:60:23

ΓÄ»ΓÄ»ΓÄ»ΓÄ»ΓÄ»ΓÄ»ΓÄ»ΓÄ»ΓÄ»ΓÄ»ΓÄ»ΓÄ»ΓÄ»ΓÄ»ΓÄ»ΓÄ»ΓÄ»ΓÄ»ΓÄ»ΓÄ»ΓÄ»ΓÄ»ΓÄ»ΓÄ»[2/5]ΓÄ»

 FAIL  packages/local-store/src/preferences.test.ts > resolves a favorite against the active generation when it is
added
Error: not implemented
 Γ¥» Object.unavailable packages/local-store/src/store.ts:38:9
     36| const state: DatasetUpdateState = { status: 'opening' };
     37| const unavailable = async (): Promise<never> => {
     38|   throw new Error('not implemented');
       |         ^
     39| };
     40|
 Γ¥» packages/local-store/src/preferences.test.ts:114:23

ΓÄ»ΓÄ»ΓÄ»ΓÄ»ΓÄ»ΓÄ»ΓÄ»ΓÄ»ΓÄ»ΓÄ»ΓÄ»ΓÄ»ΓÄ»ΓÄ»ΓÄ»ΓÄ»ΓÄ»ΓÄ»ΓÄ»ΓÄ»ΓÄ»ΓÄ»ΓÄ»ΓÄ»[3/5]ΓÄ»

 FAIL  packages/local-store/src/preferences.test.ts > clears every local dataset and preference record explicitly
Error: not implemented
 Γ¥» Object.unavailable packages/local-store/src/store.ts:38:9
     36| const state: DatasetUpdateState = { status: 'opening' };
     37| const unavailable = async (): Promise<never> => {
     38|   throw new Error('not implemented');
       |         ^
     39| };
     40|
 Γ¥» packages/local-store/src/preferences.test.ts:133:23

ΓÄ»ΓÄ»ΓÄ»ΓÄ»ΓÄ»ΓÄ»ΓÄ»ΓÄ»ΓÄ»ΓÄ»ΓÄ»ΓÄ»ΓÄ»ΓÄ»ΓÄ»ΓÄ»ΓÄ»ΓÄ»ΓÄ»ΓÄ»ΓÄ»ΓÄ»ΓÄ»ΓÄ»[4/5]ΓÄ»

 FAIL  packages/local-store/src/preferences.test.ts > orders recent searches by recency and can clear them
Error: not implemented
 Γ¥» Object.unavailable packages/local-store/src/store.ts:38:9
     36| const state: DatasetUpdateState = { status: 'opening' };
     37| const unavailable = async (): Promise<never> => {
     38|   throw new Error('not implemented');
       |         ^
     39| };
     40|
 Γ¥» packages/local-store/src/preferences.test.ts:155:27

ΓÄ»ΓÄ»ΓÄ»ΓÄ»ΓÄ»ΓÄ»ΓÄ»ΓÄ»ΓÄ»ΓÄ»ΓÄ»ΓÄ»ΓÄ»ΓÄ»ΓÄ»ΓÄ»ΓÄ»ΓÄ»ΓÄ»ΓÄ»ΓÄ»ΓÄ»ΓÄ»ΓÄ»[5/5]ΓÄ»


 Test Files  1 failed (1)
      Tests  5 failed (5)
   Start at  13:18:39
   Duration  606ms (transform 157ms, setup 0ms, import 300ms, tests 26ms, environment 0ms)
