
> intermed@0.0.0 build
> npm run build --workspace @intermed/web


> @intermed/web@0.0.0 build
> vite build

vite v8.3.2 building client environment for production...
transforming...
✓ 164 modules transformed.
rendering chunks...
computing gzip size...
dist/index.html                   1.58 kB │ gzip:   0.64 kB
dist/assets/index-DrXy_5hL.css    4.84 kB │ gzip:   1.51 kB
dist/assets/index-AYkwe24D.js   527.99 kB │ gzip: 161.81 kB

node.exe : [plugin builtin:vite-reporter]
At line:1 char:1
+ & "<NODE24>/node.exe" "D: ...
+ ~~~~~~~~~~~~~~~~~~~~~~~~~~~~~~~~~~~~~~~~~~~~~~~~~~~~~~~~~~~~~~~~~~~~~
    + CategoryInfo          : NotSpecified: ([plugin builtin:vite-reporter] :String) [], RemoteException
    + FullyQualifiedErrorId : NativeCommandError

(!) Some chunks are larger than 500 kB after minification. Consider:
- Using dynamic import() to code-split the application
- Use build.rolldownOptions.output.codeSplitting to improve chunking:
https://rolldown.rs/reference/OutputOptions.codeSplitting
- Adjust chunk size limit for this warning via build.chunkSizeWarningLimit.
✓ built in 473ms
