
> intermed@0.0.0 test
> vitest run apps/web/src/presentation/MedicationSearchPage.test.tsx


 RUN  v4.1.11 <worktree>

 ❯ apps/web/src/presentation/MedicationSearchPage.test.tsx (0 test)
node.exe :
At line:1 char:1
+ & "<repo>" "D: ...
+ ~~~~~~~~~~~~~~~~~~~~~~~~~~~~~~~~~~~~~~~~~~~~~~~~~~~~~~~~~~~~~~~~~~~~~
    + CategoryInfo          : NotSpecified: (:String) [], RemoteException
    + FullyQualifiedErrorId : NativeCommandError

⎯⎯⎯⎯⎯⎯ Failed Suites 1 ⎯⎯⎯⎯⎯⎯⎯

 FAIL  apps/web/src/presentation/MedicationSearchPage.test.tsx [
apps/web/src/presentation/MedicationSearchPage.test.tsx ]
Error: Failed to resolve import "./MedicationSearchPage" from
"apps/web/src/presentation/MedicationSearchPage.test.tsx". Does the file exist?
  Plugin: vite:import-analysis
  File:
<worktree>
  6  |  import { presentField } from "@intermed/domain";
  7  |  import { product as makeProduct } from "../../../../tests/domain/builders";
  8  |  import { MedicationSearchPage } from "./MedicationSearchPage";
     |                                        ^
  9  |  var _jsxFileName =
"<worktree>
  10 |  import { jsxDEV as _jsxDEV } from "react/jsx-dev-runtime";
 ❯ TransformPluginContext._formatLog node_modules/vite/dist/node/chunks/node.js:8766:39
 ❯ TransformPluginContext.error node_modules/vite/dist/node/chunks/node.js:8763:14
 ❯ normalizeUrl node_modules/vite/dist/node/chunks/node.js:26423:18
 ❯ node_modules/vite/dist/node/chunks/node.js:26493:30
 ❯ TransformPluginContext.transform node_modules/vite/dist/node/chunks/node.js:26459:4
 ❯ EnvironmentPluginContainer.transform node_modules/vite/dist/node/chunks/node.js:8545:14
 ❯ loadAndTransform node_modules/vite/dist/node/chunks/node.js:19988:26

⎯⎯⎯⎯⎯⎯⎯⎯⎯⎯⎯⎯⎯⎯⎯⎯⎯⎯⎯⎯⎯⎯⎯⎯[1/1]⎯


 Test Files  1 failed (1)
      Tests  no tests
   Start at  17:10:55
   Duration  9.72s (transform 0ms, setup 0ms, import 0ms, tests 0ms, environment 9.58s)
