
 RUN  v4.1.11 <worktree>

 ❯ packages/local-store/src/readers.test.ts (12 tests | 1 failed | 11 skipped) 42ms
   × builds search records only from the reader’s pinned generation 41ms
node.exe :
At line:1 char:1
+ & "<repo>" "D: ...
+ ~~~~~~~~~~~~~~~~~~~~~~~~~~~~~~~~~~~~~~~~~~~~~~~~~~~~~~~~~~~~~~~~~~~~~
    + CategoryInfo          : NotSpecified: (:String) [], RemoteException
    + FullyQualifiedErrorId : NativeCommandError

⎯⎯⎯⎯⎯⎯⎯ Failed Tests 1 ⎯⎯⎯⎯⎯⎯⎯

 FAIL  packages/local-store/src/readers.test.ts > builds search records only from the reader’s pinned generation
TypeError: pinned.searchRecords is not a function
 ❯ packages/local-store/src/readers.test.ts:358:34
    356|
    357|   await store.updates.stageAndActivate(beta.manifest, beta.text);
    358|   const documents = await pinned.searchRecords();
       |                                  ^
    359|
    360|   expect(documents).toHaveLength(2);

⎯⎯⎯⎯⎯⎯⎯⎯⎯⎯⎯⎯⎯⎯⎯⎯⎯⎯⎯⎯⎯⎯⎯⎯[1/1]⎯


 Test Files  1 failed (1)
      Tests  1 failed | 11 skipped (12)
   Start at  18:47:50
   Duration  296ms (transform 95ms, setup 0ms, import 150ms, tests 42ms, environment 0ms)
