## red 1/3 Appwrite query JSON shape - npx vitest run packages/data-access/src/appwrite-published-dataset-reader.test.ts (serializer still emits the column/values shape)
## exit code: 1

 RUN  v4.1.11 D:/Proiecte AI/InterMED-wt/m3

 ❯ packages/data-access/src/appwrite-published-dataset-reader.test.ts (15 tests | 3 failed) 43ms
     × reads the published manifest with one unauthenticated public request 21ms
     × sends manifest queries as the exact JSON strings of the Appwrite SDK 5ms
     × sends bundle queries as the exact JSON strings of the Appwrite SDK 6ms

⎯⎯⎯⎯⎯⎯⎯ Failed Tests 3 ⎯⎯⎯⎯⎯⎯⎯

 FAIL  packages/data-access/src/appwrite-published-dataset-reader.test.ts > Appwrite published dataset reader > reads the published manifest with one unauthenticated public request
AssertionError: expected 'https://fra.cloud.appwrite.io/v1/tabl…' to be 'https://fra.cloud.appwrite.io/v1/tabl…' // Object.is equality

Expected: "https://fra.cloud.appwrite.io/v1/tablesdb/intermed-datasets/tables/dataset-versions/rows?queries[0]=%7B%22method%22%3A%22equal%22%2C%22attribute%22%3A%22dataset%22%2C%22values%22%3A%5B%22synthetic-fixture-demo%22%5D%7D&queries[1]=%7B%22method%22%3A%22equal%22%2C%22attribute%22%3A%22status%22%2C%22values%22%3A%5B%22published%22%5D%7D&queries[2]=%7B%22method%22%3A%22orderDesc%22%2C%22attribute%22%3A%22publishedAt%22%7D&queries[3]=%7B%22method%22%3A%22limit%22%2C%22values%22%3A%5B1%5D%7D"
Received: "https://fra.cloud.appwrite.io/v1/tablesdb/intermed-datasets/tables/dataset-versions/rows?queries[0]=%7B%22method%22%3A%22equal%22%2C%22column%22%3A%22dataset%22%2C%22values%22%3A%5B%22synthetic-fixture-demo%22%5D%7D&queries[1]=%7B%22method%22%3A%22equal%22%2C%22column%22%3A%22status%22%2C%22values%22%3A%5B%22published%22%5D%7D&queries[2]=%7B%22method%22%3A%22orderDesc%22%2C%22values%22%3A%5B%22publishedAt%22%5D%7D&queries[3]=%7B%22method%22%3A%22limit%22%2C%22values%22%3A%5B1%5D%7D"

 ❯ packages/data-access/src/appwrite-published-dataset-reader.test.ts:152:22
    150|       'X-Appwrite-Project': 'intermed-dev',
    151|     });
    152|     expect(call.url).toBe(
       |                      ^
    153|       'https://fra.cloud.appwrite.io/v1/tablesdb/intermed-datasets/tab…
    154|         `?queries[0]=${encodeURIComponent(sdkQueries.dataset)}` +

⎯⎯⎯⎯⎯⎯⎯⎯⎯⎯⎯⎯⎯⎯⎯⎯⎯⎯⎯⎯⎯⎯⎯⎯[1/3]⎯

 FAIL  packages/data-access/src/appwrite-published-dataset-reader.test.ts > Appwrite published dataset reader > sends manifest queries as the exact JSON strings of the Appwrite SDK
AssertionError: expected [ …(4) ] to deeply equal [ …(4) ]

- Expected
+ Received

  [
-   "{\"method\":\"equal\",\"attribute\":\"dataset\",\"values\":[\"synthetic-fixture-demo\"]}",
-   "{\"method\":\"equal\",\"attribute\":\"status\",\"values\":[\"published\"]}",
-   "{\"method\":\"orderDesc\",\"attribute\":\"publishedAt\"}",
+   "{\"method\":\"equal\",\"column\":\"dataset\",\"values\":[\"synthetic-fixture-demo\"]}",
+   "{\"method\":\"equal\",\"column\":\"status\",\"values\":[\"published\"]}",
+   "{\"method\":\"orderDesc\",\"values\":[\"publishedAt\"]}",
    "{\"method\":\"limit\",\"values\":[1]}",
  ]

 ❯ packages/data-access/src/appwrite-published-dataset-reader.test.ts:174:35
    172|     const call = calls[0];
    173|     if (!call) throw new Error('missing recorded request');
    174|     expect(sentQueries(call.url)).toEqual([
       |                                   ^
    175|       sdkQueries.dataset,
    176|       sdkQueries.status,

⎯⎯⎯⎯⎯⎯⎯⎯⎯⎯⎯⎯⎯⎯⎯⎯⎯⎯⎯⎯⎯⎯⎯⎯[2/3]⎯

 FAIL  packages/data-access/src/appwrite-published-dataset-reader.test.ts > Appwrite published dataset reader > sends bundle queries as the exact JSON strings of the Appwrite SDK
AssertionError: expected [ …(2) ] to deeply equal [ …(2) ]

- Expected
+ Received

  [
-   "{\"method\":\"equal\",\"attribute\":\"datasetVersionId\",\"values\":[\"synthetic-fixture-version-0\"]}",
+   "{\"method\":\"equal\",\"column\":\"datasetVersionId\",\"values\":[\"synthetic-fixture-version-0\"]}",
    "{\"method\":\"limit\",\"values\":[1]}",
  ]

 ❯ packages/data-access/src/appwrite-published-dataset-reader.test.ts:195:35
    193|     const call = calls[0];
    194|     if (!call) throw new Error('missing recorded request');
    195|     expect(sentQueries(call.url)).toEqual([
       |                                   ^
    196|       sdkQueries.bundleForVersion,
    197|       sdkQueries.limitOne,

⎯⎯⎯⎯⎯⎯⎯⎯⎯⎯⎯⎯⎯⎯⎯⎯⎯⎯⎯⎯⎯⎯⎯⎯[3/3]⎯


 Test Files  1 failed (1)
      Tests  3 failed | 12 passed (15)
   Start at  00:54:17
   Duration  676ms (transform 58ms, setup 0ms, import 306ms, tests 43ms, environment 0ms)

## red 2/3 secret-scan public-digest exemption - npx vitest run tests/appwrite-config-secrets.test.ts (version/revision words still exempt a secret)
## exit code: 1

 RUN  v4.1.11 D:/Proiecte AI/InterMED-wt/m3

 ❯ tests/appwrite-config-secrets.test.ts (10 tests | 1 failed) 59ms
     × flags a secret behind generic words such as version, id or name 6ms

⎯⎯⎯⎯⎯⎯⎯ Failed Tests 1 ⎯⎯⎯⎯⎯⎯⎯

 FAIL  tests/appwrite-config-secrets.test.ts > credential shape detector > flags a secret behind generic words such as version, id or name
AssertionError: {"version": "1.0", "secret": "0123456789abcdef0123456789abcdef0123456789abcdef0123456789abcdef"}: expected null not to be null
 ❯ tests/appwrite-config-secrets.test.ts:98:55
     96|       `revision = '${secret}'`,
     97|     ])
     98|       expect(findCredentialShape(source), source).not.toBeNull();
       |                                                       ^
     99|   });
    100|

⎯⎯⎯⎯⎯⎯⎯⎯⎯⎯⎯⎯⎯⎯⎯⎯⎯⎯⎯⎯⎯⎯⎯⎯[1/1]⎯


 Test Files  1 failed (1)
      Tests  1 failed | 9 passed (10)
   Start at  00:55:24
   Duration  477ms (transform 54ms, setup 0ms, import 97ms, tests 59ms, environment 0ms)

## red 3/3 rowSecurity/fileSecurity assertions - npx vitest run tests/appwrite-config-permissions.test.ts (finding 3 is a coverage gap: the config already held the expected flags, so four flags were deliberately flipped - dataset-versions.rowSecurity and published-datasets.fileSecurity in development, import-runs.rowSecurity and import-run-logs.fileSecurity in production - to show the new assertions fail on a flip; the config is restored right after this run)
## exit code: 1

 RUN  v4.1.11 D:/Proiecte AI/InterMED-wt/m3

 ❯ tests/appwrite-config-permissions.test.ts (32 tests | 2 failed) 20ms
     × grants public reads at the resource level, never per row or per file 6ms
     × enables no per-row or per-file grants on private resources 1ms

⎯⎯⎯⎯⎯⎯⎯ Failed Tests 2 ⎯⎯⎯⎯⎯⎯⎯

 FAIL  tests/appwrite-config-permissions.test.ts > Appwrite development configuration as code > grants public reads at the resource level, never per row or per file
AssertionError: development/dataset-versions rowSecurity: expected true to be false // Object.is equality

- Expected
+ Received

- false
+ true

 ❯ tests/appwrite-config-permissions.test.ts:163:60
    161|       for (const [kind, id, field] of publicSecurityFlags) {
    162|         const resource = findResource(config, kind, id);
    163|         expect(resource[field], `${label}/${id} ${field}`).toBe(false);
       |                                                            ^
    164|         expect(resource.$permissions ?? [], `${label}/${id}`).toContai…
    165|           'read("any")',

⎯⎯⎯⎯⎯⎯⎯⎯⎯⎯⎯⎯⎯⎯⎯⎯⎯⎯⎯⎯⎯⎯⎯⎯[1/2]⎯

 FAIL  tests/appwrite-config-permissions.test.ts > Appwrite production configuration as code > enables no per-row or per-file grants on private resources
AssertionError: production/import-runs rowSecurity: expected true to be false // Object.is equality

- Expected
+ Received

- false
+ true

 ❯ tests/appwrite-config-permissions.test.ts:173:60
    171|       for (const [kind, id, field] of privateSecurityFlags) {
    172|         const resource = findResource(config, kind, id);
    173|         expect(resource[field], `${label}/${id} ${field}`).toBe(false);
       |                                                            ^
    174|         expect(resource.$permissions ?? [], `${label}/${id}`).toEqual(…
    175|       }

⎯⎯⎯⎯⎯⎯⎯⎯⎯⎯⎯⎯⎯⎯⎯⎯⎯⎯⎯⎯⎯⎯⎯⎯[2/2]⎯


 Test Files  1 failed (1)
      Tests  2 failed | 30 passed (32)
   Start at  00:57:30
   Duration  337ms (transform 39ms, setup 0ms, import 71ms, tests 20ms, environment 0ms)

## red 3/3b rowSecurity/fileSecurity assertions - npx vitest run tests/appwrite-config-permissions.test.ts (supplementary induced-mutation run: only the two fileSecurity flags flipped - published-datasets in development, import-run-logs in production - because the test loops stop at the first failure; the config is restored right after this run)
## exit code: 1

 RUN  v4.1.11 D:/Proiecte AI/InterMED-wt/m3

 ❯ tests/appwrite-config-permissions.test.ts (32 tests | 2 failed) 26ms
     × grants public reads at the resource level, never per row or per file 10ms
     × enables no per-row or per-file grants on private resources 2ms

⎯⎯⎯⎯⎯⎯⎯ Failed Tests 2 ⎯⎯⎯⎯⎯⎯⎯

 FAIL  tests/appwrite-config-permissions.test.ts > Appwrite development configuration as code > grants public reads at the resource level, never per row or per file
AssertionError: development/published-datasets fileSecurity: expected true to be false // Object.is equality

- Expected
+ Received

- false
+ true

 ❯ tests/appwrite-config-permissions.test.ts:163:60
    161|       for (const [kind, id, field] of publicSecurityFlags) {
    162|         const resource = findResource(config, kind, id);
    163|         expect(resource[field], `${label}/${id} ${field}`).toBe(false);
       |                                                            ^
    164|         expect(resource.$permissions ?? [], `${label}/${id}`).toContai…
    165|           'read("any")',

⎯⎯⎯⎯⎯⎯⎯⎯⎯⎯⎯⎯⎯⎯⎯⎯⎯⎯⎯⎯⎯⎯⎯⎯[1/2]⎯

 FAIL  tests/appwrite-config-permissions.test.ts > Appwrite production configuration as code > enables no per-row or per-file grants on private resources
AssertionError: production/import-run-logs fileSecurity: expected true to be false // Object.is equality

- Expected
+ Received

- false
+ true

 ❯ tests/appwrite-config-permissions.test.ts:173:60
    171|       for (const [kind, id, field] of privateSecurityFlags) {
    172|         const resource = findResource(config, kind, id);
    173|         expect(resource[field], `${label}/${id} ${field}`).toBe(false);
       |                                                            ^
    174|         expect(resource.$permissions ?? [], `${label}/${id}`).toEqual(…
    175|       }

⎯⎯⎯⎯⎯⎯⎯⎯⎯⎯⎯⎯⎯⎯⎯⎯⎯⎯⎯⎯⎯⎯⎯⎯[2/2]⎯


 Test Files  1 failed (1)
      Tests  2 failed | 30 passed (32)
   Start at  00:58:36
   Duration  413ms (transform 45ms, setup 0ms, import 85ms, tests 26ms, environment 0ms)

