ℹ Info: Checking for tablesDB changes ...
ℹ Info: Found changes in tablesDB resource:

 id                │ action   │ key      │ remote           │ local
───────────────────┼──────────┼──────────┼──────────────────┼───────────────────────────────
 intermed-datasets │ creating │ Database │ (does not exist) │ InterMED dataset publications

ℹ Info: Creating database InterMED dataset publications ( intermed-datasets ) ...
✓ Success: Created InterMED dataset publications ( intermed-datasets )
ℹ Info: Checking for deleted tables ...
ℹ Info: Checking for changes ...
ℹ Info: Pushing tables ...
ℹ Info: Table Dataset version manifest (public read) does not exist in the project. Creating ...
✓ Success: Created Dataset version manifest (public read) ( dataset-versions )
ℹ Info: Table Dataset bundle descriptors (public read) does not exist in the project. Creating ...
✓ Success: Created Dataset bundle descriptors (public read) ( dataset-bundles )
ℹ Info: Table Import run metadata (private) does not exist in the project. Creating ...
✓ Success: Created Import run metadata (private) ( import-runs )
ℹ Info: Pushing table Dataset version manifest (public read) ( intermed-datasets - dataset-versions ) attributes
ℹ Info: Creating columns ...
✓ Success: Created 16 columns
ℹ Info: Creating indexes ...
✓ Success: Created 2 indexes
✓ Success: Successfully pushed Dataset version manifest (public read) ( dataset-versions )
ℹ Info: Pushing table Dataset bundle descriptors (public read) ( intermed-datasets - dataset-bundles ) attributes
ℹ Info: Creating columns ...
✓ Success: Created 6 columns
ℹ Info: Creating indexes ...
✓ Success: Created 1 indexes
✓ Success: Successfully pushed Dataset bundle descriptors (public read) ( dataset-bundles )
ℹ Info: Pushing table Import run metadata (private) ( intermed-datasets - import-runs ) attributes
ℹ Info: Creating columns ...
✓ Success: Created 11 columns
ℹ Info: Creating indexes ...
✓ Success: Created 1 indexes
✓ Success: Successfully pushed Import run metadata (private) ( import-runs )
✓ Success: Successfully pushed 3 tables.
