
 RUN  v4.1.11 D:/Proiecte AI/InterMED-wt/m4

 ❯ tests/domain/serialize.test.ts (4 tests | 1 failed) 11ms
   × round-trips padded source text without trimming it 4ms
 ❯ tests/domain/integrity.test.ts (12 tests | 1 failed) 16ms
   × reports a dangling external mapping source 4ms
 ❯ tests/data-access/synthetic-source.test.ts (12 tests | 1 failed) 38ms
   × round-trips padded source text from a catalogue the validator accepted 5ms

 Test Files  3 failed (3)
      Tests  3 failed | 25 passed (28)
   Start at  09:51:12
   Duration  282ms (transform 150ms, setup 0ms, import 259ms, tests 64ms, environment 0ms)


⎯⎯⎯⎯⎯⎯⎯ Failed Tests 3 ⎯⎯⎯⎯⎯⎯⎯

 FAIL  tests/data-access/synthetic-source.test.ts > round-trips padded source text from a catalogue the validator accepted
AssertionError: expected false to be true // Object.is equality

- Expected
+ Received

- true
+ false

 ❯ tests/data-access/synthetic-source.test.ts:242:21
    240|   });
    241|   const parsed = deserializeCatalogue(serializeCatalogue(validated.sna…
    242|   expect(parsed.ok).toBe(true);
       |                     ^
    243|   if (!parsed.ok) return;
    244|   const restored = parsed.snapshot.products.find(

⎯⎯⎯⎯⎯⎯⎯⎯⎯⎯⎯⎯⎯⎯⎯⎯⎯⎯⎯⎯⎯⎯⎯⎯[1/3]⎯

 FAIL  tests/domain/integrity.test.ts > reports a dangling external mapping source
AssertionError: expected [] to deeply equal [ { code: 'dangling-source', …(4) } ]

- Expected
+ Received

- [
-   {
-     "code": "dangling-source",
-     "detail": "The referenced record is not in this snapshot.",
-     "entity": "ActiveIngredient",
-     "entityId": "aisource.syntheticAI-FICTIVOLINUM",
-     "field": "externalMappings[0].sourceId",
-   },
- ]
+ []

 ❯ tests/domain/integrity.test.ts:317:18
    315|     sealCatalogue(emptyCatalogue({ activeIngredients: [substance] })),
    316|   );
    317|   expect(issues).toEqual([
       |                  ^
    318|     {
    319|       code: 'dangling-source',

⎯⎯⎯⎯⎯⎯⎯⎯⎯⎯⎯⎯⎯⎯⎯⎯⎯⎯⎯⎯⎯⎯⎯⎯[2/3]⎯

 FAIL  tests/domain/serialize.test.ts > round-trips padded source text without trimming it
AssertionError: expected false to be true // Object.is equality

- Expected
+ Received

- true
+ false

 ❯ tests/domain/serialize.test.ts:174:21
    172|   expect(json).toContain(paddedComma);
    173|   const parsed = deserializeCatalogue(json);
    174|   expect(parsed.ok).toBe(true);
       |                     ^
    175|   if (!parsed.ok) return;
    176|   const restored = parsed.snapshot.products[0];

⎯⎯⎯⎯⎯⎯⎯⎯⎯⎯⎯⎯⎯⎯⎯⎯⎯⎯⎯⎯⎯⎯⎯⎯[3/3]⎯

