
 RUN  v4.1.11 D:/Proiecte AI/InterMED-wt/m4

 ❯ tests/domain/expand.test.ts (6 tests | 6 failed) 8ms
   × keeps a product, its ingredient and the join as separate ids 4ms
   × retains every confirmed component of a combination with verbatim strengths 2ms
   × leaves a missing strength missing 0ms
   × preserves an invalid unit and an ambiguous decimal without converting either 1ms
   × reports a confirmed join that has no ingredient id and still returns the row 0ms
   × does not throw when the product or the snapshot is unusable 1ms

 Test Files  1 failed (1)
      Tests  6 failed (6)
   Start at  23:47:30
   Duration  160ms (transform 28ms, setup 0ms, import 42ms, tests 8ms, environment 0ms)


⎯⎯⎯⎯⎯⎯⎯ Failed Tests 6 ⎯⎯⎯⎯⎯⎯⎯

 FAIL  tests/domain/expand.test.ts > keeps a product, its ingredient and the join as separate ids
AssertionError: expected [] to have a length of 1 but got +0

- Expected
+ Received

- 1
+ 0

 ❯ tests/domain/expand.test.ts:33:32
     31|   });
     32|   const expansion = expandProductIngredients(snapshot, fictivol.id);
     33|   expect(expansion.components).toHaveLength(1);
       |                                ^
     34|   const component = expansion.components[0];
     35|   expect(component?.joinId).not.toBe(fictivol.id);

⎯⎯⎯⎯⎯⎯⎯⎯⎯⎯⎯⎯⎯⎯⎯⎯⎯⎯⎯⎯⎯⎯⎯⎯[1/6]⎯

 FAIL  tests/domain/expand.test.ts > retains every confirmed component of a combination with verbatim strengths
AssertionError: expected [] to deeply equal [ 'Placebexium', 'Synthetinum', …(1) ]

- Expected
+ Received

- [
-   "Placebexium",
-   "Synthetinum",
-   "Fictovolol",
- ]
+ []

 ❯ tests/domain/expand.test.ts:82:73
     80|     placebex.id,
     81|   );
     82|   expect(expansion.components.map((part) => part.sourceIngredientText)…
       |                                                                         ^
     83|     'Placebexium',
     84|     'Synthetinum',

⎯⎯⎯⎯⎯⎯⎯⎯⎯⎯⎯⎯⎯⎯⎯⎯⎯⎯⎯⎯⎯⎯⎯⎯[2/6]⎯

 FAIL  tests/domain/expand.test.ts > leaves a missing strength missing
AssertionError: expected [] to have a length of 1 but got +0

- Expected
+ Received

- 1
+ 0

 ❯ tests/domain/expand.test.ts:111:32
    109|     vacantol.id,
    110|   );
    111|   expect(expansion.components).toHaveLength(1);
       |                                ^
    112|   expect(expansion.components[0]?.strengthValue).toEqual({ status: 'mi…
    113|   expect(expansion.components[0]?.strengthUnit).toEqual({ status: 'mis…

⎯⎯⎯⎯⎯⎯⎯⎯⎯⎯⎯⎯⎯⎯⎯⎯⎯⎯⎯⎯⎯⎯⎯⎯[3/6]⎯

 FAIL  tests/domain/expand.test.ts > preserves an invalid unit and an ambiguous decimal without converting either
AssertionError: expected undefined to deeply equal { status: 'present', value: '1.000' }

- Expected:
{
  "status": "present",
  "value": "1.000",
}

+ Received:
undefined

 ❯ tests/domain/expand.test.ts:164:36
    162|   );
    163|   const component = expansion.components[0];
    164|   expect(component?.strengthValue).toEqual({ status: 'present', value:…
       |                                    ^
    165|   expect(component?.strengthValueNormalized).toEqual({
    166|     status: 'unknown',

⎯⎯⎯⎯⎯⎯⎯⎯⎯⎯⎯⎯⎯⎯⎯⎯⎯⎯⎯⎯⎯⎯⎯⎯[4/6]⎯

 FAIL  tests/domain/expand.test.ts > reports a confirmed join that has no ingredient id and still returns the row
AssertionError: expected [] to have a length of 1 but got +0

- Expected
+ Received

- 1
+ 0

 ❯ tests/domain/expand.test.ts:191:32
    189|     row.id,
    190|   );
    191|   expect(expansion.components).toHaveLength(1);
       |                                ^
    192|   expect(expansion.structuralCoverage).toBe('incomplete');
    193|   expect(expansion.issues.map((issue) => issue.code)).toContain(

⎯⎯⎯⎯⎯⎯⎯⎯⎯⎯⎯⎯⎯⎯⎯⎯⎯⎯⎯⎯⎯⎯⎯⎯[5/6]⎯

 FAIL  tests/domain/expand.test.ts > does not throw when the product or the snapshot is unusable
AssertionError: expected [] to include 'product-not-found'
 ❯ tests/domain/expand.test.ts:202:52
    200|   const absent = expandProductIngredients(emptyCatalogue(), missingPro…
    201|   expect(absent.components).toEqual([]);
    202|   expect(absent.issues.map((issue) => issue.code)).toContain('product-…
       |                                                    ^
    203|   const broken = expandProductIngredients(
    204|     undefined as never,

⎯⎯⎯⎯⎯⎯⎯⎯⎯⎯⎯⎯⎯⎯⎯⎯⎯⎯⎯⎯⎯⎯⎯⎯[6/6]⎯
