
 RUN  v4.1.11 <repo>-wt/m4

 ❯ tests/domain/identity.test.ts (5 tests | 5 failed) 8ms
   × folds legacy cedilla letters without treating them as the same product 4ms
   × does not merge same-name products whose strength or form differs 2ms
   × keeps an identical strength and form under two source keys unresolved 1ms
   × reports a repeated source product key and does not collapse Romanian diacritics 1ms
   × does not merge ingredients that share a name and differ by salt or form 0ms
 ❯ tests/domain/integrity.test.ts (5 tests | 5 failed) 12ms
   × changes the sealed checksum when a source string changes and records counts 7ms
   × reports dangling catalogue references and accepts a sealed linked product 2ms
   × reports a broken count and checksum without throwing on an unusable snapshot 1ms
   × reports an invalid unit and an ambiguous decimal and a confirmed join without an ingredient 0ms
   × reports a duplicated canonical id 1ms

 Test Files  2 failed (2)
      Tests  10 failed (10)
   Start at  23:51:29
   Duration  175ms (transform 65ms, setup 0ms, import 96ms, tests 20ms, environment 0ms)


⎯⎯⎯⎯⎯⎯ Failed Tests 10 ⎯⎯⎯⎯⎯⎯⎯

 FAIL  tests/domain/identity.test.ts > folds legacy cedilla letters without treating them as the same product
AssertionError: expected 'Fictăşţ-Ăâî' to be 'Fictășț-Ăâî' // Object.is equality

Expected: "Fictășț-Ăâî"
Received: "Fictăşţ-Ăâî"

 ❯ tests/domain/identity.test.ts:18:42
     16|
     17| it('folds legacy cedilla letters without treating them as the same pro…
     18|   expect(foldLegacyCedilla(cedillaName)).toBe(foldLegacyCedilla(commaN…
       |                                          ^
     19|   expect(cedillaName).not.toBe(commaName);
     20| });

⎯⎯⎯⎯⎯⎯⎯⎯⎯⎯⎯⎯⎯⎯⎯⎯⎯⎯⎯⎯⎯⎯⎯[1/10]⎯

 FAIL  tests/domain/identity.test.ts > does not merge same-name products whose strength or form differs
AssertionError: expected [] to deeply equal [ { …(6) } ]

- Expected
+ Received

- [
-   {
-     "entity": "MedicationProduct",
-     "entityIds": [
-       "mpsource.syntheticSP-SYN-10",
-       "mpsource.syntheticSP-SYN-20",
-     ],
-     "name": "Synthetica",
-     "reason": "same-commercial-name-different-strength-or-form",
-     "retainedAsDistinct": true,
-     "state": "ambiguous-not-merged",
-   },
- ]
+ []

 ❯ tests/domain/identity.test.ts:43:5
     41|       emptyCatalogue({ products: [low, high] }),
     42|     ),
     43|   ).toEqual([
       |     ^
     44|     {
     45|       state: 'ambiguous-not-merged',

⎯⎯⎯⎯⎯⎯⎯⎯⎯⎯⎯⎯⎯⎯⎯⎯⎯⎯⎯⎯⎯⎯⎯[2/10]⎯

 FAIL  tests/domain/identity.test.ts > keeps an identical strength and form under two source keys unresolved
AssertionError: expected [] to deeply equal [ { …(6) } ]

- Expected
+ Received

- [
-   {
-     "entity": "MedicationProduct",
-     "entityIds": [
-       "mpsource.syntheticSP-SAME-1",
-       "mpsource.syntheticSP-SAME-2",
-     ],
-     "name": "Samex",
-     "reason": "same-commercial-name-different-source-key",
-     "retainedAsDistinct": true,
-     "state": "ambiguous-not-merged",
-   },
- ]
+ []

 ❯ tests/domain/identity.test.ts:69:5
     67|   expect(
     68|     findAmbiguousIdentities(emptyCatalogue({ products: [first, second]…
     69|   ).toEqual([
       |     ^
     70|     {
     71|       state: 'ambiguous-not-merged',

⎯⎯⎯⎯⎯⎯⎯⎯⎯⎯⎯⎯⎯⎯⎯⎯⎯⎯⎯⎯⎯⎯⎯[3/10]⎯

 FAIL  tests/domain/identity.test.ts > reports a repeated source product key and does not collapse Romanian diacritics
AssertionError: expected [] to deeply equal [ { …(6) }, { …(6) } ]

- Expected
+ Received

- [
-   {
-     "entity": "MedicationProduct",
-     "entityIds": [
-       "mpsource.syntheticSP-DUP-A",
-       "mpsource.syntheticSP-DUP-B",
-     ],
-     "name": "Fictășț-Ăâî",
-     "reason": "duplicate-source-product-id",
-     "retainedAsDistinct": true,
-     "state": "ambiguous-not-merged",
-   },
-   {
-     "entity": "MedicationProduct",
-     "entityIds": [
-       "mpsource.syntheticSP-DUP-A",
-       "mpsource.syntheticSP-DUP-B",
-       "mpsource.syntheticSP-CEDILLA",
-     ],
-     "name": "Fictășț-Ăâî",
-     "reason": "legacy-cedilla-diacritic-variant",
-     "retainedAsDistinct": true,
-     "state": "ambiguous-not-merged",
-   },
- ]
+ []

 ❯ tests/domain/identity.test.ts:90:20
     88|     emptyCatalogue({ products: [first, second, cedilla] }),
     89|   );
     90|   expect(findings).toEqual([
       |                    ^
     91|     {
     92|       state: 'ambiguous-not-merged',

⎯⎯⎯⎯⎯⎯⎯⎯⎯⎯⎯⎯⎯⎯⎯⎯⎯⎯⎯⎯⎯⎯⎯[4/10]⎯

 FAIL  tests/domain/identity.test.ts > does not merge ingredients that share a name and differ by salt or form
AssertionError: expected [] to deeply equal [ { …(6) } ]

- Expected
+ Received

- [
-   {
-     "entity": "ActiveIngredient",
-     "entityIds": [
-       "aisource.syntheticAI-SALT-A",
-       "aisource.syntheticAI-SALT-B",
-     ],
-     "name": "Syntheinin",
-     "reason": "same-preferred-name-different-salt-or-form",
-     "retainedAsDistinct": true,
-     "state": "ambiguous-not-merged",
-   },
- ]
+ []

 ❯ tests/domain/identity.test.ts:131:5
    129|       emptyCatalogue({ activeIngredients: [base, other] }),
    130|     ),
    131|   ).toEqual([
       |     ^
    132|     {
    133|       state: 'ambiguous-not-merged',

⎯⎯⎯⎯⎯⎯⎯⎯⎯⎯⎯⎯⎯⎯⎯⎯⎯⎯⎯⎯⎯⎯⎯[5/10]⎯

 FAIL  tests/domain/integrity.test.ts > changes the sealed checksum when a source string changes and records counts
AssertionError: expected +0 to be 1 // Object.is equality

- Expected
+ Received

- 1
+ 0

 ❯ tests/domain/integrity.test.ts:23:60
     21|     emptyCatalogue({ products: [product('SP-A', 'Placebex')] }),
     22|   );
     23|   expect(sealed.datasetVersions[0]?.recordCounts.products).toBe(1);
       |                                                            ^
     24|   expect(sealed.datasetVersions[0]?.checksum).toBe(catalogueFingerprin…
     25|   expect(renamed.datasetVersions[0]?.checksum).not.toBe(

⎯⎯⎯⎯⎯⎯⎯⎯⎯⎯⎯⎯⎯⎯⎯⎯⎯⎯⎯⎯⎯⎯⎯[6/10]⎯

 FAIL  tests/domain/integrity.test.ts > reports dangling catalogue references and accepts a sealed linked product
AssertionError: expected [] to deeply equal [ 'dangling-atc', …(8) ]

- Expected
+ Received

- [
-   "dangling-atc",
-   "dangling-dataset-version",
-   "dangling-dosage-form",
-   "dangling-ingredient",
-   "dangling-manufacturer",
-   "dangling-marketing-authorization-holder",
-   "dangling-product",
-   "dangling-regulatory-document",
-   "dangling-source",
- ]
+ []

 ❯ tests/domain/integrity.test.ts:108:5
    106|       ),
    107|     ].sort(),
    108|   ).toEqual(
       |     ^
    109|     [
    110|       'dangling-atc',

⎯⎯⎯⎯⎯⎯⎯⎯⎯⎯⎯⎯⎯⎯⎯⎯⎯⎯⎯⎯⎯⎯⎯[7/10]⎯

 FAIL  tests/domain/integrity.test.ts > reports a broken count and checksum without throwing on an unusable snapshot
AssertionError: expected [] to deeply equal [ 'checksum-mismatch', …(1) ]

- Expected
+ Received

- [
-   "checksum-mismatch",
-   "record-count-mismatch",
- ]
+ []

 ❯ tests/domain/integrity.test.ts:161:5
    159|       .map((issue) => issue.code)
    160|       .sort(),
    161|   ).toEqual(['checksum-mismatch', 'record-count-mismatch']);
       |     ^
    162|   expect(
    163|     validateReferentialIntegrity(undefined as never).map((issue) => is…

⎯⎯⎯⎯⎯⎯⎯⎯⎯⎯⎯⎯⎯⎯⎯⎯⎯⎯⎯⎯⎯⎯⎯[8/10]⎯

 FAIL  tests/domain/integrity.test.ts > reports an invalid unit and an ambiguous decimal and a confirmed join without an ingredient
AssertionError: expected [] to deeply equal [ 'ambiguous-decimal', …(2) ]

- Expected
+ Received

- [
-   "ambiguous-decimal",
-   "confirmed-mapping-missing-ingredient",
-   "invalid-unit",
- ]
+ []

 ❯ tests/domain/integrity.test.ts:200:5
    198|       .map((issue) => issue.code)
    199|       .sort(),
    200|   ).toEqual(
       |     ^
    201|     [
    202|       'ambiguous-decimal',

⎯⎯⎯⎯⎯⎯⎯⎯⎯⎯⎯⎯⎯⎯⎯⎯⎯⎯⎯⎯⎯⎯⎯[9/10]⎯

 FAIL  tests/domain/integrity.test.ts > reports a duplicated canonical id
AssertionError: expected [] to include 'duplicate-id'
 ❯ tests/domain/integrity.test.ts:215:45
    213|     sealCatalogue(emptyCatalogue({ products: [alpha, copy] })),
    214|   );
    215|   expect(issues.map((issue) => issue.code)).toContain('duplicate-id');
       |                                             ^
    216| });
    217|

⎯⎯⎯⎯⎯⎯⎯⎯⎯⎯⎯⎯⎯⎯⎯⎯⎯⎯⎯⎯⎯⎯[10/10]⎯
