
 RUN  v4.1.11 D:/Proiecte AI/InterMED-wt/m4

 ❯ tests/domain/identity.test.ts (6 tests | 1 failed) 7ms
   × reports a shared source key inside one strength when the name also has another strength 4ms
 ❯ tests/domain/integrity.test.ts (10 tests | 5 failed) 15ms
   × accepts a previous dataset version id that is outside this snapshot 4ms
   × rejects a malformed previous dataset version id 1ms
   × rejects a previous dataset version id that refers to itself 1ms
   × rejects 31 February and 31 April as timestamps 1ms
   × rejects 29 February outside a leap year and accepts it in a leap year 1ms

 Test Files  2 failed (2)
      Tests  6 failed | 10 passed (16)
   Start at  00:24:53
   Duration  197ms (transform 95ms, setup 0ms, import 131ms, tests 23ms, environment 0ms)


⎯⎯⎯⎯⎯⎯⎯ Failed Tests 6 ⎯⎯⎯⎯⎯⎯⎯

 FAIL  tests/domain/identity.test.ts > reports a shared source key inside one strength when the name also has another strength
AssertionError: expected [ { …(6) } ] to deeply equal [ { …(6) }, { …(6) } ]

- Expected
+ Received

@@ -2,21 +2,10 @@
    {
      "entity": "MedicationProduct",
      "entityIds": [
        "mpsource.syntheticSP-FICTOCARD-10A",
        "mpsource.syntheticSP-FICTOCARD-10B",
-     ],
-     "name": "Fictocard",
-     "reason": "same-commercial-name-different-source-key",
-     "retainedAsDistinct": true,
-     "state": "ambiguous-not-merged",
-   },
-   {
-     "entity": "MedicationProduct",
-     "entityIds": [
-       "mpsource.syntheticSP-FICTOCARD-10A",
-       "mpsource.syntheticSP-FICTOCARD-10B",
        "mpsource.syntheticSP-FICTOCARD-20",
      ],
      "name": "Fictocard",
      "reason": "same-commercial-name-different-strength-or-form",
      "retainedAsDistinct": true,

 ❯ tests/domain/identity.test.ts:71:5
     69|   expect(
     70|     findAmbiguousIdentities(emptyCatalogue({ products: [lowA, lowB, hi…
     71|   ).toEqual([
       |     ^
     72|     {
     73|       state: 'ambiguous-not-merged',

⎯⎯⎯⎯⎯⎯⎯⎯⎯⎯⎯⎯⎯⎯⎯⎯⎯⎯⎯⎯⎯⎯⎯⎯[1/6]⎯

 FAIL  tests/domain/integrity.test.ts > accepts a previous dataset version id that is outside this snapshot
AssertionError: expected [ { …(5) } ] to deeply equal []

- Expected
+ Received

- []
+ [
+   {
+     "code": "dangling-previous-dataset-version",
+     "detail": "The previous dataset version is not in this snapshot.",
+     "entity": "DatasetVersion",
+     "entityId": "dvsource.syntheticsynthetic-1",
+     "field": "previousVersionId",
+   },
+ ]

 ❯ tests/domain/integrity.test.ts:220:48
    218|   });
    219|   expect(prior).not.toBe(sealed.datasetVersions[0]?.id);
    220|   expect(validateReferentialIntegrity(sealed)).toEqual([]);
       |                                                ^
    221| });
    222|

⎯⎯⎯⎯⎯⎯⎯⎯⎯⎯⎯⎯⎯⎯⎯⎯⎯⎯⎯⎯⎯⎯⎯⎯[2/6]⎯

 FAIL  tests/domain/integrity.test.ts > rejects a malformed previous dataset version id
AssertionError: expected [ { …(5) } ] to deeply equal [ { …(5) } ]

- Expected
+ Received

  [
    {
-     "code": "invalid-previous-dataset-version",
-     "detail": "The previous dataset version id is not a DatasetVersion stable id.",
+     "code": "dangling-previous-dataset-version",
+     "detail": "The previous dataset version is not in this snapshot.",
      "entity": "DatasetVersion",
      "entityId": "dvsource.syntheticsynthetic-1",
      "field": "previousVersionId",
    },
  ]

 ❯ tests/domain/integrity.test.ts:230:48
    228|   const versionId = sealed.datasetVersions[0]?.id;
    229|   expect(versionId).toBeDefined();
    230|   expect(validateReferentialIntegrity(sealed)).toEqual([
       |                                                ^
    231|     {
    232|       code: 'invalid-previous-dataset-version',

⎯⎯⎯⎯⎯⎯⎯⎯⎯⎯⎯⎯⎯⎯⎯⎯⎯⎯⎯⎯⎯⎯⎯⎯[3/6]⎯

 FAIL  tests/domain/integrity.test.ts > rejects a previous dataset version id that refers to itself
AssertionError: expected [] to deeply equal [ { …(5) } ]

- Expected
+ Received

- [
-   {
-     "code": "invalid-previous-dataset-version",
-     "detail": "The previous dataset version id refers to this version.",
-     "entity": "DatasetVersion",
-     "entityId": "dvsource.syntheticsynthetic-1",
-     "field": "previousVersionId",
-   },
- ]
+ []

 ❯ tests/domain/integrity.test.ts:255:48
    253|     ],
    254|   });
    255|   expect(validateReferentialIntegrity(sealed)).toEqual([
       |                                                ^
    256|     {
    257|       code: 'invalid-previous-dataset-version',

⎯⎯⎯⎯⎯⎯⎯⎯⎯⎯⎯⎯⎯⎯⎯⎯⎯⎯⎯⎯⎯⎯⎯⎯[4/6]⎯

 FAIL  tests/domain/integrity.test.ts > rejects 31 February and 31 April as timestamps
AssertionError: expected [] to deeply equal [ 'DatasetVersion:importedAt' ]

- Expected
+ Received

- [
-   "DatasetVersion:importedAt",
- ]
+ []

 ❯ tests/domain/integrity.test.ts:281:51
    279|
    280| it('rejects 31 February and 31 April as timestamps', () => {
    281|   expect(timestampIssues('2026-02-31T00:00:00Z')).toEqual([
       |                                                   ^
    282|     'DatasetVersion:importedAt',
    283|   ]);

⎯⎯⎯⎯⎯⎯⎯⎯⎯⎯⎯⎯⎯⎯⎯⎯⎯⎯⎯⎯⎯⎯⎯⎯[5/6]⎯

 FAIL  tests/domain/integrity.test.ts > rejects 29 February outside a leap year and accepts it in a leap year
AssertionError: expected [] to deeply equal [ 'DatasetVersion:importedAt' ]

- Expected
+ Received

- [
-   "DatasetVersion:importedAt",
- ]
+ []

 ❯ tests/domain/integrity.test.ts:290:51
    288|
    289| it('rejects 29 February outside a leap year and accepts it in a leap y…
    290|   expect(timestampIssues('2026-02-29T00:00:00Z')).toEqual([
       |                                                   ^
    291|     'DatasetVersion:importedAt',
    292|   ]);

⎯⎯⎯⎯⎯⎯⎯⎯⎯⎯⎯⎯⎯⎯⎯⎯⎯⎯⎯⎯⎯⎯⎯⎯[6/6]⎯
