
> intermed@0.0.0 check
> npm run format:check && npm run lint && npm run typecheck && npm run test && npm run check:boundaries && npm audit --audit-level=low && npm run build && npm run test:browser


> intermed@0.0.0 format:check
> prettier --check .

Checking formatting...
All matched files use Prettier code style!

> intermed@0.0.0 lint
> eslint . --max-warnings 0


> intermed@0.0.0 typecheck
> tsc -p tsconfig.json && tsc -p packages/domain/tsconfig.json


> intermed@0.0.0 test
> vitest run


 RUN  v4.1.11 D:/Proiecte AI/InterMED


 Test Files  6 passed (6)
      Tests  24 passed (24)
   Start at  21:04:47
   Duration  1.29s (transform 148ms, setup 0ms, import 1.10s, tests 460ms, environment 2.15s)


> intermed@0.0.0 check:boundaries
> node scripts/check-boundaries.mjs

Architecture boundaries passed (18 source files; dependency-free domain).
found 0 vulnerabilities

> intermed@0.0.0 build
> npm run build --workspace @intermed/web


> @intermed/web@0.0.0 build
> vite build

vite v8.3.2 building client environment for production...
transforming...
✓ 124 modules transformed.
rendering chunks...
computing gzip size...
dist/index.html                   1.58 kB │ gzip:   0.64 kB
dist/assets/index-kdzZSpSC.css    2.80 kB │ gzip:   1.08 kB
dist/assets/index-DnPZp46U.js   332.67 kB │ gzip: 104.16 kB

✓ built in 196ms

> intermed@0.0.0 test:browser
> playwright test

node.exe : [WebServer] (node:27896) Warning: The 'NO_COLOR' env is ignored due to the 'FORCE_COLOR' env being set.
At line:1 char:1
+ & "D:\Proiecte AI\InterMED\.tools\node-v24.21.0-win-x64/node.exe" "D: ...
+ ~~~~~~~~~~~~~~~~~~~~~~~~~~~~~~~~~~~~~~~~~~~~~~~~~~~~~~~~~~~~~~~~~~~~~
    + CategoryInfo          : NotSpecified: ([WebServer] (no... env being set.:String) [], RemoteException
    + FullyQualifiedErrorId : NativeCommandError

[WebServer] (Use `node --trace-warnings ...` to show where the warning was created)
[WebServer] (node:6704) Warning: The 'NO_COLOR' env is ignored due to the 'FORCE_COLOR' env being set.
[WebServer] (Use `node --trace-warnings ...` to show where the warning was created)

Running 135 tests using 3 workers

(node:14884) Warning: The 'NO_COLOR' env is ignored due to the 'FORCE_COLOR' env being set.
(Use `node --trace-warnings ...` to show where the warning was created)
(node:62944) Warning: The 'NO_COLOR' env is ignored due to the 'FORCE_COLOR' env being set.
(Use `node --trace-warnings ...` to show where the warning was created)
(node:24552) Warning: The 'NO_COLOR' env is ignored due to the 'FORCE_COLOR' env being set.
(Use `node --trace-warnings ...` to show where the warning was created)
  ok   3 [chromium-desktop] › tests\browser\activation-failure.spec.ts:64:1 › bounds superseded waiting caches while retaining the active shell (542ms)
  ok   4 [chromium-desktop] › tests\browser\eviction-recovery.spec.ts:4:1 › explicit caching retry recovers a transient registration failure (238ms)
  ok   1 [chromium-desktop] › tests\browser\activation-failure.spec.ts:6:1 › failed activation cancels reload consent and a later controller change remains user-controlled (1.6s)
  ok   6 [chromium-desktop] › tests\browser\eviction-recovery.spec.ts:71:1 › user-controlled same-build repair restores an evicted shell without clearing other storage (297ms)
  ok   5 [chromium-desktop] › tests\browser\eviction-recovery.spec.ts:34:1 › confirmed complete cache eviction permits a real replacement build (1.4s)
  ok   2 [chromium-desktop] › tests\browser\activation-failure.spec.ts:142:1 › retains the actual prior active shell across three releases without cache-order assumptions (2.6s)
  ok   9 [chromium-desktop] › tests\browser\pwa-lifecycle.spec.ts:23:1 › offline origin outage preserves launch, reload and deep links (394ms)
  ok  10 [chromium-desktop] › tests\browser\pwa-lifecycle.spec.ts:52:1 › keeps prohibited responses, query variants and outside origins out of caches (278ms)
  ok  11 [chromium-desktop] › tests\browser\pwa-lifecycle.spec.ts:120:3 › reports unsuccessful initial caching: asset (123ms)
  ok  12 [chromium-desktop] › tests\browser\pwa-lifecycle.spec.ts:120:3 › reports unsuccessful initial caching: corrupt (117ms)
  ok   8 [chromium-desktop] › tests\browser\native-activation.spec.ts:6:1 › native activation after candidate eviction retains a usable prior offline shell (1.4s)
  ok   7 [chromium-desktop] › tests\browser\keyboard-update.spec.ts:47:1 › keyboard shell update waits, blocks other tabs, then reloads on request (1.7s)
  ok  13 [chromium-desktop] › tests\browser\pwa-lifecycle.spec.ts:120:3 › reports unsuccessful initial caching: storage (130ms)
  ok  14 [chromium-desktop] › tests\browser\pwa-lifecycle.spec.ts:135:1 › reports evicted cached assets instead of claiming permanent readiness (250ms)
  ok  16 [chromium-desktop] › tests\browser\pwa-lifecycle.spec.ts:280:3 › failed update retains the usable prior shell: asset (332ms)
  ok  17 [chromium-desktop] › tests\browser\pwa-lifecycle.spec.ts:280:3 › failed update retains the usable prior shell: corrupt (370ms)
  ok  18 [chromium-desktop] › tests\browser\pwa-lifecycle.spec.ts:280:3 › failed update retains the usable prior shell: storage (302ms)
  ok  19 [chromium-desktop] › tests\browser\pwa-lifecycle.spec.ts:280:3 › failed update retains the usable prior shell: worker (286ms)
  ok  20 [chromium-desktop] › tests\browser\pwa.spec.ts:4:1 › restricts document resources without blocking the same-origin shell (205ms)
  ok  22 [chromium-desktop] › tests\browser\pwa.spec.ts:118:1 › provides install identity, metadata and decodable normal/maskable icons (173ms)
  ok  21 [chromium-desktop] › tests\browser\pwa.spec.ts:81:1 › does not apply the production CSP to the Vite development server (304ms)
  ok  24 [chromium-desktop] › tests\browser\pwa.spec.ts:236:1 › explains installation differences and browser storage limits (134ms)
  ok  23 [chromium-desktop] › tests\browser\pwa.spec.ts:190:1 › caches only the shell and launches/reloads existing deep links offline (368ms)
  ok  25 [chromium-desktop] › tests\browser\pwa.spec.ts:249:1 › reports registration failure without claiming offline readiness (132ms)
  ok  26 [chromium-desktop] › tests\browser\pwa.spec.ts:266:1 › does not fabricate an app fallback for a brand-new offline visit (111ms)
  ok  15 [chromium-desktop] › tests\browser\pwa-lifecycle.spec.ts:155:1 › two real builds wait for user action, block multiple tabs and preserve synthetic storage (1.8s)
  ok  29 [chromium-desktop] › tests\browser\review-regressions.spec.ts:4:1 › a failed network update check preserves an already waiting usable release (1.4s)
  ok  30 [chromium-desktop] › tests\browser\review-regressions.spec.ts:65:3 › cached html corruption loses readiness and can be explicitly repaired (259ms)
  ok  31 [chromium-desktop] › tests\browser\review-regressions.spec.ts:65:3 › cached javascript corruption loses readiness and can be explicitly repaired (261ms)
  ok  32 [chromium-desktop] › tests\browser\review-regressions.spec.ts:124:1 › damaged waiting JavaScript refuses activation and preserves the usable active shell (363ms)
  ok  28 [chromium-desktop] › tests\browser\recovery-update.spec.ts:71:1 › a usable waiting recovery update survives fallback probes and page reload until explicit activation (2.8s)
  ok  34 [chromium-desktop] › tests\browser\review-regressions.spec.ts:235:3 › cached javascript with a misleading MIME substring is not ready (323ms)
  ok  35 [chromium-desktop] › tests\browser\review-regressions.spec.ts:235:3 › cached html with a misleading MIME substring is not ready (245ms)
  ok  36 [chromium-desktop] › tests\browser\shell.spec.ts:3:1 › launches a nonclinical shell without external requests or input forms (121ms)
  ok  37 [chromium-desktop] › tests\browser\shell.spec.ts:22:1 › navigates and reloads a deep link (198ms)
  ok  27 [chromium-desktop] › tests\browser\recovery-update.spec.ts:43:1 › rollback A to B to A then evicted C retains the actual last activated shell offline (3.8s)
  ok  38 [chromium-desktop] › tests\browser\shell.spec.ts:38:1 › recovers from an unknown route (171ms)
  ok  39 [chromium-desktop] › tests\browser\shell.spec.ts:49:1 › supports keyboard skip navigation (155ms)
  ok  33 [chromium-desktop] › tests\browser\review-regressions.spec.ts:178:1 › an evicted candidate cannot fall back to damaged prior HTML (1.4s)
  ok  40 [chromium-desktop] › tests\browser\shell.spec.ts:62:1 › fits the viewport and records a synthetic shell screenshot (191ms)
  ok  43 [chromium-desktop] › tests\browser\storage-recovery.spec.ts:33:1 › activation storage rejection reports failure and clears reload consent (360ms)
  ok  44 [chromium-desktop] › tests\browser\storage-recovery.spec.ts:71:1 › active storage rejection permits an online network reload and reports offline unavailable (200ms)
  ok  41 [chromium-desktop] › tests\browser\slow-cache.spec.ts:5:3 › slow synthetic storage keeps status within the readiness deadline (987ms)
  ok  45 [chromium-desktop] › tests\browser\storage-recovery.spec.ts:102:1 › a replacement cannot remove the prior shell when active storage status is unavailable (281ms)
  ok  42 [chromium-desktop] › tests\browser\slow-cache.spec.ts:5:3 › slow synthetic storage keeps javascript within the readiness deadline (997ms)
(node:61904) Warning: The 'NO_COLOR' env is ignored due to the 'FORCE_COLOR' env being set.
(Use `node --trace-warnings ...` to show where the warning was created)
(node:11944) Warning: The 'NO_COLOR' env is ignored due to the 'FORCE_COLOR' env being set.
(Use `node --trace-warnings ...` to show where the warning was created)
(node:37152) Warning: The 'NO_COLOR' env is ignored due to the 'FORCE_COLOR' env being set.
(Use `node --trace-warnings ...` to show where the warning was created)
  ok  47 [webkit-phone] › tests\browser\activation-failure.spec.ts:64:1 › bounds superseded waiting caches while retaining the active shell (995ms)
  ok  46 [webkit-phone] › tests\browser\activation-failure.spec.ts:6:1 › failed activation cancels reload consent and a later controller change remains user-controlled (1.3s)
  ok  49 [webkit-phone] › tests\browser\eviction-recovery.spec.ts:4:1 › explicit caching retry recovers a transient registration failure (466ms)
  ok  48 [webkit-phone] › tests\browser\activation-failure.spec.ts:142:1 › retains the actual prior active shell across three releases without cache-order assumptions (2.1s)
  ok  50 [webkit-phone] › tests\browser\eviction-recovery.spec.ts:34:1 › confirmed complete cache eviction permits a real replacement build (932ms)
  ok  51 [webkit-phone] › tests\browser\eviction-recovery.spec.ts:71:1 › user-controlled same-build repair restores an evicted shell without clearing other storage (739ms)
  ok  54 [webkit-phone] › tests\browser\pwa-lifecycle.spec.ts:23:1 › offline origin outage preserves launch, reload and deep links (850ms)
  ok  52 [webkit-phone] › tests\browser\keyboard-update.spec.ts:47:1 › keyboard shell update waits, blocks other tabs, then reloads on request (1.6s)
  ok  53 [webkit-phone] › tests\browser\native-activation.spec.ts:6:1 › native activation after candidate eviction retains a usable prior offline shell (1.6s)
  ok  56 [webkit-phone] › tests\browser\pwa-lifecycle.spec.ts:120:3 › reports unsuccessful initial caching: asset (257ms)
  ok  57 [webkit-phone] › tests\browser\pwa-lifecycle.spec.ts:120:3 › reports unsuccessful initial caching: corrupt (236ms)
  ok  55 [webkit-phone] › tests\browser\pwa-lifecycle.spec.ts:52:1 › keeps prohibited responses, query variants and outside origins out of caches (1.0s)
  ok  58 [webkit-phone] › tests\browser\pwa-lifecycle.spec.ts:120:3 › reports unsuccessful initial caching: storage (260ms)
  ok  59 [webkit-phone] › tests\browser\pwa-lifecycle.spec.ts:135:1 › reports evicted cached assets instead of claiming permanent readiness (551ms)
  ok  61 [webkit-phone] › tests\browser\pwa-lifecycle.spec.ts:280:3 › failed update retains the usable prior shell: asset (859ms)
  ok  62 [webkit-phone] › tests\browser\pwa-lifecycle.spec.ts:280:3 › failed update retains the usable prior shell: corrupt (840ms)
  ok  63 [webkit-phone] › tests\browser\pwa-lifecycle.spec.ts:280:3 › failed update retains the usable prior shell: storage (745ms)
  ok  64 [webkit-phone] › tests\browser\pwa-lifecycle.spec.ts:280:3 › failed update retains the usable prior shell: worker (693ms)
  ok  65 [webkit-phone] › tests\browser\pwa.spec.ts:4:1 › restricts document resources without blocking the same-origin shell (364ms)
  ok  60 [webkit-phone] › tests\browser\pwa-lifecycle.spec.ts:155:1 › two real builds wait for user action, block multiple tabs and preserve synthetic storage (2.0s)
  ok  66 [webkit-phone] › tests\browser\pwa.spec.ts:81:1 › does not apply the production CSP to the Vite development server (411ms)
  ok  67 [webkit-phone] › tests\browser\pwa.spec.ts:118:1 › provides install identity, metadata and decodable normal/maskable icons (352ms)
  ok  69 [webkit-phone] › tests\browser\pwa.spec.ts:236:1 › explains installation differences and browser storage limits (259ms)
  ok  70 [webkit-phone] › tests\browser\pwa.spec.ts:249:1 › reports registration failure without claiming offline readiness (240ms)
  ok  71 [webkit-phone] › tests\browser\pwa.spec.ts:266:1 › does not fabricate an app fallback for a brand-new offline visit (195ms)
  ok  68 [webkit-phone] › tests\browser\pwa.spec.ts:190:1 › caches only the shell and launches/reloads existing deep links offline (923ms)
  ok  74 [webkit-phone] › tests\browser\review-regressions.spec.ts:4:1 › a failed network update check preserves an already waiting usable release (1.2s)
  ok  75 [webkit-phone] › tests\browser\review-regressions.spec.ts:65:3 › cached html corruption loses readiness and can be explicitly repaired (987ms)
  ok  73 [webkit-phone] › tests\browser\recovery-update.spec.ts:71:1 › a usable waiting recovery update survives fallback probes and page reload until explicit activation (2.6s)
  ok  72 [webkit-phone] › tests\browser\recovery-update.spec.ts:43:1 › rollback A to B to A then evicted C retains the actual last activated shell offline (3.1s)
  ok  76 [webkit-phone] › tests\browser\review-regressions.spec.ts:65:3 › cached javascript corruption loses readiness and can be explicitly repaired (873ms)
  ok  77 [webkit-phone] › tests\browser\review-regressions.spec.ts:124:1 › damaged waiting JavaScript refuses activation and preserves the usable active shell (975ms)
  ok  79 [webkit-phone] › tests\browser\review-regressions.spec.ts:235:3 › cached javascript with a misleading MIME substring is not ready (735ms)
  ok  81 [webkit-phone] › tests\browser\shell.spec.ts:3:1 › launches a nonclinical shell without external requests or input forms (237ms)
  ok  80 [webkit-phone] › tests\browser\review-regressions.spec.ts:235:3 › cached html with a misleading MIME substring is not ready (771ms)
  ok  78 [webkit-phone] › tests\browser\review-regressions.spec.ts:178:1 › an evicted candidate cannot fall back to damaged prior HTML (1.7s)
  ok  82 [webkit-phone] › tests\browser\shell.spec.ts:22:1 › navigates and reloads a deep link (529ms)
  ok  83 [webkit-phone] › tests\browser\shell.spec.ts:38:1 › recovers from an unknown route (410ms)
  ok  84 [webkit-phone] › tests\browser\shell.spec.ts:49:1 › supports keyboard skip navigation (297ms)
  ok  85 [webkit-phone] › tests\browser\shell.spec.ts:62:1 › fits the viewport and records a synthetic shell screenshot (357ms)
  ok  88 [webkit-phone] › tests\browser\storage-recovery.spec.ts:33:1 › activation storage rejection reports failure and clears reload consent (741ms)
  ok  86 [webkit-phone] › tests\browser\slow-cache.spec.ts:5:3 › slow synthetic storage keeps status within the readiness deadline (1.2s)
  ok  87 [webkit-phone] › tests\browser\slow-cache.spec.ts:5:3 › slow synthetic storage keeps javascript within the readiness deadline (1.2s)
  ok  89 [webkit-phone] › tests\browser\storage-recovery.spec.ts:71:1 › active storage rejection permits an online network reload and reports offline unavailable (441ms)
(node:53648) Warning: The 'NO_COLOR' env is ignored due to the 'FORCE_COLOR' env being set.
(Use `node --trace-warnings ...` to show where the warning was created)
(node:39648) Warning: The 'NO_COLOR' env is ignored due to the 'FORCE_COLOR' env being set.
(Use `node --trace-warnings ...` to show where the warning was created)
  ok  90 [webkit-phone] › tests\browser\storage-recovery.spec.ts:102:1 › a replacement cannot remove the prior shell when active storage status is unavailable (871ms)
(node:25176) Warning: The 'NO_COLOR' env is ignored due to the 'FORCE_COLOR' env being set.
(Use `node --trace-warnings ...` to show where the warning was created)
  ok  92 [webkit-tablet] › tests\browser\activation-failure.spec.ts:64:1 › bounds superseded waiting caches while retaining the active shell (1.1s)
  ok  91 [webkit-tablet] › tests\browser\activation-failure.spec.ts:6:1 › failed activation cancels reload consent and a later controller change remains user-controlled (1.3s)
  ok  94 [webkit-tablet] › tests\browser\eviction-recovery.spec.ts:4:1 › explicit caching retry recovers a transient registration failure (453ms)
  ok  95 [webkit-tablet] › tests\browser\eviction-recovery.spec.ts:34:1 › confirmed complete cache eviction permits a real replacement build (913ms)
  ok  96 [webkit-tablet] › tests\browser\eviction-recovery.spec.ts:71:1 › user-controlled same-build repair restores an evicted shell without clearing other storage (786ms)
  ok  93 [webkit-tablet] › tests\browser\activation-failure.spec.ts:142:1 › retains the actual prior active shell across three releases without cache-order assumptions (2.0s)
  ok  99 [webkit-tablet] › tests\browser\pwa-lifecycle.spec.ts:23:1 › offline origin outage preserves launch, reload and deep links (843ms)
  ok  98 [webkit-tablet] › tests\browser\native-activation.spec.ts:6:1 › native activation after candidate eviction retains a usable prior offline shell (1.6s)
  ok 101 [webkit-tablet] › tests\browser\pwa-lifecycle.spec.ts:120:3 › reports unsuccessful initial caching: asset (244ms)
  ok 102 [webkit-tablet] › tests\browser\pwa-lifecycle.spec.ts:120:3 › reports unsuccessful initial caching: corrupt (301ms)
  ok  97 [webkit-tablet] › tests\browser\keyboard-update.spec.ts:47:1 › keyboard shell update waits, blocks other tabs, then reloads on request (2.3s)
  ok 100 [webkit-tablet] › tests\browser\pwa-lifecycle.spec.ts:52:1 › keeps prohibited responses, query variants and outside origins out of caches (1.1s)
  ok 103 [webkit-tablet] › tests\browser\pwa-lifecycle.spec.ts:120:3 › reports unsuccessful initial caching: storage (258ms)
  ok 104 [webkit-tablet] › tests\browser\pwa-lifecycle.spec.ts:135:1 › reports evicted cached assets instead of claiming permanent readiness (533ms)
  ok 106 [webkit-tablet] › tests\browser\pwa-lifecycle.spec.ts:280:3 › failed update retains the usable prior shell: asset (742ms)
  ok 107 [webkit-tablet] › tests\browser\pwa-lifecycle.spec.ts:280:3 › failed update retains the usable prior shell: corrupt (811ms)
  ok 108 [webkit-tablet] › tests\browser\pwa-lifecycle.spec.ts:280:3 › failed update retains the usable prior shell: storage (760ms)
  ok 109 [webkit-tablet] › tests\browser\pwa-lifecycle.spec.ts:280:3 › failed update retains the usable prior shell: worker (757ms)
  ok 110 [webkit-tablet] › tests\browser\pwa.spec.ts:4:1 › restricts document resources without blocking the same-origin shell (429ms)
  ok 105 [webkit-tablet] › tests\browser\pwa-lifecycle.spec.ts:155:1 › two real builds wait for user action, block multiple tabs and preserve synthetic storage (2.2s)
  ok 112 [webkit-tablet] › tests\browser\pwa.spec.ts:118:1 › provides install identity, metadata and decodable normal/maskable icons (393ms)
  ok 111 [webkit-tablet] › tests\browser\pwa.spec.ts:81:1 › does not apply the production CSP to the Vite development server (463ms)
  ok 114 [webkit-tablet] › tests\browser\pwa.spec.ts:236:1 › explains installation differences and browser storage limits (290ms)
  ok 115 [webkit-tablet] › tests\browser\pwa.spec.ts:249:1 › reports registration failure without claiming offline readiness (279ms)
  ok 116 [webkit-tablet] › tests\browser\pwa.spec.ts:266:1 › does not fabricate an app fallback for a brand-new offline visit (207ms)
  ok 113 [webkit-tablet] › tests\browser\pwa.spec.ts:190:1 › caches only the shell and launches/reloads existing deep links offline (953ms)
  ok 119 [webkit-tablet] › tests\browser\review-regressions.spec.ts:4:1 › a failed network update check preserves an already waiting usable release (1.0s)
  ok 120 [webkit-tablet] › tests\browser\review-regressions.spec.ts:65:3 › cached html corruption loses readiness and can be explicitly repaired (792ms)
  ok 118 [webkit-tablet] › tests\browser\recovery-update.spec.ts:71:1 › a usable waiting recovery update survives fallback probes and page reload until explicit activation (2.5s)
  ok 117 [webkit-tablet] › tests\browser\recovery-update.spec.ts:43:1 › rollback A to B to A then evicted C retains the actual last activated shell offline (2.7s)
  ok 121 [webkit-tablet] › tests\browser\review-regressions.spec.ts:65:3 › cached javascript corruption loses readiness and can be explicitly repaired (848ms)
  ok 122 [webkit-tablet] › tests\browser\review-regressions.spec.ts:124:1 › damaged waiting JavaScript refuses activation and preserves the usable active shell (931ms)
  ok 124 [webkit-tablet] › tests\browser\review-regressions.spec.ts:235:3 › cached javascript with a misleading MIME substring is not ready (845ms)
  ok 126 [webkit-tablet] › tests\browser\shell.spec.ts:3:1 › launches a nonclinical shell without external requests or input forms (235ms)
  ok 125 [webkit-tablet] › tests\browser\review-regressions.spec.ts:235:3 › cached html with a misleading MIME substring is not ready (866ms)
  ok 123 [webkit-tablet] › tests\browser\review-regressions.spec.ts:178:1 › an evicted candidate cannot fall back to damaged prior HTML (1.8s)
  ok 127 [webkit-tablet] › tests\browser\shell.spec.ts:22:1 › navigates and reloads a deep link (585ms)
  ok 129 [webkit-tablet] › tests\browser\shell.spec.ts:49:1 › supports keyboard skip navigation (325ms)
  ok 128 [webkit-tablet] › tests\browser\shell.spec.ts:38:1 › recovers from an unknown route (439ms)
  ok 130 [webkit-tablet] › tests\browser\shell.spec.ts:62:1 › fits the viewport and records a synthetic shell screenshot (358ms)
  ok 133 [webkit-tablet] › tests\browser\storage-recovery.spec.ts:33:1 › activation storage rejection reports failure and clears reload consent (712ms)
  ok 131 [webkit-tablet] › tests\browser\slow-cache.spec.ts:5:3 › slow synthetic storage keeps status within the readiness deadline (1.2s)
  ok 132 [webkit-tablet] › tests\browser\slow-cache.spec.ts:5:3 › slow synthetic storage keeps javascript within the readiness deadline (1.2s)
  ok 134 [webkit-tablet] › tests\browser\storage-recovery.spec.ts:71:1 › active storage rejection permits an online network reload and reports offline unavailable (529ms)
  ok 135 [webkit-tablet] › tests\browser\storage-recovery.spec.ts:102:1 › a replacement cannot remove the prior shell when active storage status is unavailable (856ms)

  135 passed (43.1s)
