# Sourcemap byte attribution of the single pre-split JavaScript chunk.
# Command: node node_modules/vite/bin/vite.js build --sourcemap --outDir <temp outside repo>
# Script:  node attribute-bytes.mjs <temp>/assets index-CJvC-D9w.js
# Counts are generated characters attributed to each source module.
asset: index-CJvC-D9w.js
generated bytes: 546148  attributed chars: 543727

--- top source modules (by attributed chars) ---
  203322  37.23% <repo>/node_modules/react-dom/cjs/react-dom-client.production.js
   95011  17.40% <repo>/node_modules/dexie/dist/dexie.min.js
   38262   7.01% <repo>/node_modules/react-router/dist/development/chunk-OB3PAWPO.mjs
   24091   4.41% <repo>/node_modules/zod/v4/core/schemas.js
   12745   2.33% <repo>/node_modules/zod/v4/classic/schemas.js
   11493   2.10% <repo>/apps/web/src/presentation/MedicationDetailPage.tsx
    8833   1.62% <repo>/node_modules/zod/v4/core/util.js
    8833   1.62% <repo>/node_modules/zod/v4/core/json-schema-processors.js
    8662   1.59% <repo>/node_modules/zod/v4/core/to-json-schema.js
    7828   1.43% <repo>/node_modules/react/cjs/react.production.js
    7790   1.43% <repo>/packages/local-store/src/update-pipeline.ts
    7540   1.38% <repo>/packages/domain/src/integrity.ts
    7154   1.31% <repo>/packages/domain/src/serialize.ts
    6957   1.27% <repo>/packages/local-store/src/retention.ts
    5936   1.09% <repo>/apps/web/src/presentation/MedicationSearchPage.tsx
    4965   0.91% <repo>/node_modules/zod/v4/core/api.js
    4858   0.89% <repo>/node_modules/zod/v4/core/checks.js
    4856   0.89% <repo>/apps/web/src/presentation/App.tsx
    4061   0.74% <repo>/apps/web/src/presentation/DatasetStatus.tsx
    3828   0.70% <repo>/packages/local-store/src/store.ts
    3570   0.65% <repo>/node_modules/react-dom/cjs/react-dom.production.js
    3495   0.64% <repo>/node_modules/scheduler/cjs/scheduler.production.js
    3265   0.60% <repo>/node_modules/zod/v4/core/memoizer.js
    3189   0.58% <repo>/packages/data-access/src/validate-synthetic-source.ts
    3086   0.57% <repo>/node_modules/zod/v4/core/regexes.js
    2984   0.55% <repo>/packages/local-store/src/preferences.ts
    2799   0.51% <repo>/apps/web/src/presentation/search-status.ts
    2778   0.51% <repo>/packages/local-store/src/validate.ts
    2749   0.50% <repo>/apps/web/src/infrastructure/browser-shell.ts
    2671   0.49% <repo>/node_modules/zod/v4/locales/en.js
    2423   0.44% <repo>/node_modules/zod/v4/core/parse.js
    2374   0.43% <repo>/apps/web/src/presentation/ShellStatus.tsx
    2216   0.41% <repo>/packages/local-store/src/schema.ts
    2208   0.40% <repo>/apps/web/src/application/medication-search.ts
    2183   0.40% <repo>/packages/data-access/src/synthetic-fixture.ts
    1816   0.33% <repo>/node_modules/zod/v4/core/errors.js
    1710   0.31% <repo>/node_modules/zod/v4/core/core.js
    1592   0.29% <repo>/node_modules/react-dom/client.js
    1589   0.29% <repo>/apps/web/src/presentation/search-disambiguation.ts
    1434   0.26% <repo>/packages/local-store/src/locks.ts

--- grouped ---
  208706  38.21% vendor/react-dom
   99475  18.21% app
   95377  17.46% vendor/dexie
   90173  16.51% vendor/zod
   38262   7.01% vendor/react-router
    8213   1.50% vendor/react
    3521   0.64% vendor/scheduler
