> intermed@0.0.0 check
> npm run format:check && npm run lint && npm run typecheck && npm run test && npm run check:boundaries && npm audit --audit-level=low && npm run build && npm run scan:dist && npm run test:browser
> intermed@0.0.0 format:check
> prettier --check .
Checking formatting...
All matched files use Prettier code style!
> intermed@0.0.0 lint
> eslint . --max-warnings 0
> intermed@0.0.0 typecheck
> tsc -p tsconfig.json && tsc -p packages/domain/tsconfig.json && tsc -p packages/importer/tsconfig.json
> intermed@0.0.0 test
> vitest run
 RUN  v4.1.11 <repo>
 Test Files  57 passed (57)
      Tests  926 passed (926)
   Start at  03:06:11
   Duration  26.20s (transform 10.24s, setup 0ms, import 33.34s, tests 56.61s, environment 21.70s)
> intermed@0.0.0 check:boundaries
> node scripts/check-boundaries.mjs
Architecture boundaries passed (94 source files; dependency-free domain; local-store confined to the composition root).
found 0 vulnerabilities
> intermed@0.0.0 build
> npm run build --workspace @intermed/web
> @intermed/web@0.0.0 build
> vite build
vite v8.3.2 building client environment for production...
transforming...
 169 modules transformed.
rendering chunks...
computing gzip size...
dist/index.html                                 1.92 kB  gzip:  0.72 kB
dist/assets/index-DOYJIIIf.css                  6.57 kB  gzip:  1.83 kB
dist/assets/rolldown-runtime-CbXtAM7H.js        0.58 kB  gzip:  0.36 kB
dist/assets/search-status-BRMNX2ez.js           2.80 kB  gzip:  1.03 kB
dist/assets/MedicationSearchPage--EBHNNTw.js    7.74 kB  gzip:  2.60 kB
dist/assets/MedicationDetailPage-BfV-mVF_.js   12.69 kB  gzip:  3.58 kB
dist/assets/index-CZd_BdJN.js                  78.07 kB  gzip: 22.35 kB
dist/assets/zod-vendor-C0xu5dkI.js             90.91 kB  gzip: 25.65 kB
dist/assets/dexie-vendor-IbC1YGSs.js           95.19 kB  gzip: 31.30 kB
dist/assets/framework-vendor-b34q1Hby.js      258.58 kB  gzip: 82.08 kB
 built in 180ms
> intermed@0.0.0 scan:dist
> node scripts/scan-dist-secrets.mjs
scan-dist-secrets: 16 file(s) scanned in <repo>\apps\web\dist, no credential-shaped strings.
> intermed@0.0.0 test:browser
> playwright test
Running 159 tests using 3 workers
  ok   2 [chromium-desktop]  tests\browser\activation-failure.spec.ts:64:1  bounds superseded waiting caches while retaining the active shell (1.1s)
  ok   4 [chromium-desktop]  tests\browser\eviction-recovery.spec.ts:4:1  explicit caching retry recovers a transient registration failure (236ms)
  ok   1 [chromium-desktop]  tests\browser\activation-failure.spec.ts:6:1  failed activation cancels reload consent and a later controller change remains user-controlled (2.2s)
  ok   6 [chromium-desktop]  tests\browser\eviction-recovery.spec.ts:71:1  user-controlled same-build repair restores an evicted shell without clearing other storage (407ms)
  ok   5 [chromium-desktop]  tests\browser\eviction-recovery.spec.ts:34:1  confirmed complete cache eviction permits a real replacement build (1.4s)
  ok   3 [chromium-desktop]  tests\browser\activation-failure.spec.ts:142:1  retains the actual prior active shell across three releases without cache-order assumptions (3.2s)
  ok   8 [chromium-desktop]  tests\browser\local-store.spec.ts:42:1  shows never-downloaded in default mode and downloads nothing (590ms)
  ok   9 [chromium-desktop]  tests\browser\local-store.spec.ts:99:1  reads a staged generation after a restart and while offline (476ms)
  ok  10 [chromium-desktop]  tests\browser\local-store.spec.ts:153:1  two tabs evaluating during an activation each see one coherent generation (380ms)
  ok  12 [chromium-desktop]  tests\browser\local-store.spec.ts:289:1  the production bundle contains no test-only harness code (19ms)
  ok  11 [chromium-desktop]  tests\browser\local-store.spec.ts:245:1  an old tab reports reload-required instead of losing data on an upgrade (347ms)
  ok   7 [chromium-desktop]  tests\browser\keyboard-update.spec.ts:47:1  keyboard shell update waits, blocks other tabs, then reloads on request (1.8s)
  ok  13 [chromium-desktop]  tests\browser\medication-search.spec.ts:249:3  medication search browser coverage  searches and opens a local candidate by keyboard after going offline (1.1s)
  ok  14 [chromium-desktop]  tests\browser\native-activation.spec.ts:6:1  native activation after candidate eviction retains a usable prior offline shell (1.4s)
  ok  15 [chromium-desktop]  tests\browser\offline-deeplinks.spec.ts:21:1  renders offline deep links to /search and /medication/:id from the precache (1.1s)
  ok  18 [chromium-desktop]  tests\browser\pwa-lifecycle.spec.ts:52:1  keeps prohibited responses, query variants and outside origins out of caches (300ms)
  ok  17 [chromium-desktop]  tests\browser\pwa-lifecycle.spec.ts:23:1  offline origin outage preserves launch, reload and deep links (425ms)
  ok  19 [chromium-desktop]  tests\browser\pwa-lifecycle.spec.ts:120:3  reports unsuccessful initial caching: asset (175ms)
  ok  20 [chromium-desktop]  tests\browser\pwa-lifecycle.spec.ts:120:3  reports unsuccessful initial caching: corrupt (176ms)
  ok  21 [chromium-desktop]  tests\browser\pwa-lifecycle.spec.ts:120:3  reports unsuccessful initial caching: storage (141ms)
  ok  22 [chromium-desktop]  tests\browser\pwa-lifecycle.spec.ts:135:1  reports evicted cached assets instead of claiming permanent readiness (236ms)
  ok  24 [chromium-desktop]  tests\browser\pwa-lifecycle.spec.ts:280:3  failed update retains the usable prior shell: asset (354ms)
  ok  25 [chromium-desktop]  tests\browser\pwa-lifecycle.spec.ts:280:3  failed update retains the usable prior shell: corrupt (335ms)
  ok  26 [chromium-desktop]  tests\browser\pwa-lifecycle.spec.ts:280:3  failed update retains the usable prior shell: storage (301ms)
  ok  27 [chromium-desktop]  tests\browser\pwa-lifecycle.spec.ts:280:3  failed update retains the usable prior shell: worker (257ms)
  ok  28 [chromium-desktop]  tests\browser\pwa.spec.ts:4:1  restricts document resources without blocking the same-origin shell (212ms)
  ok  23 [chromium-desktop]  tests\browser\pwa-lifecycle.spec.ts:155:1  two real builds wait for user action, block multiple tabs and preserve synthetic storage (1.9s)
  ok  29 [chromium-desktop]  tests\browser\pwa.spec.ts:81:1  does not apply the production CSP to the Vite development server (339ms)
  ok  30 [chromium-desktop]  tests\browser\pwa.spec.ts:118:1  provides install identity, metadata and decodable normal/maskable icons (184ms)
  ok  32 [chromium-desktop]  tests\browser\pwa.spec.ts:236:1  explains installation differences and browser storage limits (149ms)
  ok  33 [chromium-desktop]  tests\browser\pwa.spec.ts:249:1  reports registration failure without claiming offline readiness (146ms)
  ok  31 [chromium-desktop]  tests\browser\pwa.spec.ts:190:1  caches only the shell and launches/reloads existing deep links offline (429ms)
  ok  34 [chromium-desktop]  tests\browser\pwa.spec.ts:266:1  does not fabricate an app fallback for a brand-new offline visit (120ms)
  ok  36 [chromium-desktop]  tests\browser\recovery-update.spec.ts:71:1  a usable waiting recovery update survives fallback probes and page reload until explicit activation (2.8s)
  ok  35 [chromium-desktop]  tests\browser\recovery-update.spec.ts:43:1  rollback A to B to A then evicted C retains the actual last activated shell offline (3.8s)
  ok  38 [chromium-desktop]  tests\browser\review-regressions.spec.ts:65:3  cached html corruption loses readiness and can be explicitly repaired (333ms)
  ok  37 [chromium-desktop]  tests\browser\review-regressions.spec.ts:4:1  a failed network update check preserves an already waiting usable release (1.4s)
  ok  39 [chromium-desktop]  tests\browser\review-regressions.spec.ts:65:3  cached javascript corruption loses readiness and can be explicitly repaired (351ms)
  ok  40 [chromium-desktop]  tests\browser\review-regressions.spec.ts:124:1  damaged waiting JavaScript refuses activation and preserves the usable active shell (438ms)
  ok  42 [chromium-desktop]  tests\browser\review-regressions.spec.ts:235:3  cached javascript with a misleading MIME substring is not ready (359ms)
  ok  43 [chromium-desktop]  tests\browser\review-regressions.spec.ts:235:3  cached html with a misleading MIME substring is not ready (340ms)
  ok  44 [chromium-desktop]  tests\browser\shell.spec.ts:3:1  launches a nonclinical shell without external requests or input forms (145ms)
  ok  45 [chromium-desktop]  tests\browser\shell.spec.ts:22:1  navigates and reloads a deep link (225ms)
  ok  46 [chromium-desktop]  tests\browser\shell.spec.ts:38:1  recovers from an unknown route (215ms)
  ok  41 [chromium-desktop]  tests\browser\review-regressions.spec.ts:178:1  an evicted candidate cannot fall back to damaged prior HTML (1.5s)
  ok  47 [chromium-desktop]  tests\browser\shell.spec.ts:49:1  supports keyboard skip navigation (185ms)
  ok  48 [chromium-desktop]  tests\browser\shell.spec.ts:62:1  fits the viewport and records a synthetic shell screenshot (233ms)
  ok  49 [chromium-desktop]  tests\browser\slow-cache.spec.ts:5:3  slow synthetic storage keeps status within the readiness deadline (1.0s)
  ok  50 [chromium-desktop]  tests\browser\slow-cache.spec.ts:5:3  slow synthetic storage keeps javascript within the readiness deadline (1.1s)
  ok  52 [chromium-desktop]  tests\browser\storage-recovery.spec.ts:71:1  active storage rejection permits an online network reload and reports offline unavailable (240ms)
  ok  51 [chromium-desktop]  tests\browser\storage-recovery.spec.ts:33:1  activation storage rejection reports failure and clears reload consent (431ms)
  ok  53 [chromium-desktop]  tests\browser\storage-recovery.spec.ts:102:1  a replacement cannot remove the prior shell when active storage status is unavailable (315ms)
  ok  55 [webkit-phone]  tests\browser\activation-failure.spec.ts:64:1  bounds superseded waiting caches while retaining the active shell (1.1s)
  ok  54 [webkit-phone]  tests\browser\activation-failure.spec.ts:6:1  failed activation cancels reload consent and a later controller change remains user-controlled (1.4s)
  ok  57 [webkit-phone]  tests\browser\eviction-recovery.spec.ts:4:1  explicit caching retry recovers a transient registration failure (503ms)
  ok  58 [webkit-phone]  tests\browser\eviction-recovery.spec.ts:34:1  confirmed complete cache eviction permits a real replacement build (1.2s)
  ok  56 [webkit-phone]  tests\browser\activation-failure.spec.ts:142:1  retains the actual prior active shell across three releases without cache-order assumptions (2.6s)
  ok  59 [webkit-phone]  tests\browser\eviction-recovery.spec.ts:71:1  user-controlled same-build repair restores an evicted shell without clearing other storage (960ms)
  ok  61 [webkit-phone]  tests\browser\local-store.spec.ts:42:1  shows never-downloaded in default mode and downloads nothing (803ms)
  ok  60 [webkit-phone]  tests\browser\keyboard-update.spec.ts:47:1  keyboard shell update waits, blocks other tabs, then reloads on request (2.5s)
  ok  62 [webkit-phone]  tests\browser\local-store.spec.ts:99:1  reads a staged generation after a restart and while offline (3.4s)
M7A_SEARCH_PERFORMANCE {"productCount":20000,"bundleBuildMilliseconds":1964.3,"localStoreStagingMilliseconds":4728.2,"totalFixtureMilliseconds":6692.5,"indexMilliseconds":601.4,"indexedProductCount":20000,"warmupKeyToRenderMilliseconds":845.9,"keyToRenderP95Milliseconds":{"oneCharacter":267.7,"twoCharacters":251.5,"fourCharacters":253.7},"coreSearchP95Milliseconds":{"oneCharacter":5.2,"twoCharacters":4,"fourCharacters":3.7}}
  ok  16 [chromium-desktop]  tests\browser\medication-search.spec.ts:423:3  medication search browser coverage  measures local search on a 20,000-product fictional catalogue (24.1s)
  ok  63 [webkit-phone]  tests\browser\local-store.spec.ts:153:1  two tabs evaluating during an activation each see one coherent generation (4.4s)
  ok  64 [webkit-phone]  tests\browser\local-store.spec.ts:245:1  an old tab reports reload-required instead of losing data on an upgrade (2.5s)
  ok  67 [webkit-phone]  tests\browser\local-store.spec.ts:289:1  the production bundle contains no test-only harness code (18ms)
  ok  66 [webkit-phone]  tests\browser\native-activation.spec.ts:6:1  native activation after candidate eviction retains a usable prior offline shell (1.9s)
  ok  69 [webkit-phone]  tests\browser\pwa-lifecycle.spec.ts:23:1  offline origin outage preserves launch, reload and deep links (959ms)
  ok  68 [webkit-phone]  tests\browser\offline-deeplinks.spec.ts:21:1  renders offline deep links to /search and /medication/:id from the precache (3.8s)
  ok  70 [webkit-phone]  tests\browser\pwa-lifecycle.spec.ts:52:1  keeps prohibited responses, query variants and outside origins out of caches (1.4s)
  ok  71 [webkit-phone]  tests\browser\pwa-lifecycle.spec.ts:120:3  reports unsuccessful initial caching: asset (350ms)
  ok  73 [webkit-phone]  tests\browser\pwa-lifecycle.spec.ts:120:3  reports unsuccessful initial caching: storage (318ms)
  ok  72 [webkit-phone]  tests\browser\pwa-lifecycle.spec.ts:120:3  reports unsuccessful initial caching: corrupt (388ms)
  ok  74 [webkit-phone]  tests\browser\pwa-lifecycle.spec.ts:135:1  reports evicted cached assets instead of claiming permanent readiness (625ms)
  ok  65 [webkit-phone]  tests\browser\medication-search.spec.ts:249:3  medication search browser coverage  searches and opens a local candidate by keyboard after going offline (5.7s)
  -   77 [webkit-phone]  tests\browser\medication-search.spec.ts:423:3  medication search browser coverage  measures local search on a 20,000-product fictional catalogue
  ok  76 [webkit-phone]  tests\browser\pwa-lifecycle.spec.ts:280:3  failed update retains the usable prior shell: asset (987ms)
  ok  78 [webkit-phone]  tests\browser\pwa-lifecycle.spec.ts:280:3  failed update retains the usable prior shell: corrupt (979ms)
  ok  75 [webkit-phone]  tests\browser\pwa-lifecycle.spec.ts:155:1  two real builds wait for user action, block multiple tabs and preserve synthetic storage (2.2s)
  ok  79 [webkit-phone]  tests\browser\pwa-lifecycle.spec.ts:280:3  failed update retains the usable prior shell: storage (997ms)
  ok  81 [webkit-phone]  tests\browser\pwa.spec.ts:4:1  restricts document resources without blocking the same-origin shell (643ms)
  ok  80 [webkit-phone]  tests\browser\pwa-lifecycle.spec.ts:280:3  failed update retains the usable prior shell: worker (1.0s)
  ok  82 [webkit-phone]  tests\browser\pwa.spec.ts:81:1  does not apply the production CSP to the Vite development server (522ms)
  ok  83 [webkit-phone]  tests\browser\pwa.spec.ts:118:1  provides install identity, metadata and decodable normal/maskable icons (542ms)
  ok  84 [webkit-phone]  tests\browser\pwa.spec.ts:236:1  explains installation differences and browser storage limits (369ms)
  ok  86 [webkit-phone]  tests\browser\pwa.spec.ts:249:1  reports registration failure without claiming offline readiness (337ms)
  ok  87 [webkit-phone]  tests\browser\pwa.spec.ts:266:1  does not fabricate an app fallback for a brand-new offline visit (238ms)
  ok  85 [webkit-phone]  tests\browser\pwa.spec.ts:190:1  caches only the shell and launches/reloads existing deep links offline (1.3s)
  ok  90 [webkit-phone]  tests\browser\review-regressions.spec.ts:4:1  a failed network update check preserves an already waiting usable release (1.2s)
  ok  89 [webkit-phone]  tests\browser\recovery-update.spec.ts:71:1  a usable waiting recovery update survives fallback probes and page reload until explicit activation (2.8s)
  ok  91 [webkit-phone]  tests\browser\review-regressions.spec.ts:65:3  cached html corruption loses readiness and can be explicitly repaired (948ms)
  ok  88 [webkit-phone]  tests\browser\recovery-update.spec.ts:43:1  rollback A to B to A then evicted C retains the actual last activated shell offline (3.1s)
  ok  92 [webkit-phone]  tests\browser\review-regressions.spec.ts:65:3  cached javascript corruption loses readiness and can be explicitly repaired (1.1s)
  ok  93 [webkit-phone]  tests\browser\review-regressions.spec.ts:124:1  damaged waiting JavaScript refuses activation and preserves the usable active shell (1.2s)
  ok  95 [webkit-phone]  tests\browser\review-regressions.spec.ts:235:3  cached javascript with a misleading MIME substring is not ready (906ms)
  ok  94 [webkit-phone]  tests\browser\review-regressions.spec.ts:178:1  an evicted candidate cannot fall back to damaged prior HTML (1.9s)
  ok  97 [webkit-phone]  tests\browser\shell.spec.ts:3:1  launches a nonclinical shell without external requests or input forms (307ms)
  ok  96 [webkit-phone]  tests\browser\review-regressions.spec.ts:235:3  cached html with a misleading MIME substring is not ready (1.1s)
  ok 100 [webkit-phone]  tests\browser\shell.spec.ts:49:1  supports keyboard skip navigation (411ms)
  ok  99 [webkit-phone]  tests\browser\shell.spec.ts:38:1  recovers from an unknown route (590ms)
  ok  98 [webkit-phone]  tests\browser\shell.spec.ts:22:1  navigates and reloads a deep link (730ms)
  ok 101 [webkit-phone]  tests\browser\shell.spec.ts:62:1  fits the viewport and records a synthetic shell screenshot (502ms)
  ok 104 [webkit-phone]  tests\browser\storage-recovery.spec.ts:33:1  activation storage rejection reports failure and clears reload consent (896ms)
  ok 102 [webkit-phone]  tests\browser\slow-cache.spec.ts:5:3  slow synthetic storage keeps status within the readiness deadline (1.5s)
  ok 103 [webkit-phone]  tests\browser\slow-cache.spec.ts:5:3  slow synthetic storage keeps javascript within the readiness deadline (1.5s)
  ok 105 [webkit-phone]  tests\browser\storage-recovery.spec.ts:71:1  active storage rejection permits an online network reload and reports offline unavailable (608ms)
  ok 106 [webkit-phone]  tests\browser\storage-recovery.spec.ts:102:1  a replacement cannot remove the prior shell when active storage status is unavailable (918ms)
  ok 107 [webkit-tablet]  tests\browser\activation-failure.spec.ts:6:1  failed activation cancels reload consent and a later controller change remains user-controlled (1.5s)
  ok 108 [webkit-tablet]  tests\browser\activation-failure.spec.ts:64:1  bounds superseded waiting caches while retaining the active shell (1.3s)
  ok 110 [webkit-tablet]  tests\browser\eviction-recovery.spec.ts:4:1  explicit caching retry recovers a transient registration failure (584ms)
  ok 111 [webkit-tablet]  tests\browser\eviction-recovery.spec.ts:34:1  confirmed complete cache eviction permits a real replacement build (1.1s)
  ok 112 [webkit-tablet]  tests\browser\eviction-recovery.spec.ts:71:1  user-controlled same-build repair restores an evicted shell without clearing other storage (882ms)
  ok 109 [webkit-tablet]  tests\browser\activation-failure.spec.ts:142:1  retains the actual prior active shell across three releases without cache-order assumptions (2.7s)
  ok 114 [webkit-tablet]  tests\browser\local-store.spec.ts:42:1  shows never-downloaded in default mode and downloads nothing (756ms)
  ok 113 [webkit-tablet]  tests\browser\keyboard-update.spec.ts:47:1  keyboard shell update waits, blocks other tabs, then reloads on request (3.3s)
  ok 115 [webkit-tablet]  tests\browser\local-store.spec.ts:99:1  reads a staged generation after a restart and while offline (3.4s)
  ok 118 [webkit-tablet]  tests\browser\local-store.spec.ts:289:1  the production bundle contains no test-only harness code (13ms)
  ok 116 [webkit-tablet]  tests\browser\local-store.spec.ts:153:1  two tabs evaluating during an activation each see one coherent generation (4.9s)
  ok 117 [webkit-tablet]  tests\browser\local-store.spec.ts:245:1  an old tab reports reload-required instead of losing data on an upgrade (2.8s)
  ok 120 [webkit-tablet]  tests\browser\native-activation.spec.ts:6:1  native activation after candidate eviction retains a usable prior offline shell (2.2s)
  ok 122 [webkit-tablet]  tests\browser\pwa-lifecycle.spec.ts:23:1  offline origin outage preserves launch, reload and deep links (1.8s)
  ok 121 [webkit-tablet]  tests\browser\offline-deeplinks.spec.ts:21:1  renders offline deep links to /search and /medication/:id from the precache (4.8s)
  ok 119 [webkit-tablet]  tests\browser\medication-search.spec.ts:249:3  medication search browser coverage  searches and opens a local candidate by keyboard after going offline (6.8s)
  -  125 [webkit-tablet]  tests\browser\medication-search.spec.ts:423:3  medication search browser coverage  measures local search on a 20,000-product fictional catalogue
  ok 124 [webkit-tablet]  tests\browser\pwa-lifecycle.spec.ts:120:3  reports unsuccessful initial caching: asset (511ms)
  ok 123 [webkit-tablet]  tests\browser\pwa-lifecycle.spec.ts:52:1  keeps prohibited responses, query variants and outside origins out of caches (1.7s)
  ok 126 [webkit-tablet]  tests\browser\pwa-lifecycle.spec.ts:120:3  reports unsuccessful initial caching: corrupt (541ms)
  ok 127 [webkit-tablet]  tests\browser\pwa-lifecycle.spec.ts:120:3  reports unsuccessful initial caching: storage (414ms)
  ok 128 [webkit-tablet]  tests\browser\pwa-lifecycle.spec.ts:135:1  reports evicted cached assets instead of claiming permanent readiness (886ms)
  ok 130 [webkit-tablet]  tests\browser\pwa-lifecycle.spec.ts:280:3  failed update retains the usable prior shell: asset (1.3s)
  ok 131 [webkit-tablet]  tests\browser\pwa-lifecycle.spec.ts:280:3  failed update retains the usable prior shell: corrupt (1.2s)
  ok 132 [webkit-tablet]  tests\browser\pwa-lifecycle.spec.ts:280:3  failed update retains the usable prior shell: storage (1.3s)
  ok 133 [webkit-tablet]  tests\browser\pwa-lifecycle.spec.ts:280:3  failed update retains the usable prior shell: worker (1.4s)
  ok 129 [webkit-tablet]  tests\browser\pwa-lifecycle.spec.ts:155:1  two real builds wait for user action, block multiple tabs and preserve synthetic storage (3.6s)
  ok 134 [webkit-tablet]  tests\browser\pwa.spec.ts:4:1  restricts document resources without blocking the same-origin shell (897ms)
  ok 136 [webkit-tablet]  tests\browser\pwa.spec.ts:118:1  provides install identity, metadata and decodable normal/maskable icons (569ms)
  ok 135 [webkit-tablet]  tests\browser\pwa.spec.ts:81:1  does not apply the production CSP to the Vite development server (679ms)
  ok 138 [webkit-tablet]  tests\browser\pwa.spec.ts:236:1  explains installation differences and browser storage limits (394ms)
  ok 139 [webkit-tablet]  tests\browser\pwa.spec.ts:249:1  reports registration failure without claiming offline readiness (477ms)
  ok 140 [webkit-tablet]  tests\browser\pwa.spec.ts:266:1  does not fabricate an app fallback for a brand-new offline visit (305ms)
  ok 137 [webkit-tablet]  tests\browser\pwa.spec.ts:190:1  caches only the shell and launches/reloads existing deep links offline (1.5s)
  ok 143 [webkit-tablet]  tests\browser\review-regressions.spec.ts:4:1  a failed network update check preserves an already waiting usable release (1.5s)
  ok 144 [webkit-tablet]  tests\browser\review-regressions.spec.ts:65:3  cached html corruption loses readiness and can be explicitly repaired (997ms)
  ok 142 [webkit-tablet]  tests\browser\recovery-update.spec.ts:71:1  a usable waiting recovery update survives fallback probes and page reload until explicit activation (3.0s)
  ok 141 [webkit-tablet]  tests\browser\recovery-update.spec.ts:43:1  rollback A to B to A then evicted C retains the actual last activated shell offline (3.5s)
  ok 145 [webkit-tablet]  tests\browser\review-regressions.spec.ts:65:3  cached javascript corruption loses readiness and can be explicitly repaired (1.2s)
  ok 146 [webkit-tablet]  tests\browser\review-regressions.spec.ts:124:1  damaged waiting JavaScript refuses activation and preserves the usable active shell (1.5s)
  ok 148 [webkit-tablet]  tests\browser\review-regressions.spec.ts:235:3  cached javascript with a misleading MIME substring is not ready (1.3s)
  ok 147 [webkit-tablet]  tests\browser\review-regressions.spec.ts:178:1  an evicted candidate cannot fall back to damaged prior HTML (2.1s)
  ok 150 [webkit-tablet]  tests\browser\shell.spec.ts:3:1  launches a nonclinical shell without external requests or input forms (339ms)
  ok 149 [webkit-tablet]  tests\browser\review-regressions.spec.ts:235:3  cached html with a misleading MIME substring is not ready (1.1s)
  ok 153 [webkit-tablet]  tests\browser\shell.spec.ts:49:1  supports keyboard skip navigation (436ms)
  ok 151 [webkit-tablet]  tests\browser\shell.spec.ts:22:1  navigates and reloads a deep link (738ms)
  ok 152 [webkit-tablet]  tests\browser\shell.spec.ts:38:1  recovers from an unknown route (569ms)
  ok 154 [webkit-tablet]  tests\browser\shell.spec.ts:62:1  fits the viewport and records a synthetic shell screenshot (471ms)
  ok 157 [webkit-tablet]  tests\browser\storage-recovery.spec.ts:33:1  activation storage rejection reports failure and clears reload consent (887ms)
  ok 155 [webkit-tablet]  tests\browser\slow-cache.spec.ts:5:3  slow synthetic storage keeps status within the readiness deadline (1.3s)
  ok 156 [webkit-tablet]  tests\browser\slow-cache.spec.ts:5:3  slow synthetic storage keeps javascript within the readiness deadline (1.4s)
  ok 158 [webkit-tablet]  tests\browser\storage-recovery.spec.ts:71:1  active storage rejection permits an online network reload and reports offline unavailable (638ms)
  ok 159 [webkit-tablet]  tests\browser\storage-recovery.spec.ts:102:1  a replacement cannot remove the prior shell when active storage status is unavailable (928ms)
  2 skipped
  157 passed (1.3m)
