
> intermed@0.0.0 check
> npm run format:check && npm run lint && npm run typecheck && npm run test && npm run check:boundaries && npm audit --audit-level=low && npm run build && npm run scan:dist && npm run test:browser


> intermed@0.0.0 format:check
> prettier --check .

Checking formatting...
All matched files use Prettier code style!

> intermed@0.0.0 lint
> eslint . --max-warnings 0


> intermed@0.0.0 typecheck
> tsc -p tsconfig.json && tsc -p packages/domain/tsconfig.json && tsc -p packages/importer/tsconfig.json


> intermed@0.0.0 test
> vitest run


 RUN  v4.1.11 <repo>


 Test Files  58 passed (58)
      Tests  939 passed (939)
   Start at  16:50:52
   Duration  19.55s (transform 4.80s, setup 0ms, import 15.22s, tests 35.89s, environment 8.92s)


> intermed@0.0.0 check:boundaries
> node scripts/check-boundaries.mjs

Architecture boundaries passed (96 source files; dependency-free domain; local-store confined to the composition root).
found 0 vulnerabilities

> intermed@0.0.0 build
> npm run build --workspace @intermed/web


> @intermed/web@0.0.0 build
> vite build

vite v8.3.2 building client environment for production...
transforming...
Γ£ô 170 modules transformed.
rendering chunks...
computing gzip size...
dist/index.html                                 1.92 kB Γöé gzip:  0.72 kB
dist/assets/index-CezKvf4P.css                  6.63 kB Γöé gzip:  1.85 kB
dist/assets/rolldown-runtime-CbXtAM7H.js        0.58 kB Γöé gzip:  0.36 kB
dist/assets/search-status-BRMNX2ez.js           2.80 kB Γöé gzip:  1.03 kB
dist/assets/MedicationSearchPage-74Ruy97m.js    8.12 kB Γöé gzip:  2.74 kB
dist/assets/MedicationDetailPage-D08e5WB1.js   12.77 kB Γöé gzip:  3.62 kB
dist/assets/index-CbwuaAsA.js                  79.75 kB Γöé gzip: 22.90 kB
dist/assets/zod-vendor-C0xu5dkI.js             90.91 kB Γöé gzip: 25.65 kB
dist/assets/dexie-vendor-IbC1YGSs.js           95.19 kB Γöé gzip: 31.30 kB
dist/assets/framework-vendor-b34q1Hby.js      258.58 kB Γöé gzip: 82.08 kB

Γ£ô built in 188ms

> intermed@0.0.0 scan:dist
> node scripts/scan-dist-secrets.mjs

scan-dist-secrets: 16 file(s) scanned in <repo>\apps\web\dist, no credential-shaped strings.

> intermed@0.0.0 test:browser
> playwright test

node.exe : [WebServer] (node:32552) Warning: The 'NO_COLOR' env is ignored due to the 'FORCE_COLOR' env being set.
At line:1 char:1
+ & "<tools>\node-v24.21.0-win-x64/node.exe" "D: ...
+ ~~~~~~~~~~~~~~~~~~~~~~~~~~~~~~~~~~~~~~~~~~~~~~~~~~~~~~~~~~~~~~~~~~~~~
    + CategoryInfo          : NotSpecified: ([WebServer] (no... env being set.:String) [], RemoteException
    + FullyQualifiedErrorId : NativeCommandError
 
[WebServer] (Use `node --trace-warnings ...` to show where the warning was created)
[WebServer] (node:40592) Warning: The 'NO_COLOR' env is ignored due to the 'FORCE_COLOR' env being set.
[WebServer] (Use `node --trace-warnings ...` to show where the warning was created)

Running 162 tests using 3 workers

(node:20796) Warning: The 'NO_COLOR' env is ignored due to the 'FORCE_COLOR' env being set.
(Use `node --trace-warnings ...` to show where the warning was created)
(node:35972) Warning: The 'NO_COLOR' env is ignored due to the 'FORCE_COLOR' env being set.
(Use `node --trace-warnings ...` to show where the warning was created)
(node:30732) Warning: The 'NO_COLOR' env is ignored due to the 'FORCE_COLOR' env being set.
(Use `node --trace-warnings ...` to show where the warning was created)
  ok   1 [chromium-desktop] ΓÇ║ tests\browser\activation-failure.spec.ts:64:1 ΓÇ║ bounds superseded waiting caches while retaining the active shell (642ms)
  ok   4 [chromium-desktop] ΓÇ║ tests\browser\eviction-recovery.spec.ts:4:1 ΓÇ║ explicit caching retry recovers a transient registration failure (240ms)
  ok   2 [chromium-desktop] ΓÇ║ tests\browser\activation-failure.spec.ts:6:1 ΓÇ║ failed activation cancels reload consent and a later controller change remains user-controlled (1.7s)
  ok   6 [chromium-desktop] ΓÇ║ tests\browser\eviction-recovery.spec.ts:71:1 ΓÇ║ user-controlled same-build repair restores an evicted shell without clearing other storage (331ms)
  ok   5 [chromium-desktop] ΓÇ║ tests\browser\eviction-recovery.spec.ts:34:1 ΓÇ║ confirmed complete cache eviction permits a real replacement build (1.4s)
  ok   3 [chromium-desktop] ΓÇ║ tests\browser\activation-failure.spec.ts:142:1 ΓÇ║ retains the actual prior active shell across three releases without cache-order assumptions (2.7s)
  ok   8 [chromium-desktop] ΓÇ║ tests\browser\local-store.spec.ts:42:1 ΓÇ║ shows never-downloaded in default mode and downloads nothing (588ms)
  ok   9 [chromium-desktop] ΓÇ║ tests\browser\local-store.spec.ts:99:1 ΓÇ║ reads a staged generation after a restart and while offline (379ms)
  ok  10 [chromium-desktop] ΓÇ║ tests\browser\local-store.spec.ts:153:1 ΓÇ║ two tabs evaluating during an activation each see one coherent generation (417ms)
  ok  12 [chromium-desktop] ΓÇ║ tests\browser\local-store.spec.ts:289:1 ΓÇ║ the production bundle contains no test-only harness code (17ms)
  ok  11 [chromium-desktop] ΓÇ║ tests\browser\local-store.spec.ts:245:1 ΓÇ║ an old tab reports reload-required instead of losing data on an upgrade (355ms)
  ok   7 [chromium-desktop] ΓÇ║ tests\browser\keyboard-update.spec.ts:47:1 ΓÇ║ keyboard shell update waits, blocks other tabs, then reloads on request (1.8s)
  ok  15 [chromium-desktop] ΓÇ║ tests\browser\offline-deeplinks.spec.ts:21:1 ΓÇ║ renders offline deep links to /search and /medication/:id from the precache (1.0s)
  ok  14 [chromium-desktop] ΓÇ║ tests\browser\native-activation.spec.ts:6:1 ΓÇ║ native activation after candidate eviction retains a usable prior offline shell (1.4s)
  ok  13 [chromium-desktop] ΓÇ║ tests\browser\medication-search.spec.ts:249:3 ΓÇ║ medication search browser coverage ΓÇ║ searches and opens a local candidate by keyboard after going offline (1.6s)
  ok  17 [chromium-desktop] ΓÇ║ tests\browser\pwa-lifecycle.spec.ts:23:1 ΓÇ║ offline origin outage preserves launch, reload and deep links (447ms)
  ok  19 [chromium-desktop] ΓÇ║ tests\browser\pwa-lifecycle.spec.ts:52:1 ΓÇ║ keeps prohibited responses, query variants and outside origins out of caches (304ms)
  ok  20 [chromium-desktop] ΓÇ║ tests\browser\pwa-lifecycle.spec.ts:120:3 ΓÇ║ reports unsuccessful initial caching: asset (159ms)
  ok  16 [chromium-desktop] ΓÇ║ tests\browser\offline-deeplinks.spec.ts:85:1 ΓÇ║ renders offline deep links that carry a search query from the precache (1.2s)
  ok  21 [chromium-desktop] ΓÇ║ tests\browser\pwa-lifecycle.spec.ts:120:3 ΓÇ║ reports unsuccessful initial caching: corrupt (173ms)
  ok  22 [chromium-desktop] ΓÇ║ tests\browser\pwa-lifecycle.spec.ts:120:3 ΓÇ║ reports unsuccessful initial caching: storage (146ms)
  ok  23 [chromium-desktop] ΓÇ║ tests\browser\pwa-lifecycle.spec.ts:135:1 ΓÇ║ reports evicted cached assets instead of claiming permanent readiness (262ms)
  ok  25 [chromium-desktop] ΓÇ║ tests\browser\pwa-lifecycle.spec.ts:280:3 ΓÇ║ failed update retains the usable prior shell: asset (377ms)
  ok  26 [chromium-desktop] ΓÇ║ tests\browser\pwa-lifecycle.spec.ts:280:3 ΓÇ║ failed update retains the usable prior shell: corrupt (360ms)
  ok  27 [chromium-desktop] ΓÇ║ tests\browser\pwa-lifecycle.spec.ts:280:3 ΓÇ║ failed update retains the usable prior shell: storage (299ms)
  ok  28 [chromium-desktop] ΓÇ║ tests\browser\pwa-lifecycle.spec.ts:280:3 ΓÇ║ failed update retains the usable prior shell: worker (287ms)
  ok  29 [chromium-desktop] ΓÇ║ tests\browser\pwa.spec.ts:4:1 ΓÇ║ restricts document resources without blocking the same-origin shell (219ms)
  ok  24 [chromium-desktop] ΓÇ║ tests\browser\pwa-lifecycle.spec.ts:155:1 ΓÇ║ two real builds wait for user action, block multiple tabs and preserve synthetic storage (1.9s)
  ok  31 [chromium-desktop] ΓÇ║ tests\browser\pwa.spec.ts:118:1 ΓÇ║ provides install identity, metadata and decodable normal/maskable icons (197ms)
  ok  30 [chromium-desktop] ΓÇ║ tests\browser\pwa.spec.ts:81:1 ΓÇ║ does not apply the production CSP to the Vite development server (373ms)
  ok  33 [chromium-desktop] ΓÇ║ tests\browser\pwa.spec.ts:236:1 ΓÇ║ explains installation differences and browser storage limits (153ms)
  ok  34 [chromium-desktop] ΓÇ║ tests\browser\pwa.spec.ts:249:1 ΓÇ║ reports registration failure without claiming offline readiness (147ms)
  ok  35 [chromium-desktop] ΓÇ║ tests\browser\pwa.spec.ts:266:1 ΓÇ║ does not fabricate an app fallback for a brand-new offline visit (129ms)
  ok  32 [chromium-desktop] ΓÇ║ tests\browser\pwa.spec.ts:190:1 ΓÇ║ caches only the shell and launches/reloads existing deep links offline (477ms)
  ok  37 [chromium-desktop] ΓÇ║ tests\browser\recovery-update.spec.ts:71:1 ΓÇ║ a usable waiting recovery update survives fallback probes and page reload until explicit activation (2.8s)
  ok  36 [chromium-desktop] ΓÇ║ tests\browser\recovery-update.spec.ts:43:1 ΓÇ║ rollback A to B to A then evicted C retains the actual last activated shell offline (3.9s)
  ok  39 [chromium-desktop] ΓÇ║ tests\browser\review-regressions.spec.ts:65:3 ΓÇ║ cached html corruption loses readiness and can be explicitly repaired (330ms)
  ok  38 [chromium-desktop] ΓÇ║ tests\browser\review-regressions.spec.ts:4:1 ΓÇ║ a failed network update check preserves an already waiting usable release (1.5s)
  ok  40 [chromium-desktop] ΓÇ║ tests\browser\review-regressions.spec.ts:65:3 ΓÇ║ cached javascript corruption loses readiness and can be explicitly repaired (373ms)
  ok  41 [chromium-desktop] ΓÇ║ tests\browser\review-regressions.spec.ts:124:1 ΓÇ║ damaged waiting JavaScript refuses activation and preserves the usable active shell (431ms)
  ok  43 [chromium-desktop] ΓÇ║ tests\browser\review-regressions.spec.ts:235:3 ΓÇ║ cached javascript with a misleading MIME substring is not ready (353ms)
  ok  44 [chromium-desktop] ΓÇ║ tests\browser\review-regressions.spec.ts:235:3 ΓÇ║ cached html with a misleading MIME substring is not ready (325ms)
  ok  45 [chromium-desktop] ΓÇ║ tests\browser\shell.spec.ts:3:1 ΓÇ║ launches a nonclinical shell without external requests or input forms (133ms)
  ok  46 [chromium-desktop] ΓÇ║ tests\browser\shell.spec.ts:22:1 ΓÇ║ navigates and reloads a deep link (239ms)
  ok  42 [chromium-desktop] ΓÇ║ tests\browser\review-regressions.spec.ts:178:1 ΓÇ║ an evicted candidate cannot fall back to damaged prior HTML (1.5s)
  ok  47 [chromium-desktop] ΓÇ║ tests\browser\shell.spec.ts:42:1 ΓÇ║ recovers from an unknown route (222ms)
  ok  48 [chromium-desktop] ΓÇ║ tests\browser\shell.spec.ts:53:1 ΓÇ║ supports keyboard skip navigation (165ms)
  ok  49 [chromium-desktop] ΓÇ║ tests\browser\shell.spec.ts:66:1 ΓÇ║ fits the viewport and records a synthetic shell screenshot (219ms)
  ok  50 [chromium-desktop] ΓÇ║ tests\browser\slow-cache.spec.ts:5:3 ΓÇ║ slow synthetic storage keeps status within the readiness deadline (1.0s)
  ok  51 [chromium-desktop] ΓÇ║ tests\browser\slow-cache.spec.ts:5:3 ΓÇ║ slow synthetic storage keeps javascript within the readiness deadline (1.0s)
  ok  53 [chromium-desktop] ΓÇ║ tests\browser\storage-recovery.spec.ts:71:1 ΓÇ║ active storage rejection permits an online network reload and reports offline unavailable (232ms)
  ok  52 [chromium-desktop] ΓÇ║ tests\browser\storage-recovery.spec.ts:33:1 ΓÇ║ activation storage rejection reports failure and clears reload consent (362ms)
  ok  54 [chromium-desktop] ΓÇ║ tests\browser\storage-recovery.spec.ts:102:1 ΓÇ║ a replacement cannot remove the prior shell when active storage status is unavailable (314ms)
(node:39764) Warning: The 'NO_COLOR' env is ignored due to the 'FORCE_COLOR' env being set.
(Use `node --trace-warnings ...` to show where the warning was created)
(node:18348) Warning: The 'NO_COLOR' env is ignored due to the 'FORCE_COLOR' env being set.
(Use `node --trace-warnings ...` to show where the warning was created)
  ok  55 [webkit-phone] ΓÇ║ tests\browser\activation-failure.spec.ts:6:1 ΓÇ║ failed activation cancels reload consent and a later controller change remains user-controlled (1.3s)
  ok  56 [webkit-phone] ΓÇ║ tests\browser\activation-failure.spec.ts:64:1 ΓÇ║ bounds superseded waiting caches while retaining the active shell (1.1s)
  ok  58 [webkit-phone] ΓÇ║ tests\browser\eviction-recovery.spec.ts:4:1 ΓÇ║ explicit caching retry recovers a transient registration failure (502ms)
  ok  59 [webkit-phone] ΓÇ║ tests\browser\eviction-recovery.spec.ts:34:1 ΓÇ║ confirmed complete cache eviction permits a real replacement build (1.1s)
  ok  60 [webkit-phone] ΓÇ║ tests\browser\eviction-recovery.spec.ts:71:1 ΓÇ║ user-controlled same-build repair restores an evicted shell without clearing other storage (880ms)
  ok  57 [webkit-phone] ΓÇ║ tests\browser\activation-failure.spec.ts:142:1 ΓÇ║ retains the actual prior active shell across three releases without cache-order assumptions (2.6s)
  ok  62 [webkit-phone] ΓÇ║ tests\browser\local-store.spec.ts:42:1 ΓÇ║ shows never-downloaded in default mode and downloads nothing (741ms)
  ok  61 [webkit-phone] ΓÇ║ tests\browser\keyboard-update.spec.ts:47:1 ΓÇ║ keyboard shell update waits, blocks other tabs, then reloads on request (1.8s)
  ok  63 [webkit-phone] ΓÇ║ tests\browser\local-store.spec.ts:99:1 ΓÇ║ reads a staged generation after a restart and while offline (3.2s)
  ok  64 [webkit-phone] ΓÇ║ tests\browser\local-store.spec.ts:153:1 ΓÇ║ two tabs evaluating during an activation each see one coherent generation (4.4s)
  ok  66 [webkit-phone] ΓÇ║ tests\browser\local-store.spec.ts:289:1 ΓÇ║ the production bundle contains no test-only harness code (21ms)
  ok  65 [webkit-phone] ΓÇ║ tests\browser\local-store.spec.ts:245:1 ΓÇ║ an old tab reports reload-required instead of losing data on an upgrade (2.5s)
  ok  68 [webkit-phone] ΓÇ║ tests\browser\native-activation.spec.ts:6:1 ΓÇ║ native activation after candidate eviction retains a usable prior offline shell (1.7s)
M7A_SEARCH_PERFORMANCE {"productCount":20000,"bundleBuildMilliseconds":2072,"localStoreStagingMilliseconds":4868.2,"totalFixtureMilliseconds":6940.2,"indexMilliseconds":619.2,"indexedProductCount":20000,"warmupKeyToRenderMilliseconds":862.6,"keyToRenderP95Milliseconds":{"oneCharacter":257.2,"twoCharacters":250.2,"fourCharacters":247.3},"coreSearchP95Milliseconds":{"oneCharacter":5.4,"twoCharacters":4.3,"fourCharacters":3.9}}
  ok  18 [chromium-desktop] ΓÇ║ tests\browser\medication-search.spec.ts:427:3 ΓÇ║ medication search browser coverage ΓÇ║ measures local search on a 20,000-product fictional catalogue (24.2s)
(node:33648) Warning: The 'NO_COLOR' env is ignored due to the 'FORCE_COLOR' env being set.
(Use `node --trace-warnings ...` to show where the warning was created)
  ok  67 [webkit-phone] ΓÇ║ tests\browser\medication-search.spec.ts:249:3 ΓÇ║ medication search browser coverage ΓÇ║ searches and opens a local candidate by keyboard after going offline (5.4s)
  -   71 [webkit-phone] ΓÇ║ tests\browser\medication-search.spec.ts:427:3 ΓÇ║ medication search browser coverage ΓÇ║ measures local search on a 20,000-product fictional catalogue
  ok  69 [webkit-phone] ΓÇ║ tests\browser\offline-deeplinks.spec.ts:21:1 ΓÇ║ renders offline deep links to /search and /medication/:id from the precache (3.7s)
  ok  70 [webkit-phone] ΓÇ║ tests\browser\offline-deeplinks.spec.ts:85:1 ΓÇ║ renders offline deep links that carry a search query from the precache (3.7s)
  ok  72 [webkit-phone] ΓÇ║ tests\browser\pwa-lifecycle.spec.ts:23:1 ΓÇ║ offline origin outage preserves launch, reload and deep links (1.0s)
  ok  74 [webkit-phone] ΓÇ║ tests\browser\pwa-lifecycle.spec.ts:120:3 ΓÇ║ reports unsuccessful initial caching: asset (291ms)
  ok  75 [webkit-phone] ΓÇ║ tests\browser\pwa-lifecycle.spec.ts:120:3 ΓÇ║ reports unsuccessful initial caching: corrupt (286ms)
  ok  76 [webkit-phone] ΓÇ║ tests\browser\pwa-lifecycle.spec.ts:120:3 ΓÇ║ reports unsuccessful initial caching: storage (264ms)
  ok  73 [webkit-phone] ΓÇ║ tests\browser\pwa-lifecycle.spec.ts:52:1 ΓÇ║ keeps prohibited responses, query variants and outside origins out of caches (1.3s)
  ok  77 [webkit-phone] ΓÇ║ tests\browser\pwa-lifecycle.spec.ts:135:1 ΓÇ║ reports evicted cached assets instead of claiming permanent readiness (606ms)
  ok  79 [webkit-phone] ΓÇ║ tests\browser\pwa-lifecycle.spec.ts:280:3 ΓÇ║ failed update retains the usable prior shell: asset (914ms)
  ok  80 [webkit-phone] ΓÇ║ tests\browser\pwa-lifecycle.spec.ts:280:3 ΓÇ║ failed update retains the usable prior shell: corrupt (914ms)
  ok  81 [webkit-phone] ΓÇ║ tests\browser\pwa-lifecycle.spec.ts:280:3 ΓÇ║ failed update retains the usable prior shell: storage (885ms)
  ok  82 [webkit-phone] ΓÇ║ tests\browser\pwa-lifecycle.spec.ts:280:3 ΓÇ║ failed update retains the usable prior shell: worker (808ms)
  ok  78 [webkit-phone] ΓÇ║ tests\browser\pwa-lifecycle.spec.ts:155:1 ΓÇ║ two real builds wait for user action, block multiple tabs and preserve synthetic storage (2.3s)
  ok  83 [webkit-phone] ΓÇ║ tests\browser\pwa.spec.ts:4:1 ΓÇ║ restricts document resources without blocking the same-origin shell (486ms)
  ok  85 [webkit-phone] ΓÇ║ tests\browser\pwa.spec.ts:118:1 ΓÇ║ provides install identity, metadata and decodable normal/maskable icons (376ms)
  ok  84 [webkit-phone] ΓÇ║ tests\browser\pwa.spec.ts:81:1 ΓÇ║ does not apply the production CSP to the Vite development server (510ms)
  ok  87 [webkit-phone] ΓÇ║ tests\browser\pwa.spec.ts:236:1 ΓÇ║ explains installation differences and browser storage limits (294ms)
  ok  88 [webkit-phone] ΓÇ║ tests\browser\pwa.spec.ts:249:1 ΓÇ║ reports registration failure without claiming offline readiness (285ms)
  ok  89 [webkit-phone] ΓÇ║ tests\browser\pwa.spec.ts:266:1 ΓÇ║ does not fabricate an app fallback for a brand-new offline visit (214ms)
  ok  86 [webkit-phone] ΓÇ║ tests\browser\pwa.spec.ts:190:1 ΓÇ║ caches only the shell and launches/reloads existing deep links offline (997ms)
  ok  92 [webkit-phone] ΓÇ║ tests\browser\review-regressions.spec.ts:4:1 ΓÇ║ a failed network update check preserves an already waiting usable release (1.1s)
  ok  93 [webkit-phone] ΓÇ║ tests\browser\review-regressions.spec.ts:65:3 ΓÇ║ cached html corruption loses readiness and can be explicitly repaired (899ms)
  ok  91 [webkit-phone] ΓÇ║ tests\browser\recovery-update.spec.ts:71:1 ΓÇ║ a usable waiting recovery update survives fallback probes and page reload until explicit activation (2.6s)
  ok  90 [webkit-phone] ΓÇ║ tests\browser\recovery-update.spec.ts:43:1 ΓÇ║ rollback A to B to A then evicted C retains the actual last activated shell offline (3.0s)
  ok  94 [webkit-phone] ΓÇ║ tests\browser\review-regressions.spec.ts:65:3 ΓÇ║ cached javascript corruption loses readiness and can be explicitly repaired (972ms)
  ok  95 [webkit-phone] ΓÇ║ tests\browser\review-regressions.spec.ts:124:1 ΓÇ║ damaged waiting JavaScript refuses activation and preserves the usable active shell (1.2s)
  ok  97 [webkit-phone] ΓÇ║ tests\browser\review-regressions.spec.ts:235:3 ΓÇ║ cached javascript with a misleading MIME substring is not ready (966ms)
  ok  99 [webkit-phone] ΓÇ║ tests\browser\shell.spec.ts:3:1 ΓÇ║ launches a nonclinical shell without external requests or input forms (256ms)
  ok  96 [webkit-phone] ΓÇ║ tests\browser\review-regressions.spec.ts:178:1 ΓÇ║ an evicted candidate cannot fall back to damaged prior HTML (1.9s)
  ok  98 [webkit-phone] ΓÇ║ tests\browser\review-regressions.spec.ts:235:3 ΓÇ║ cached html with a misleading MIME substring is not ready (974ms)
  ok 100 [webkit-phone] ΓÇ║ tests\browser\shell.spec.ts:22:1 ΓÇ║ navigates and reloads a deep link (627ms)
  ok 102 [webkit-phone] ΓÇ║ tests\browser\shell.spec.ts:53:1 ΓÇ║ supports keyboard skip navigation (366ms)
  ok 101 [webkit-phone] ΓÇ║ tests\browser\shell.spec.ts:42:1 ΓÇ║ recovers from an unknown route (455ms)
  ok 103 [webkit-phone] ΓÇ║ tests\browser\shell.spec.ts:66:1 ΓÇ║ fits the viewport and records a synthetic shell screenshot (432ms)
  ok 106 [webkit-phone] ΓÇ║ tests\browser\storage-recovery.spec.ts:33:1 ΓÇ║ activation storage rejection reports failure and clears reload consent (850ms)
  ok 104 [webkit-phone] ΓÇ║ tests\browser\slow-cache.spec.ts:5:3 ΓÇ║ slow synthetic storage keeps status within the readiness deadline (1.3s)
  ok 105 [webkit-phone] ΓÇ║ tests\browser\slow-cache.spec.ts:5:3 ΓÇ║ slow synthetic storage keeps javascript within the readiness deadline (1.3s)
(node:36248) Warning: The 'NO_COLOR' env is ignored due to the 'FORCE_COLOR' env being set.
(Use `node --trace-warnings ...` to show where the warning was created)
  ok 107 [webkit-phone] ΓÇ║ tests\browser\storage-recovery.spec.ts:71:1 ΓÇ║ active storage rejection permits an online network reload and reports offline unavailable (615ms)
  ok 108 [webkit-phone] ΓÇ║ tests\browser\storage-recovery.spec.ts:102:1 ΓÇ║ a replacement cannot remove the prior shell when active storage status is unavailable (896ms)
(node:31836) Warning: The 'NO_COLOR' env is ignored due to the 'FORCE_COLOR' env being set.
(Use `node --trace-warnings ...` to show where the warning was created)
(node:26548) Warning: The 'NO_COLOR' env is ignored due to the 'FORCE_COLOR' env being set.
(Use `node --trace-warnings ...` to show where the warning was created)
  ok 109 [webkit-tablet] ΓÇ║ tests\browser\activation-failure.spec.ts:6:1 ΓÇ║ failed activation cancels reload consent and a later controller change remains user-controlled (1.5s)
  ok 110 [webkit-tablet] ΓÇ║ tests\browser\activation-failure.spec.ts:64:1 ΓÇ║ bounds superseded waiting caches while retaining the active shell (1.2s)
  ok 112 [webkit-tablet] ΓÇ║ tests\browser\eviction-recovery.spec.ts:4:1 ΓÇ║ explicit caching retry recovers a transient registration failure (508ms)
  ok 113 [webkit-tablet] ΓÇ║ tests\browser\eviction-recovery.spec.ts:34:1 ΓÇ║ confirmed complete cache eviction permits a real replacement build (1.1s)
  ok 114 [webkit-tablet] ΓÇ║ tests\browser\eviction-recovery.spec.ts:71:1 ΓÇ║ user-controlled same-build repair restores an evicted shell without clearing other storage (934ms)
  ok 111 [webkit-tablet] ΓÇ║ tests\browser\activation-failure.spec.ts:142:1 ΓÇ║ retains the actual prior active shell across three releases without cache-order assumptions (2.7s)
  ok 116 [webkit-tablet] ΓÇ║ tests\browser\local-store.spec.ts:42:1 ΓÇ║ shows never-downloaded in default mode and downloads nothing (742ms)
  ok 115 [webkit-tablet] ΓÇ║ tests\browser\keyboard-update.spec.ts:47:1 ΓÇ║ keyboard shell update waits, blocks other tabs, then reloads on request (2.5s)
  ok 117 [webkit-tablet] ΓÇ║ tests\browser\local-store.spec.ts:99:1 ΓÇ║ reads a staged generation after a restart and while offline (3.3s)
  ok 120 [webkit-tablet] ΓÇ║ tests\browser\local-store.spec.ts:289:1 ΓÇ║ the production bundle contains no test-only harness code (12ms)
  ok 119 [webkit-tablet] ΓÇ║ tests\browser\local-store.spec.ts:245:1 ΓÇ║ an old tab reports reload-required instead of losing data on an upgrade (2.5s)
  ok 118 [webkit-tablet] ΓÇ║ tests\browser\local-store.spec.ts:153:1 ΓÇ║ two tabs evaluating during an activation each see one coherent generation (4.5s)
  ok 122 [webkit-tablet] ΓÇ║ tests\browser\native-activation.spec.ts:6:1 ΓÇ║ native activation after candidate eviction retains a usable prior offline shell (1.7s)
  ok 123 [webkit-tablet] ΓÇ║ tests\browser\offline-deeplinks.spec.ts:21:1 ΓÇ║ renders offline deep links to /search and /medication/:id from the precache (3.9s)
  ok 121 [webkit-tablet] ΓÇ║ tests\browser\medication-search.spec.ts:249:3 ΓÇ║ medication search browser coverage ΓÇ║ searches and opens a local candidate by keyboard after going offline (5.4s)
  -  126 [webkit-tablet] ΓÇ║ tests\browser\medication-search.spec.ts:427:3 ΓÇ║ medication search browser coverage ΓÇ║ measures local search on a 20,000-product fictional catalogue
  ok 125 [webkit-tablet] ΓÇ║ tests\browser\pwa-lifecycle.spec.ts:23:1 ΓÇ║ offline origin outage preserves launch, reload and deep links (1.1s)
  ok 124 [webkit-tablet] ΓÇ║ tests\browser\offline-deeplinks.spec.ts:85:1 ΓÇ║ renders offline deep links that carry a search query from the precache (3.9s)
  ok 128 [webkit-tablet] ΓÇ║ tests\browser\pwa-lifecycle.spec.ts:120:3 ΓÇ║ reports unsuccessful initial caching: asset (308ms)
  ok 127 [webkit-tablet] ΓÇ║ tests\browser\pwa-lifecycle.spec.ts:52:1 ΓÇ║ keeps prohibited responses, query variants and outside origins out of caches (1.4s)
  ok 129 [webkit-tablet] ΓÇ║ tests\browser\pwa-lifecycle.spec.ts:120:3 ΓÇ║ reports unsuccessful initial caching: corrupt (366ms)
  ok 130 [webkit-tablet] ΓÇ║ tests\browser\pwa-lifecycle.spec.ts:120:3 ΓÇ║ reports unsuccessful initial caching: storage (295ms)
  ok 131 [webkit-tablet] ΓÇ║ tests\browser\pwa-lifecycle.spec.ts:135:1 ΓÇ║ reports evicted cached assets instead of claiming permanent readiness (649ms)
  ok 133 [webkit-tablet] ΓÇ║ tests\browser\pwa-lifecycle.spec.ts:280:3 ΓÇ║ failed update retains the usable prior shell: asset (959ms)
  ok 134 [webkit-tablet] ΓÇ║ tests\browser\pwa-lifecycle.spec.ts:280:3 ΓÇ║ failed update retains the usable prior shell: corrupt (990ms)
  ok 135 [webkit-tablet] ΓÇ║ tests\browser\pwa-lifecycle.spec.ts:280:3 ΓÇ║ failed update retains the usable prior shell: storage (929ms)
  ok 132 [webkit-tablet] ΓÇ║ tests\browser\pwa-lifecycle.spec.ts:155:1 ΓÇ║ two real builds wait for user action, block multiple tabs and preserve synthetic storage (2.4s)
  ok 136 [webkit-tablet] ΓÇ║ tests\browser\pwa-lifecycle.spec.ts:280:3 ΓÇ║ failed update retains the usable prior shell: worker (848ms)
  ok 137 [webkit-tablet] ΓÇ║ tests\browser\pwa.spec.ts:4:1 ΓÇ║ restricts document resources without blocking the same-origin shell (554ms)
  ok 138 [webkit-tablet] ΓÇ║ tests\browser\pwa.spec.ts:81:1 ΓÇ║ does not apply the production CSP to the Vite development server (483ms)
  ok 139 [webkit-tablet] ΓÇ║ tests\browser\pwa.spec.ts:118:1 ΓÇ║ provides install identity, metadata and decodable normal/maskable icons (429ms)
  ok 142 [webkit-tablet] ΓÇ║ tests\browser\pwa.spec.ts:249:1 ΓÇ║ reports registration failure without claiming offline readiness (272ms)
  ok 141 [webkit-tablet] ΓÇ║ tests\browser\pwa.spec.ts:236:1 ΓÇ║ explains installation differences and browser storage limits (332ms)
  ok 143 [webkit-tablet] ΓÇ║ tests\browser\pwa.spec.ts:266:1 ΓÇ║ does not fabricate an app fallback for a brand-new offline visit (215ms)
  ok 140 [webkit-tablet] ΓÇ║ tests\browser\pwa.spec.ts:190:1 ΓÇ║ caches only the shell and launches/reloads existing deep links offline (1.2s)
  ok 146 [webkit-tablet] ΓÇ║ tests\browser\review-regressions.spec.ts:4:1 ΓÇ║ a failed network update check preserves an already waiting usable release (1.2s)
  ok 147 [webkit-tablet] ΓÇ║ tests\browser\review-regressions.spec.ts:65:3 ΓÇ║ cached html corruption loses readiness and can be explicitly repaired (875ms)
  ok 145 [webkit-tablet] ΓÇ║ tests\browser\recovery-update.spec.ts:71:1 ΓÇ║ a usable waiting recovery update survives fallback probes and page reload until explicit activation (2.7s)
  ok 144 [webkit-tablet] ΓÇ║ tests\browser\recovery-update.spec.ts:43:1 ΓÇ║ rollback A to B to A then evicted C retains the actual last activated shell offline (3.0s)
  ok 148 [webkit-tablet] ΓÇ║ tests\browser\review-regressions.spec.ts:65:3 ΓÇ║ cached javascript corruption loses readiness and can be explicitly repaired (1.0s)
  ok 149 [webkit-tablet] ΓÇ║ tests\browser\review-regressions.spec.ts:124:1 ΓÇ║ damaged waiting JavaScript refuses activation and preserves the usable active shell (1.1s)
  ok 151 [webkit-tablet] ΓÇ║ tests\browser\review-regressions.spec.ts:235:3 ΓÇ║ cached javascript with a misleading MIME substring is not ready (901ms)
  ok 150 [webkit-tablet] ΓÇ║ tests\browser\review-regressions.spec.ts:178:1 ΓÇ║ an evicted candidate cannot fall back to damaged prior HTML (1.8s)
  ok 153 [webkit-tablet] ΓÇ║ tests\browser\shell.spec.ts:3:1 ΓÇ║ launches a nonclinical shell without external requests or input forms (327ms)
  ok 152 [webkit-tablet] ΓÇ║ tests\browser\review-regressions.spec.ts:235:3 ΓÇ║ cached html with a misleading MIME substring is not ready (967ms)
  ok 156 [webkit-tablet] ΓÇ║ tests\browser\shell.spec.ts:53:1 ΓÇ║ supports keyboard skip navigation (380ms)
  ok 155 [webkit-tablet] ΓÇ║ tests\browser\shell.spec.ts:42:1 ΓÇ║ recovers from an unknown route (458ms)
  ok 154 [webkit-tablet] ΓÇ║ tests\browser\shell.spec.ts:22:1 ΓÇ║ navigates and reloads a deep link (700ms)
  ok 157 [webkit-tablet] ΓÇ║ tests\browser\shell.spec.ts:66:1 ΓÇ║ fits the viewport and records a synthetic shell screenshot (396ms)
  ok 160 [webkit-tablet] ΓÇ║ tests\browser\storage-recovery.spec.ts:33:1 ΓÇ║ activation storage rejection reports failure and clears reload consent (854ms)
  ok 158 [webkit-tablet] ΓÇ║ tests\browser\slow-cache.spec.ts:5:3 ΓÇ║ slow synthetic storage keeps status within the readiness deadline (1.3s)
  ok 159 [webkit-tablet] ΓÇ║ tests\browser\slow-cache.spec.ts:5:3 ΓÇ║ slow synthetic storage keeps javascript within the readiness deadline (1.2s)
  ok 161 [webkit-tablet] ΓÇ║ tests\browser\storage-recovery.spec.ts:71:1 ΓÇ║ active storage rejection permits an online network reload and reports offline unavailable (553ms)
  ok 162 [webkit-tablet] ΓÇ║ tests\browser\storage-recovery.spec.ts:102:1 ΓÇ║ a replacement cannot remove the prior shell when active storage status is unavailable (920ms)

  2 skipped
  160 passed (1.2m)
