[WebServer] (node:59276) Warning: The 'NO_COLOR' env is ignored due to the 'FORCE_COLOR' env being set.
[WebServer] (Use `node --trace-warnings ...` to show where the warning was created)
[WebServer] (node:58576) Warning: The 'NO_COLOR' env is ignored due to the 'FORCE_COLOR' env being set.
[WebServer] (Use `node --trace-warnings ...` to show where the warning was created)

Running 6 tests using 3 workers

(node:60124) Warning: The 'NO_COLOR' env is ignored due to the 'FORCE_COLOR' env being set.
(Use `node --trace-warnings ...` to show where the warning was created)
(node:12416) Warning: The 'NO_COLOR' env is ignored due to the 'FORCE_COLOR' env being set.
(Use `node --trace-warnings ...` to show where the warning was created)
(node:60212) Warning: The 'NO_COLOR' env is ignored due to the 'FORCE_COLOR' env being set.
(Use `node --trace-warnings ...` to show where the warning was created)
  ok 2 [chromium-desktop] › tests\browser\offline-deeplinks.spec.ts:21:1 › renders offline deep links to /search and /medication/:id from the precache (1.1s)
  ok 3 [chromium-desktop] › tests\browser\offline-deeplinks.spec.ts:85:1 › renders offline deep links that carry a search query from the precache (1.2s)
(node:60400) Warning: The 'NO_COLOR' env is ignored due to the 'FORCE_COLOR' env being set.
(Use `node --trace-warnings ...` to show where the warning was created)
(node:28592) Warning: The 'NO_COLOR' env is ignored due to the 'FORCE_COLOR' env being set.
(Use `node --trace-warnings ...` to show where the warning was created)
  ok 1 [webkit-phone] › tests\browser\offline-deeplinks.spec.ts:21:1 › renders offline deep links to /search and /medication/:id from the precache (3.6s)
(node:50396) Warning: The 'NO_COLOR' env is ignored due to the 'FORCE_COLOR' env being set.
(Use `node --trace-warnings ...` to show where the warning was created)
  ok 4 [webkit-phone] › tests\browser\offline-deeplinks.spec.ts:85:1 › renders offline deep links that carry a search query from the precache (3.7s)
  ok 5 [webkit-tablet] › tests\browser\offline-deeplinks.spec.ts:21:1 › renders offline deep links to /search and /medication/:id from the precache (3.8s)
  ok 6 [webkit-tablet] › tests\browser\offline-deeplinks.spec.ts:85:1 › renders offline deep links that carry a search query from the precache (3.8s)

  6 passed (12.0s)
