
> intermed@0.0.0 check
> npm run format:check && npm run lint && npm run typecheck && npm run test && npm run check:boundaries && npm audit --audit-level=low && npm run build && npm run test:browser


> intermed@0.0.0 format:check
> prettier --check .

Checking formatting...
All matched files use Prettier code style!

> intermed@0.0.0 lint
> eslint . --max-warnings 0


> intermed@0.0.0 typecheck
> tsc -p tsconfig.json && tsc -p packages/domain/tsconfig.json


> intermed@0.0.0 test
> vitest run


 RUN  v4.1.11 D:/Proiecte AI/InterMED


 Test Files  6 passed (6)
      Tests  24 passed (24)
   Start at  13:32:53
   Duration  36.36s (transform 543ms, setup 0ms, import 21.74s, tests 1.92s, environment 81.31s)


> intermed@0.0.0 check:boundaries
> node scripts/check-boundaries.mjs

Architecture boundaries passed (18 source files; dependency-free domain).
found 0 vulnerabilities

> intermed@0.0.0 build
> npm run build --workspace @intermed/web


> @intermed/web@0.0.0 build
> vite build

vite v8.3.2 building client environment for production...
transforming...
✓ 124 modules transformed.
rendering chunks...
computing gzip size...
dist/index.html                   1.23 kB │ gzip:   0.56 kB
dist/assets/index-kdzZSpSC.css    2.80 kB │ gzip:   1.08 kB
dist/assets/index-D-6c_OqW.js   332.73 kB │ gzip: 104.20 kB

✓ built in 517ms

> intermed@0.0.0 test:browser
> playwright test

[WebServer] (node:14016) Warning: The 'NO_COLOR' env is ignored due to the 'FORCE_COLOR' env being set.
[WebServer] (Use `node --trace-warnings ...` to show where the warning was created)

Running 126 tests using 3 workers

(node:30888) Warning: The 'NO_COLOR' env is ignored due to the 'FORCE_COLOR' env being set.
(Use `node --trace-warnings ...` to show where the warning was created)
(node:19868) Warning: The 'NO_COLOR' env is ignored due to the 'FORCE_COLOR' env being set.
(Use `node --trace-warnings ...` to show where the warning was created)
(node:53548) Warning: The 'NO_COLOR' env is ignored due to the 'FORCE_COLOR' env being set.
(Use `node --trace-warnings ...` to show where the warning was created)
  ok   2 [chromium-desktop] › tests\browser\activation-failure.spec.ts:64:1 › bounds superseded waiting caches while retaining the active shell (2.0s)
  ok   4 [chromium-desktop] › tests\browser\eviction-recovery.spec.ts:4:1 › explicit caching retry recovers a transient registration failure (718ms)
  ok   3 [chromium-desktop] › tests\browser\activation-failure.spec.ts:6:1 › failed activation cancels reload consent and a later controller change remains user-controlled (3.0s)
  ok   6 [chromium-desktop] › tests\browser\eviction-recovery.spec.ts:71:1 › user-controlled same-build repair restores an evicted shell without clearing other storage (853ms)
  ok   1 [chromium-desktop] › tests\browser\activation-failure.spec.ts:130:1 › retains the actual prior active shell across three releases without cache-order assumptions (4.3s)
  ok   5 [chromium-desktop] › tests\browser\eviction-recovery.spec.ts:34:1 › confirmed complete cache eviction permits a real replacement build (2.3s)
  ok   8 [chromium-desktop] › tests\browser\pwa-lifecycle.spec.ts:23:1 › offline origin outage preserves launch, reload and deep links (1.5s)
  ok   9 [chromium-desktop] › tests\browser\pwa-lifecycle.spec.ts:52:1 › keeps prohibited responses, query variants and outside origins out of caches (943ms)
  ok   7 [chromium-desktop] › tests\browser\native-activation.spec.ts:6:1 › native activation after candidate eviction retains a usable prior offline shell (2.2s)
  ok  10 [chromium-desktop] › tests\browser\pwa-lifecycle.spec.ts:115:3 › reports unsuccessful initial caching: asset (708ms)
  ok  11 [chromium-desktop] › tests\browser\pwa-lifecycle.spec.ts:115:3 › reports unsuccessful initial caching: corrupt (651ms)
  ok  12 [chromium-desktop] › tests\browser\pwa-lifecycle.spec.ts:115:3 › reports unsuccessful initial caching: storage (643ms)
  ok  13 [chromium-desktop] › tests\browser\pwa-lifecycle.spec.ts:130:1 › reports evicted cached assets instead of claiming permanent readiness (752ms)
  ok  15 [chromium-desktop] › tests\browser\pwa-lifecycle.spec.ts:275:3 › failed update retains the usable prior shell: asset (1.1s)
  ok  16 [chromium-desktop] › tests\browser\pwa-lifecycle.spec.ts:275:3 › failed update retains the usable prior shell: corrupt (1.0s)
  ok  17 [chromium-desktop] › tests\browser\pwa-lifecycle.spec.ts:275:3 › failed update retains the usable prior shell: storage (992ms)
  ok  18 [chromium-desktop] › tests\browser\pwa-lifecycle.spec.ts:275:3 › failed update retains the usable prior shell: worker (843ms)
  ok  19 [chromium-desktop] › tests\browser\pwa.spec.ts:4:1 › provides install identity, metadata and decodable normal/maskable icons (558ms)
  ok  14 [chromium-desktop] › tests\browser\pwa-lifecycle.spec.ts:150:1 › two real builds wait for user action, block multiple tabs and preserve synthetic storage (3.4s)
  ok  21 [chromium-desktop] › tests\browser\pwa.spec.ts:122:1 › explains installation differences and browser storage limits (498ms)
  ok  20 [chromium-desktop] › tests\browser\pwa.spec.ts:76:1 › caches only the shell and launches/reloads existing deep links offline (1.2s)
  ok  22 [chromium-desktop] › tests\browser\pwa.spec.ts:152:1 › does not fabricate an app fallback for a brand-new offline visit (418ms)
  ok  23 [chromium-desktop] › tests\browser\pwa.spec.ts:135:1 › reports registration failure without claiming offline readiness (438ms)
  ok  26 [chromium-desktop] › tests\browser\review-regressions.spec.ts:4:1 › a failed network update check preserves an already waiting usable release (2.4s)
  ok  27 [chromium-desktop] › tests\browser\review-regressions.spec.ts:65:3 › cached html corruption loses readiness and can be explicitly repaired (1.3s)
  ok  25 [chromium-desktop] › tests\browser\recovery-update.spec.ts:71:1 › a usable waiting recovery update survives fallback probes and page reload until explicit activation (4.4s)
  ok  28 [chromium-desktop] › tests\browser\review-regressions.spec.ts:65:3 › cached javascript corruption loses readiness and can be explicitly repaired (1.3s)
  ok  24 [chromium-desktop] › tests\browser\recovery-update.spec.ts:43:1 › rollback A to B to A then evicted C retains the actual last activated shell offline (5.4s)
  ok  29 [chromium-desktop] › tests\browser\review-regressions.spec.ts:124:1 › damaged waiting JavaScript refuses activation and preserves the usable active shell (1.2s)
  ok  31 [chromium-desktop] › tests\browser\review-regressions.spec.ts:235:3 › cached javascript with a misleading MIME substring is not ready (1.1s)
  ok  32 [chromium-desktop] › tests\browser\review-regressions.spec.ts:235:3 › cached html with a misleading MIME substring is not ready (1.0s)
  ok  33 [chromium-desktop] › tests\browser\shell.spec.ts:3:1 › launches a nonclinical shell without external requests or input forms (538ms)
  ok  34 [chromium-desktop] › tests\browser\shell.spec.ts:22:1 › navigates and reloads a deep link (749ms)
  ok  30 [chromium-desktop] › tests\browser\review-regressions.spec.ts:178:1 › an evicted candidate cannot fall back to damaged prior HTML (2.3s)
  ok  35 [chromium-desktop] › tests\browser\shell.spec.ts:38:1 › recovers from an unknown route (549ms)
  ok  36 [chromium-desktop] › tests\browser\shell.spec.ts:49:1 › supports keyboard skip navigation (599ms)
  ok  37 [chromium-desktop] › tests\browser\shell.spec.ts:62:1 › fits the viewport and records a synthetic shell screenshot (642ms)
  ok  40 [chromium-desktop] › tests\browser\storage-recovery.spec.ts:33:1 › activation storage rejection reports failure and clears reload consent (911ms)
  ok  38 [chromium-desktop] › tests\browser\slow-cache.spec.ts:5:3 › slow synthetic storage keeps status within the readiness deadline (1.5s)
  ok  39 [chromium-desktop] › tests\browser\slow-cache.spec.ts:5:3 › slow synthetic storage keeps javascript within the readiness deadline (1.4s)
  ok  41 [chromium-desktop] › tests\browser\storage-recovery.spec.ts:71:1 › active storage rejection permits an online network reload and reports offline unavailable (668ms)
  ok  42 [chromium-desktop] › tests\browser\storage-recovery.spec.ts:102:1 › a replacement cannot remove the prior shell when active storage status is unavailable (753ms)
(node:4808) Warning: The 'NO_COLOR' env is ignored due to the 'FORCE_COLOR' env being set.
(Use `node --trace-warnings ...` to show where the warning was created)
(node:61352) Warning: The 'NO_COLOR' env is ignored due to the 'FORCE_COLOR' env being set.
(Use `node --trace-warnings ...` to show where the warning was created)
(node:50940) Warning: The 'NO_COLOR' env is ignored due to the 'FORCE_COLOR' env being set.
(Use `node --trace-warnings ...` to show where the warning was created)
  ok  44 [webkit-phone] › tests\browser\activation-failure.spec.ts:64:1 › bounds superseded waiting caches while retaining the active shell (3.9s)
  ok  43 [webkit-phone] › tests\browser\activation-failure.spec.ts:6:1 › failed activation cancels reload consent and a later controller change remains user-controlled (4.8s)
  ok  46 [webkit-phone] › tests\browser\eviction-recovery.spec.ts:4:1 › explicit caching retry recovers a transient registration failure (1.4s)
  ok  45 [webkit-phone] › tests\browser\activation-failure.spec.ts:130:1 › retains the actual prior active shell across three releases without cache-order assumptions (5.2s)
  ok  47 [webkit-phone] › tests\browser\eviction-recovery.spec.ts:34:1 › confirmed complete cache eviction permits a real replacement build (2.6s)
  ok  48 [webkit-phone] › tests\browser\eviction-recovery.spec.ts:71:1 › user-controlled same-build repair restores an evicted shell without clearing other storage (2.3s)
  ok  49 [webkit-phone] › tests\browser\native-activation.spec.ts:6:1 › native activation after candidate eviction retains a usable prior offline shell (3.7s)
  ok  51 [webkit-phone] › tests\browser\pwa-lifecycle.spec.ts:52:1 › keeps prohibited responses, query variants and outside origins out of caches (1.7s)
  ok  50 [webkit-phone] › tests\browser\pwa-lifecycle.spec.ts:23:1 › offline origin outage preserves launch, reload and deep links (2.9s)
  ok  52 [webkit-phone] › tests\browser\pwa-lifecycle.spec.ts:115:3 › reports unsuccessful initial caching: asset (1.0s)
  ok  53 [webkit-phone] › tests\browser\pwa-lifecycle.spec.ts:115:3 › reports unsuccessful initial caching: corrupt (984ms)
  ok  54 [webkit-phone] › tests\browser\pwa-lifecycle.spec.ts:115:3 › reports unsuccessful initial caching: storage (936ms)
  ok  55 [webkit-phone] › tests\browser\pwa-lifecycle.spec.ts:130:1 › reports evicted cached assets instead of claiming permanent readiness (1.7s)
  ok  57 [webkit-phone] › tests\browser\pwa-lifecycle.spec.ts:275:3 › failed update retains the usable prior shell: asset (2.4s)
  ok  58 [webkit-phone] › tests\browser\pwa-lifecycle.spec.ts:275:3 › failed update retains the usable prior shell: corrupt (2.5s)
  ok  59 [webkit-phone] › tests\browser\pwa-lifecycle.spec.ts:275:3 › failed update retains the usable prior shell: storage (2.9s)
  ok  60 [webkit-phone] › tests\browser\pwa-lifecycle.spec.ts:275:3 › failed update retains the usable prior shell: worker (2.6s)
  ok  56 [webkit-phone] › tests\browser\pwa-lifecycle.spec.ts:150:1 › two real builds wait for user action, block multiple tabs and preserve synthetic storage (7.2s)
  ok  61 [webkit-phone] › tests\browser\pwa.spec.ts:4:1 › provides install identity, metadata and decodable normal/maskable icons (1.2s)
  ok  63 [webkit-phone] › tests\browser\pwa.spec.ts:122:1 › explains installation differences and browser storage limits (778ms)
  ok  64 [webkit-phone] › tests\browser\pwa.spec.ts:135:1 › reports registration failure without claiming offline readiness (714ms)
  ok  65 [webkit-phone] › tests\browser\pwa.spec.ts:152:1 › does not fabricate an app fallback for a brand-new offline visit (587ms)
  ok  62 [webkit-phone] › tests\browser\pwa.spec.ts:76:1 › caches only the shell and launches/reloads existing deep links offline (2.5s)
  ok  68 [webkit-phone] › tests\browser\review-regressions.spec.ts:4:1 › a failed network update check preserves an already waiting usable release (2.1s)
  ok  66 [webkit-phone] › tests\browser\recovery-update.spec.ts:43:1 › rollback A to B to A then evicted C retains the actual last activated shell offline (4.4s)
  ok  67 [webkit-phone] › tests\browser\recovery-update.spec.ts:71:1 › a usable waiting recovery update survives fallback probes and page reload until explicit activation (4.3s)
  ok  69 [webkit-phone] › tests\browser\review-regressions.spec.ts:65:3 › cached html corruption loses readiness and can be explicitly repaired (1.6s)
  ok  70 [webkit-phone] › tests\browser\review-regressions.spec.ts:65:3 › cached javascript corruption loses readiness and can be explicitly repaired (1.8s)
  ok  71 [webkit-phone] › tests\browser\review-regressions.spec.ts:124:1 › damaged waiting JavaScript refuses activation and preserves the usable active shell (1.9s)
  ok  72 [webkit-phone] › tests\browser\review-regressions.spec.ts:178:1 › an evicted candidate cannot fall back to damaged prior HTML (2.9s)
  ok  73 [webkit-phone] › tests\browser\review-regressions.spec.ts:235:3 › cached javascript with a misleading MIME substring is not ready (1.5s)
  ok  74 [webkit-phone] › tests\browser\review-regressions.spec.ts:235:3 › cached html with a misleading MIME substring is not ready (1.7s)
  ok  75 [webkit-phone] › tests\browser\shell.spec.ts:3:1 › launches a nonclinical shell without external requests or input forms (740ms)
  ok  76 [webkit-phone] › tests\browser\shell.spec.ts:22:1 › navigates and reloads a deep link (1.3s)
  ok  78 [webkit-phone] › tests\browser\shell.spec.ts:49:1 › supports keyboard skip navigation (899ms)
  ok  77 [webkit-phone] › tests\browser\shell.spec.ts:38:1 › recovers from an unknown route (1.0s)
  ok  79 [webkit-phone] › tests\browser\shell.spec.ts:62:1 › fits the viewport and records a synthetic shell screenshot (877ms)
  ok  80 [webkit-phone] › tests\browser\slow-cache.spec.ts:5:3 › slow synthetic storage keeps status within the readiness deadline (1.7s)
  ok  81 [webkit-phone] › tests\browser\slow-cache.spec.ts:5:3 › slow synthetic storage keeps javascript within the readiness deadline (1.7s)
  ok  82 [webkit-phone] › tests\browser\storage-recovery.spec.ts:33:1 › activation storage rejection reports failure and clears reload consent (1.4s)
(node:38540) Warning: The 'NO_COLOR' env is ignored due to the 'FORCE_COLOR' env being set.
(Use `node --trace-warnings ...` to show where the warning was created)
  ok  84 [webkit-phone] › tests\browser\storage-recovery.spec.ts:71:1 › active storage rejection permits an online network reload and reports offline unavailable (1.2s)
  ok  83 [webkit-phone] › tests\browser\storage-recovery.spec.ts:102:1 › a replacement cannot remove the prior shell when active storage status is unavailable (1.7s)
(node:46724) Warning: The 'NO_COLOR' env is ignored due to the 'FORCE_COLOR' env being set.
(Use `node --trace-warnings ...` to show where the warning was created)
(node:52316) Warning: The 'NO_COLOR' env is ignored due to the 'FORCE_COLOR' env being set.
(Use `node --trace-warnings ...` to show where the warning was created)
  ok  85 [webkit-tablet] › tests\browser\activation-failure.spec.ts:6:1 › failed activation cancels reload consent and a later controller change remains user-controlled (2.8s)
  ok  86 [webkit-tablet] › tests\browser\activation-failure.spec.ts:64:1 › bounds superseded waiting caches while retaining the active shell (2.5s)
  ok  88 [webkit-tablet] › tests\browser\eviction-recovery.spec.ts:4:1 › explicit caching retry recovers a transient registration failure (1.2s)
  ok  87 [webkit-tablet] › tests\browser\activation-failure.spec.ts:130:1 › retains the actual prior active shell across three releases without cache-order assumptions (3.8s)
  ok  89 [webkit-tablet] › tests\browser\eviction-recovery.spec.ts:34:1 › confirmed complete cache eviction permits a real replacement build (2.2s)
  ok  90 [webkit-tablet] › tests\browser\eviction-recovery.spec.ts:71:1 › user-controlled same-build repair restores an evicted shell without clearing other storage (1.9s)
  ok  93 [webkit-tablet] › tests\browser\pwa-lifecycle.spec.ts:52:1 › keeps prohibited responses, query variants and outside origins out of caches (1.5s)
  ok  92 [webkit-tablet] › tests\browser\pwa-lifecycle.spec.ts:23:1 › offline origin outage preserves launch, reload and deep links (2.5s)
  ok  94 [webkit-tablet] › tests\browser\pwa-lifecycle.spec.ts:115:3 › reports unsuccessful initial caching: asset (755ms)
  ok  91 [webkit-tablet] › tests\browser\native-activation.spec.ts:6:1 › native activation after candidate eviction retains a usable prior offline shell (3.1s)
  ok  96 [webkit-tablet] › tests\browser\pwa-lifecycle.spec.ts:115:3 › reports unsuccessful initial caching: storage (785ms)
  ok  95 [webkit-tablet] › tests\browser\pwa-lifecycle.spec.ts:115:3 › reports unsuccessful initial caching: corrupt (903ms)
  ok  97 [webkit-tablet] › tests\browser\pwa-lifecycle.spec.ts:130:1 › reports evicted cached assets instead of claiming permanent readiness (1.5s)
  ok  99 [webkit-tablet] › tests\browser\pwa-lifecycle.spec.ts:275:3 › failed update retains the usable prior shell: asset (2.2s)
  ok 100 [webkit-tablet] › tests\browser\pwa-lifecycle.spec.ts:275:3 › failed update retains the usable prior shell: corrupt (1.9s)
  ok 101 [webkit-tablet] › tests\browser\pwa-lifecycle.spec.ts:275:3 › failed update retains the usable prior shell: storage (1.6s)
  ok 102 [webkit-tablet] › tests\browser\pwa-lifecycle.spec.ts:275:3 › failed update retains the usable prior shell: worker (1.6s)
  ok 103 [webkit-tablet] › tests\browser\pwa.spec.ts:4:1 › provides install identity, metadata and decodable normal/maskable icons (944ms)
  ok 105 [webkit-tablet] › tests\browser\pwa.spec.ts:122:1 › explains installation differences and browser storage limits (678ms)
  ok 106 [webkit-tablet] › tests\browser\pwa.spec.ts:135:1 › reports registration failure without claiming offline readiness (638ms)
  ok 107 [webkit-tablet] › tests\browser\pwa.spec.ts:152:1 › does not fabricate an app fallback for a brand-new offline visit (541ms)
  ok 104 [webkit-tablet] › tests\browser\pwa.spec.ts:76:1 › caches only the shell and launches/reloads existing deep links offline (2.4s)
  ok  98 [webkit-tablet] › tests\browser\pwa-lifecycle.spec.ts:150:1 › two real builds wait for user action, block multiple tabs and preserve synthetic storage (7.4s)
  ok 110 [webkit-tablet] › tests\browser\review-regressions.spec.ts:4:1 › a failed network update check preserves an already waiting usable release (2.4s)
  ok 108 [webkit-tablet] › tests\browser\recovery-update.spec.ts:43:1 › rollback A to B to A then evicted C retains the actual last activated shell offline (5.0s)
  ok 109 [webkit-tablet] › tests\browser\recovery-update.spec.ts:71:1 › a usable waiting recovery update survives fallback probes and page reload until explicit activation (5.1s)
  ok 111 [webkit-tablet] › tests\browser\review-regressions.spec.ts:65:3 › cached html corruption loses readiness and can be explicitly repaired (2.5s)
  ok 112 [webkit-tablet] › tests\browser\review-regressions.spec.ts:65:3 › cached javascript corruption loses readiness and can be explicitly repaired (2.7s)
  ok 113 [webkit-tablet] › tests\browser\review-regressions.spec.ts:124:1 › damaged waiting JavaScript refuses activation and preserves the usable active shell (3.1s)
  ok 114 [webkit-tablet] › tests\browser\review-regressions.spec.ts:178:1 › an evicted candidate cannot fall back to damaged prior HTML (3.6s)
  ok 115 [webkit-tablet] › tests\browser\review-regressions.spec.ts:235:3 › cached javascript with a misleading MIME substring is not ready (1.8s)
  ok 117 [webkit-tablet] › tests\browser\shell.spec.ts:3:1 › launches a nonclinical shell without external requests or input forms (765ms)
  ok 116 [webkit-tablet] › tests\browser\review-regressions.spec.ts:235:3 › cached html with a misleading MIME substring is not ready (1.9s)
  ok 118 [webkit-tablet] › tests\browser\shell.spec.ts:22:1 › navigates and reloads a deep link (1.4s)
  ok 119 [webkit-tablet] › tests\browser\shell.spec.ts:38:1 › recovers from an unknown route (1.1s)
  ok 120 [webkit-tablet] › tests\browser\shell.spec.ts:49:1 › supports keyboard skip navigation (1.0s)
  ok 121 [webkit-tablet] › tests\browser\shell.spec.ts:62:1 › fits the viewport and records a synthetic shell screenshot (933ms)
  ok 123 [webkit-tablet] › tests\browser\slow-cache.spec.ts:5:3 › slow synthetic storage keeps javascript within the readiness deadline (1.8s)
  ok 122 [webkit-tablet] › tests\browser\slow-cache.spec.ts:5:3 › slow synthetic storage keeps status within the readiness deadline (1.8s)
  ok 124 [webkit-tablet] › tests\browser\storage-recovery.spec.ts:33:1 › activation storage rejection reports failure and clears reload consent (1.6s)
  ok 125 [webkit-tablet] › tests\browser\storage-recovery.spec.ts:71:1 › active storage rejection permits an online network reload and reports offline unavailable (1.2s)
  ok 126 [webkit-tablet] › tests\browser\storage-recovery.spec.ts:102:1 › a replacement cannot remove the prior shell when active storage status is unavailable (1.7s)

  126 passed (1.5m)
