
Running 135 tests using 3 workers

node.exe : (node:33344) Warning: The 'NO_COLOR' env is ignored due to the 'FORCE_COLOR' env being set.
At line:2 char:1
+ & '<toolchain>\node.exe' 'no ...
+ ~~~~~~~~~~~~~~~~~~~~~~~~~~~~~~~~~~~~~~~~~~~~~~~~~~~~~~~~~~~~~~~~~~~~~
    + CategoryInfo          : NotSpecified: ((node:33344) Wa... env being set.:String) [], RemoteException
    + FullyQualifiedErrorId : NativeCommandError

(Use `node --trace-warnings ...` to show where the warning was created)
(node:45512) Warning: The 'NO_COLOR' env is ignored due to the 'FORCE_COLOR' env being set.
(Use `node --trace-warnings ...` to show where the warning was created)
(node:35656) Warning: The 'NO_COLOR' env is ignored due to the 'FORCE_COLOR' env being set.
(Use `node --trace-warnings ...` to show where the warning was created)
  ok   2 [chromium-desktop] › tests\browser\activation-failure.spec.ts:64:1 › bounds superseded waiting caches while retaining the active shell (563ms)
  ok   4 [chromium-desktop] › tests\browser\eviction-recovery.spec.ts:4:1 › explicit caching retry recovers a transient registration failure (254ms)
  ok   3 [chromium-desktop] › tests\browser\activation-failure.spec.ts:6:1 › failed activation cancels reload consent and a later controller change remains user-controlled (1.6s)
  ok   6 [chromium-desktop] › tests\browser\eviction-recovery.spec.ts:71:1 › user-controlled same-build repair restores an evicted shell without clearing other storage (305ms)
  ok   5 [chromium-desktop] › tests\browser\eviction-recovery.spec.ts:34:1 › confirmed complete cache eviction permits a real replacement build (1.4s)
  ok   1 [chromium-desktop] › tests\browser\activation-failure.spec.ts:142:1 › retains the actual prior active shell across three releases without cache-order assumptions (2.7s)
  ok   9 [chromium-desktop] › tests\browser\pwa-lifecycle.spec.ts:23:1 › offline origin outage preserves launch, reload and deep links (416ms)
  ok  10 [chromium-desktop] › tests\browser\pwa-lifecycle.spec.ts:52:1 › keeps prohibited responses, query variants and outside origins out of caches (284ms)
  ok  11 [chromium-desktop] › tests\browser\pwa-lifecycle.spec.ts:120:3 › reports unsuccessful initial caching: asset (139ms)
  ok   8 [chromium-desktop] › tests\browser\native-activation.spec.ts:6:1 › native activation after candidate eviction retains a usable prior offline shell (1.4s)
  ok  12 [chromium-desktop] › tests\browser\pwa-lifecycle.spec.ts:120:3 › reports unsuccessful initial caching: corrupt (138ms)
  ok   7 [chromium-desktop] › tests\browser\keyboard-update.spec.ts:47:1 › keyboard shell update waits, blocks other tabs, then reloads on request (1.7s)
  ok  13 [chromium-desktop] › tests\browser\pwa-lifecycle.spec.ts:120:3 › reports unsuccessful initial caching: storage (178ms)
  ok  14 [chromium-desktop] › tests\browser\pwa-lifecycle.spec.ts:135:1 › reports evicted cached assets instead of claiming permanent readiness (267ms)
  ok  16 [chromium-desktop] › tests\browser\pwa-lifecycle.spec.ts:280:3 › failed update retains the usable prior shell: asset (341ms)
  ok  17 [chromium-desktop] › tests\browser\pwa-lifecycle.spec.ts:280:3 › failed update retains the usable prior shell: corrupt (409ms)
  ok  18 [chromium-desktop] › tests\browser\pwa-lifecycle.spec.ts:280:3 › failed update retains the usable prior shell: storage (329ms)
  ok  19 [chromium-desktop] › tests\browser\pwa-lifecycle.spec.ts:280:3 › failed update retains the usable prior shell: worker (306ms)
  ok  20 [chromium-desktop] › tests\browser\pwa.spec.ts:4:1 › restricts document resources without blocking the same-origin shell (246ms)
  ok  22 [chromium-desktop] › tests\browser\pwa.spec.ts:118:1 › provides install identity, metadata and decodable normal/maskable icons (191ms)
  ok  21 [chromium-desktop] › tests\browser\pwa.spec.ts:81:1 › does not apply the production CSP to the Vite development server (330ms)
  ok  24 [chromium-desktop] › tests\browser\pwa.spec.ts:236:1 › explains installation differences and browser storage limits (149ms)
  ok  25 [chromium-desktop] › tests\browser\pwa.spec.ts:249:1 › reports registration failure without claiming offline readiness (142ms)
  ok  23 [chromium-desktop] › tests\browser\pwa.spec.ts:190:1 › caches only the shell and launches/reloads existing deep links offline (399ms)
  ok  26 [chromium-desktop] › tests\browser\pwa.spec.ts:266:1 › does not fabricate an app fallback for a brand-new offline visit (125ms)
  ok  15 [chromium-desktop] › tests\browser\pwa-lifecycle.spec.ts:155:1 › two real builds wait for user action, block multiple tabs and preserve synthetic storage (1.8s)
  ok  29 [chromium-desktop] › tests\browser\review-regressions.spec.ts:4:1 › a failed network update check preserves an already waiting usable release (1.5s)
  ok  30 [chromium-desktop] › tests\browser\review-regressions.spec.ts:65:3 › cached html corruption loses readiness and can be explicitly repaired (320ms)
  ok  31 [chromium-desktop] › tests\browser\review-regressions.spec.ts:65:3 › cached javascript corruption loses readiness and can be explicitly repaired (305ms)
  ok  32 [chromium-desktop] › tests\browser\review-regressions.spec.ts:124:1 › damaged waiting JavaScript refuses activation and preserves the usable active shell (409ms)
  ok  28 [chromium-desktop] › tests\browser\recovery-update.spec.ts:71:1 › a usable waiting recovery update survives fallback probes and page reload until explicit activation (2.7s)
  ok  34 [chromium-desktop] › tests\browser\review-regressions.spec.ts:235:3 › cached javascript with a misleading MIME substring is not ready (342ms)
  ok  35 [chromium-desktop] › tests\browser\review-regressions.spec.ts:235:3 › cached html with a misleading MIME substring is not ready (338ms)
  ok  36 [chromium-desktop] › tests\browser\shell.spec.ts:3:1 › launches a nonclinical shell without external requests or input forms (142ms)
  ok  27 [chromium-desktop] › tests\browser\recovery-update.spec.ts:43:1 › rollback A to B to A then evicted C retains the actual last activated shell offline (3.8s)
  ok  37 [chromium-desktop] › tests\browser\shell.spec.ts:22:1 › navigates and reloads a deep link (236ms)
  ok  39 [chromium-desktop] › tests\browser\shell.spec.ts:49:1 › supports keyboard skip navigation (165ms)
  ok  38 [chromium-desktop] › tests\browser\shell.spec.ts:38:1 › recovers from an unknown route (214ms)
  ok  33 [chromium-desktop] › tests\browser\review-regressions.spec.ts:178:1 › an evicted candidate cannot fall back to damaged prior HTML (1.5s)
  ok  40 [chromium-desktop] › tests\browser\shell.spec.ts:62:1 › fits the viewport and records a synthetic shell screenshot (224ms)
  ok  43 [chromium-desktop] › tests\browser\storage-recovery.spec.ts:33:1 › activation storage rejection reports failure and clears reload consent (357ms)
  ok  44 [chromium-desktop] › tests\browser\storage-recovery.spec.ts:71:1 › active storage rejection permits an online network reload and reports offline unavailable (228ms)
  ok  41 [chromium-desktop] › tests\browser\slow-cache.spec.ts:5:3 › slow synthetic storage keeps status within the readiness deadline (1.0s)
  ok  45 [chromium-desktop] › tests\browser\storage-recovery.spec.ts:102:1 › a replacement cannot remove the prior shell when active storage status is unavailable (304ms)
  ok  42 [chromium-desktop] › tests\browser\slow-cache.spec.ts:5:3 › slow synthetic storage keeps javascript within the readiness deadline (1.0s)
(node:39160) Warning: The 'NO_COLOR' env is ignored due to the 'FORCE_COLOR' env being set.
(Use `node --trace-warnings ...` to show where the warning was created)
(node:7700) Warning: The 'NO_COLOR' env is ignored due to the 'FORCE_COLOR' env being set.
(Use `node --trace-warnings ...` to show where the warning was created)
(node:46768) Warning: The 'NO_COLOR' env is ignored due to the 'FORCE_COLOR' env being set.
(Use `node --trace-warnings ...` to show where the warning was created)
  ok  47 [webkit-phone] › tests\browser\activation-failure.spec.ts:64:1 › bounds superseded waiting caches while retaining the active shell (1.1s)
  ok  46 [webkit-phone] › tests\browser\activation-failure.spec.ts:6:1 › failed activation cancels reload consent and a later controller change remains user-controlled (1.3s)
  ok  49 [webkit-phone] › tests\browser\eviction-recovery.spec.ts:4:1 › explicit caching retry recovers a transient registration failure (462ms)
  ok  48 [webkit-phone] › tests\browser\activation-failure.spec.ts:142:1 › retains the actual prior active shell across three releases without cache-order assumptions (2.1s)
  ok  50 [webkit-phone] › tests\browser\eviction-recovery.spec.ts:34:1 › confirmed complete cache eviction permits a real replacement build (918ms)
  ok  51 [webkit-phone] › tests\browser\eviction-recovery.spec.ts:71:1 › user-controlled same-build repair restores an evicted shell without clearing other storage (836ms)
  ok  54 [webkit-phone] › tests\browser\pwa-lifecycle.spec.ts:23:1 › offline origin outage preserves launch, reload and deep links (877ms)
  ok  52 [webkit-phone] › tests\browser\native-activation.spec.ts:6:1 › native activation after candidate eviction retains a usable prior offline shell (1.7s)
  ok  53 [webkit-phone] › tests\browser\keyboard-update.spec.ts:47:1 › keyboard shell update waits, blocks other tabs, then reloads on request (1.9s)
  ok  56 [webkit-phone] › tests\browser\pwa-lifecycle.spec.ts:120:3 › reports unsuccessful initial caching: asset (320ms)
  ok  57 [webkit-phone] › tests\browser\pwa-lifecycle.spec.ts:120:3 › reports unsuccessful initial caching: corrupt (309ms)
  ok  58 [webkit-phone] › tests\browser\pwa-lifecycle.spec.ts:120:3 › reports unsuccessful initial caching: storage (280ms)
  ok  55 [webkit-phone] › tests\browser\pwa-lifecycle.spec.ts:52:1 › keeps prohibited responses, query variants and outside origins out of caches (1.2s)
  ok  59 [webkit-phone] › tests\browser\pwa-lifecycle.spec.ts:135:1 › reports evicted cached assets instead of claiming permanent readiness (592ms)
  ok  61 [webkit-phone] › tests\browser\pwa-lifecycle.spec.ts:280:3 › failed update retains the usable prior shell: asset (827ms)
  ok  62 [webkit-phone] › tests\browser\pwa-lifecycle.spec.ts:280:3 › failed update retains the usable prior shell: corrupt (837ms)
  ok  63 [webkit-phone] › tests\browser\pwa-lifecycle.spec.ts:280:3 › failed update retains the usable prior shell: storage (792ms)
  ok  60 [webkit-phone] › tests\browser\pwa-lifecycle.spec.ts:155:1 › two real builds wait for user action, block multiple tabs and preserve synthetic storage (2.1s)
  ok  65 [webkit-phone] › tests\browser\pwa.spec.ts:4:1 › restricts document resources without blocking the same-origin shell (452ms)
  ok  64 [webkit-phone] › tests\browser\pwa-lifecycle.spec.ts:280:3 › failed update retains the usable prior shell: worker (861ms)
  ok  66 [webkit-phone] › tests\browser\pwa.spec.ts:81:1 › does not apply the production CSP to the Vite development server (518ms)
  ok  67 [webkit-phone] › tests\browser\pwa.spec.ts:118:1 › provides install identity, metadata and decodable normal/maskable icons (441ms)
  ok  69 [webkit-phone] › tests\browser\pwa.spec.ts:236:1 › explains installation differences and browser storage limits (296ms)
  ok  70 [webkit-phone] › tests\browser\pwa.spec.ts:249:1 › reports registration failure without claiming offline readiness (287ms)
  ok  71 [webkit-phone] › tests\browser\pwa.spec.ts:266:1 › does not fabricate an app fallback for a brand-new offline visit (215ms)
  ok  68 [webkit-phone] › tests\browser\pwa.spec.ts:190:1 › caches only the shell and launches/reloads existing deep links offline (1.0s)
  ok  74 [webkit-phone] › tests\browser\review-regressions.spec.ts:4:1 › a failed network update check preserves an already waiting usable release (1.2s)
  ok  75 [webkit-phone] › tests\browser\review-regressions.spec.ts:65:3 › cached html corruption loses readiness and can be explicitly repaired (886ms)
  ok  73 [webkit-phone] › tests\browser\recovery-update.spec.ts:71:1 › a usable waiting recovery update survives fallback probes and page reload until explicit activation (2.5s)
  ok  72 [webkit-phone] › tests\browser\recovery-update.spec.ts:43:1 › rollback A to B to A then evicted C retains the actual last activated shell offline (2.9s)
  ok  76 [webkit-phone] › tests\browser\review-regressions.spec.ts:65:3 › cached javascript corruption loses readiness and can be explicitly repaired (868ms)
  ok  77 [webkit-phone] › tests\browser\review-regressions.spec.ts:124:1 › damaged waiting JavaScript refuses activation and preserves the usable active shell (1.0s)
  ok  79 [webkit-phone] › tests\browser\review-regressions.spec.ts:235:3 › cached javascript with a misleading MIME substring is not ready (910ms)
  ok  81 [webkit-phone] › tests\browser\shell.spec.ts:3:1 › launches a nonclinical shell without external requests or input forms (287ms)
  ok  80 [webkit-phone] › tests\browser\review-regressions.spec.ts:235:3 › cached html with a misleading MIME substring is not ready (1.0s)
  ok  78 [webkit-phone] › tests\browser\review-regressions.spec.ts:178:1 › an evicted candidate cannot fall back to damaged prior HTML (1.9s)
  ok  82 [webkit-phone] › tests\browser\shell.spec.ts:22:1 › navigates and reloads a deep link (633ms)
  ok  84 [webkit-phone] › tests\browser\shell.spec.ts:49:1 › supports keyboard skip navigation (387ms)
  ok  83 [webkit-phone] › tests\browser\shell.spec.ts:38:1 › recovers from an unknown route (497ms)
  ok  85 [webkit-phone] › tests\browser\shell.spec.ts:62:1 › fits the viewport and records a synthetic shell screenshot (408ms)
  ok  88 [webkit-phone] › tests\browser\storage-recovery.spec.ts:33:1 › activation storage rejection reports failure and clears reload consent (745ms)
  ok  86 [webkit-phone] › tests\browser\slow-cache.spec.ts:5:3 › slow synthetic storage keeps status within the readiness deadline (1.3s)
  ok  87 [webkit-phone] › tests\browser\slow-cache.spec.ts:5:3 › slow synthetic storage keeps javascript within the readiness deadline (1.2s)
(node:13032) Warning: The 'NO_COLOR' env is ignored due to the 'FORCE_COLOR' env being set.
(Use `node --trace-warnings ...` to show where the warning was created)
  ok  89 [webkit-phone] › tests\browser\storage-recovery.spec.ts:71:1 › active storage rejection permits an online network reload and reports offline unavailable (588ms)
(node:42212) Warning: The 'NO_COLOR' env is ignored due to the 'FORCE_COLOR' env being set.
(Use `node --trace-warnings ...` to show where the warning was created)
  ok  90 [webkit-phone] › tests\browser\storage-recovery.spec.ts:102:1 › a replacement cannot remove the prior shell when active storage status is unavailable (912ms)
(node:15800) Warning: The 'NO_COLOR' env is ignored due to the 'FORCE_COLOR' env being set.
(Use `node --trace-warnings ...` to show where the warning was created)
  ok  91 [webkit-tablet] › tests\browser\activation-failure.spec.ts:6:1 › failed activation cancels reload consent and a later controller change remains user-controlled (1.3s)
  ok  92 [webkit-tablet] › tests\browser\activation-failure.spec.ts:64:1 › bounds superseded waiting caches while retaining the active shell (1.1s)
  ok  94 [webkit-tablet] › tests\browser\eviction-recovery.spec.ts:4:1 › explicit caching retry recovers a transient registration failure (489ms)
  ok  95 [webkit-tablet] › tests\browser\eviction-recovery.spec.ts:34:1 › confirmed complete cache eviction permits a real replacement build (955ms)
  ok  96 [webkit-tablet] › tests\browser\eviction-recovery.spec.ts:71:1 › user-controlled same-build repair restores an evicted shell without clearing other storage (788ms)
  ok  93 [webkit-tablet] › tests\browser\activation-failure.spec.ts:142:1 › retains the actual prior active shell across three releases without cache-order assumptions (2.2s)
  ok  99 [webkit-tablet] › tests\browser\pwa-lifecycle.spec.ts:23:1 › offline origin outage preserves launch, reload and deep links (880ms)
  ok  98 [webkit-tablet] › tests\browser\native-activation.spec.ts:6:1 › native activation after candidate eviction retains a usable prior offline shell (1.6s)
  ok 101 [webkit-tablet] › tests\browser\pwa-lifecycle.spec.ts:120:3 › reports unsuccessful initial caching: asset (289ms)
  ok 102 [webkit-tablet] › tests\browser\pwa-lifecycle.spec.ts:120:3 › reports unsuccessful initial caching: corrupt (257ms)
  ok 103 [webkit-tablet] › tests\browser\pwa-lifecycle.spec.ts:120:3 › reports unsuccessful initial caching: storage (260ms)
  ok 100 [webkit-tablet] › tests\browser\pwa-lifecycle.spec.ts:52:1 › keeps prohibited responses, query variants and outside origins out of caches (1.2s)
  ok  97 [webkit-tablet] › tests\browser\keyboard-update.spec.ts:47:1 › keyboard shell update waits, blocks other tabs, then reloads on request (2.9s)
  ok 104 [webkit-tablet] › tests\browser\pwa-lifecycle.spec.ts:135:1 › reports evicted cached assets instead of claiming permanent readiness (769ms)
  ok 106 [webkit-tablet] › tests\browser\pwa-lifecycle.spec.ts:280:3 › failed update retains the usable prior shell: asset (910ms)
  ok 107 [webkit-tablet] › tests\browser\pwa-lifecycle.spec.ts:280:3 › failed update retains the usable prior shell: corrupt (920ms)
  ok 108 [webkit-tablet] › tests\browser\pwa-lifecycle.spec.ts:280:3 › failed update retains the usable prior shell: storage (850ms)
  ok 109 [webkit-tablet] › tests\browser\pwa-lifecycle.spec.ts:280:3 › failed update retains the usable prior shell: worker (892ms)
  ok 105 [webkit-tablet] › tests\browser\pwa-lifecycle.spec.ts:155:1 › two real builds wait for user action, block multiple tabs and preserve synthetic storage (2.6s)
  ok 110 [webkit-tablet] › tests\browser\pwa.spec.ts:4:1 › restricts document resources without blocking the same-origin shell (525ms)
  ok 112 [webkit-tablet] › tests\browser\pwa.spec.ts:118:1 › provides install identity, metadata and decodable normal/maskable icons (468ms)
  ok 111 [webkit-tablet] › tests\browser\pwa.spec.ts:81:1 › does not apply the production CSP to the Vite development server (496ms)
  ok 114 [webkit-tablet] › tests\browser\pwa.spec.ts:236:1 › explains installation differences and browser storage limits (313ms)
  ok 115 [webkit-tablet] › tests\browser\pwa.spec.ts:249:1 › reports registration failure without claiming offline readiness (350ms)
  ok 116 [webkit-tablet] › tests\browser\pwa.spec.ts:266:1 › does not fabricate an app fallback for a brand-new offline visit (239ms)
  ok 113 [webkit-tablet] › tests\browser\pwa.spec.ts:190:1 › caches only the shell and launches/reloads existing deep links offline (1.0s)
  ok 119 [webkit-tablet] › tests\browser\review-regressions.spec.ts:4:1 › a failed network update check preserves an already waiting usable release (1.2s)
  ok 120 [webkit-tablet] › tests\browser\review-regressions.spec.ts:65:3 › cached html corruption loses readiness and can be explicitly repaired (833ms)
  ok 117 [webkit-tablet] › tests\browser\recovery-update.spec.ts:43:1 › rollback A to B to A then evicted C retains the actual last activated shell offline (2.8s)
  ok 118 [webkit-tablet] › tests\browser\recovery-update.spec.ts:71:1 › a usable waiting recovery update survives fallback probes and page reload until explicit activation (2.7s)
  ok 121 [webkit-tablet] › tests\browser\review-regressions.spec.ts:65:3 › cached javascript corruption loses readiness and can be explicitly repaired (947ms)
  ok 122 [webkit-tablet] › tests\browser\review-regressions.spec.ts:124:1 › damaged waiting JavaScript refuses activation and preserves the usable active shell (1.1s)
  ok 124 [webkit-tablet] › tests\browser\review-regressions.spec.ts:235:3 › cached javascript with a misleading MIME substring is not ready (796ms)
  ok 126 [webkit-tablet] › tests\browser\shell.spec.ts:3:1 › launches a nonclinical shell without external requests or input forms (269ms)
  ok 123 [webkit-tablet] › tests\browser\review-regressions.spec.ts:178:1 › an evicted candidate cannot fall back to damaged prior HTML (1.9s)
  ok 125 [webkit-tablet] › tests\browser\review-regressions.spec.ts:235:3 › cached html with a misleading MIME substring is not ready (849ms)
  ok 127 [webkit-tablet] › tests\browser\shell.spec.ts:22:1 › navigates and reloads a deep link (637ms)
  ok 129 [webkit-tablet] › tests\browser\shell.spec.ts:49:1 › supports keyboard skip navigation (374ms)
  ok 128 [webkit-tablet] › tests\browser\shell.spec.ts:38:1 › recovers from an unknown route (521ms)
  ok 130 [webkit-tablet] › tests\browser\shell.spec.ts:62:1 › fits the viewport and records a synthetic shell screenshot (408ms)
  ok 133 [webkit-tablet] › tests\browser\storage-recovery.spec.ts:33:1 › activation storage rejection reports failure and clears reload consent (857ms)
  ok 131 [webkit-tablet] › tests\browser\slow-cache.spec.ts:5:3 › slow synthetic storage keeps status within the readiness deadline (1.3s)
  ok 132 [webkit-tablet] › tests\browser\slow-cache.spec.ts:5:3 › slow synthetic storage keeps javascript within the readiness deadline (1.2s)
  ok 134 [webkit-tablet] › tests\browser\storage-recovery.spec.ts:71:1 › active storage rejection permits an online network reload and reports offline unavailable (573ms)
  ok 135 [webkit-tablet] › tests\browser\storage-recovery.spec.ts:102:1 › a replacement cannot remove the prior shell when active storage status is unavailable (896ms)

  135 passed (45.7s)
