
> intermed@0.0.0 check
> npm run format:check && npm run lint && npm run typecheck && npm run test && npm run check:boundaries && npm audit --audit-level=low && npm run build && npm run scan:dist && npm run test:browser


> intermed@0.0.0 format:check
> prettier --check .

Checking formatting...
All matched files use Prettier code style!

> intermed@0.0.0 lint
> eslint . --max-warnings 0


> intermed@0.0.0 typecheck
> tsc -p tsconfig.json && tsc -p packages/domain/tsconfig.json && tsc -p packages/importer/tsconfig.json


> intermed@0.0.0 test
> vitest run


 RUN  v4.1.11 <worktree>


 Test Files  56 passed (56)
      Tests  921 passed (921)
   Start at  00:29:50
   Duration  72.81s (transform 37.58s, setup 0ms, import 96.10s, tests 135.66s, environment 27.84s)


> intermed@0.0.0 check:boundaries
> node scripts/check-boundaries.mjs

Architecture boundaries passed (93 source files; dependency-free domain; local-store confined to the composition root).
found 0 vulnerabilities

> intermed@0.0.0 build
> npm run build --workspace @intermed/web


> @intermed/web@0.0.0 build
> vite build

vite v8.3.2 building client environment for production...
transforming...
✓ 169 modules transformed.
rendering chunks...
computing gzip size...
dist/index.html                   1.58 kB │ gzip:   0.64 kB
dist/assets/index-DOYJIIIf.css    6.57 kB │ gzip:   1.83 kB
dist/assets/index-CJvC-D9w.js   546.13 kB │ gzip: 165.99 kB

node.exe : [plugin builtin:vite-reporter]
At line:1 char:1
+ & "<repo>\.tools\node-v24.21.0-win-x64/node.exe" "D: ...
+ ~~~~~~~~~~~~~~~~~~~~~~~~~~~~~~~~~~~~~~~~~~~~~~~~~~~~~~~~~~~~~~~~~~~~~
    + CategoryInfo          : NotSpecified: ([plugin builtin:vite-reporter] :String) [], RemoteException
    + FullyQualifiedErrorId : NativeCommandError

(!) Some chunks are larger than 500 kB after minification. Consider:
- Using dynamic import() to code-split the application
- Use build.rolldownOptions.output.codeSplitting to improve chunking:
https://rolldown.rs/reference/OutputOptions.codeSplitting
- Adjust chunk size limit for this warning via build.chunkSizeWarningLimit.
✓ built in 536ms

> intermed@0.0.0 scan:dist
> node scripts/scan-dist-secrets.mjs

scan-dist-secrets: 9 file(s) scanned in <worktree>\apps\web\dist, no credential-shaped strings.

> intermed@0.0.0 test:browser
> playwright test

[WebServer] (node:18060) Warning: The 'NO_COLOR' env is ignored due to the 'FORCE_COLOR' env being set.
[WebServer] (Use `node --trace-warnings ...` to show where the warning was created)
[WebServer] (node:51652) Warning: The 'NO_COLOR' env is ignored due to the 'FORCE_COLOR' env being set.
[WebServer] (Use `node --trace-warnings ...` to show where the warning was created)

Running 156 tests using 3 workers

(node:47272) Warning: The 'NO_COLOR' env is ignored due to the 'FORCE_COLOR' env being set.
(Use `node --trace-warnings ...` to show where the warning was created)
(node:43196) Warning: The 'NO_COLOR' env is ignored due to the 'FORCE_COLOR' env being set.
(Use `node --trace-warnings ...` to show where the warning was created)
(node:42216) Warning: The 'NO_COLOR' env is ignored due to the 'FORCE_COLOR' env being set.
(Use `node --trace-warnings ...` to show where the warning was created)
  ok   3 [chromium-desktop] › tests\browser\activation-failure.spec.ts:6:1 › failed activation cancels reload consent and a later controller change remains user-controlled (2.7s)
  ok   1 [chromium-desktop] › tests\browser\activation-failure.spec.ts:64:1 › bounds superseded waiting caches while retaining the active shell (2.8s)
  ok   4 [chromium-desktop] › tests\browser\eviction-recovery.spec.ts:4:1 › explicit caching retry recovers a transient registration failure (659ms)
  ok   2 [chromium-desktop] › tests\browser\activation-failure.spec.ts:142:1 › retains the actual prior active shell across three releases without cache-order assumptions (4.0s)
  ok   6 [chromium-desktop] › tests\browser\eviction-recovery.spec.ts:71:1 › user-controlled same-build repair restores an evicted shell without clearing other storage (856ms)
  ok   5 [chromium-desktop] › tests\browser\eviction-recovery.spec.ts:34:1 › confirmed complete cache eviction permits a real replacement build (2.2s)
  ok   8 [chromium-desktop] › tests\browser\local-store.spec.ts:42:1 › shows never-downloaded in default mode and downloads nothing (758ms)
  ok   9 [chromium-desktop] › tests\browser\local-store.spec.ts:99:1 › reads a staged generation after a restart and while offline (1.1s)
  ok  10 [chromium-desktop] › tests\browser\local-store.spec.ts:153:1 › two tabs evaluating during an activation each see one coherent generation (1.3s)
  ok  12 [chromium-desktop] › tests\browser\local-store.spec.ts:289:1 › the production bundle contains no test-only harness code (36ms)
  ok  11 [chromium-desktop] › tests\browser\local-store.spec.ts:245:1 › an old tab reports reload-required instead of losing data on an upgrade (1.1s)
  ok   7 [chromium-desktop] › tests\browser\keyboard-update.spec.ts:47:1 › keyboard shell update waits, blocks other tabs, then reloads on request (3.4s)
  ok  15 [chromium-desktop] › tests\browser\pwa-lifecycle.spec.ts:23:1 › offline origin outage preserves launch, reload and deep links (1.3s)
  ok  13 [chromium-desktop] › tests\browser\medication-search.spec.ts:248:3 › medication search browser coverage › searches and opens a local candidate by keyboard after going offline (2.5s)
  ok  16 [chromium-desktop] › tests\browser\pwa-lifecycle.spec.ts:52:1 › keeps prohibited responses, query variants and outside origins out of caches (804ms)
  ok  14 [chromium-desktop] › tests\browser\native-activation.spec.ts:6:1 › native activation after candidate eviction retains a usable prior offline shell (2.3s)
  ok  18 [chromium-desktop] › tests\browser\pwa-lifecycle.spec.ts:120:3 › reports unsuccessful initial caching: asset (434ms)
  ok  19 [chromium-desktop] › tests\browser\pwa-lifecycle.spec.ts:120:3 › reports unsuccessful initial caching: corrupt (446ms)
  ok  20 [chromium-desktop] › tests\browser\pwa-lifecycle.spec.ts:120:3 › reports unsuccessful initial caching: storage (430ms)
  ok  21 [chromium-desktop] › tests\browser\pwa-lifecycle.spec.ts:135:1 › reports evicted cached assets instead of claiming permanent readiness (580ms)
  ok  23 [chromium-desktop] › tests\browser\pwa-lifecycle.spec.ts:280:3 › failed update retains the usable prior shell: asset (1.0s)
  ok  24 [chromium-desktop] › tests\browser\pwa-lifecycle.spec.ts:280:3 › failed update retains the usable prior shell: corrupt (1.1s)
  ok  22 [chromium-desktop] › tests\browser\pwa-lifecycle.spec.ts:155:1 › two real builds wait for user action, block multiple tabs and preserve synthetic storage (3.1s)
  ok  25 [chromium-desktop] › tests\browser\pwa-lifecycle.spec.ts:280:3 › failed update retains the usable prior shell: storage (839ms)
  ok  27 [chromium-desktop] › tests\browser\pwa.spec.ts:4:1 › restricts document resources without blocking the same-origin shell (751ms)
  ok  26 [chromium-desktop] › tests\browser\pwa-lifecycle.spec.ts:280:3 › failed update retains the usable prior shell: worker (879ms)
  ok  29 [chromium-desktop] › tests\browser\pwa.spec.ts:118:1 › provides install identity, metadata and decodable normal/maskable icons (642ms)
  ok  28 [chromium-desktop] › tests\browser\pwa.spec.ts:81:1 › does not apply the production CSP to the Vite development server (928ms)
  ok  31 [chromium-desktop] › tests\browser\pwa.spec.ts:236:1 › explains installation differences and browser storage limits (468ms)
  ok  32 [chromium-desktop] › tests\browser\pwa.spec.ts:249:1 › reports registration failure without claiming offline readiness (452ms)
  ok  30 [chromium-desktop] › tests\browser\pwa.spec.ts:190:1 › caches only the shell and launches/reloads existing deep links offline (1.3s)
  ok  33 [chromium-desktop] › tests\browser\pwa.spec.ts:266:1 › does not fabricate an app fallback for a brand-new offline visit (359ms)
  ok  35 [chromium-desktop] › tests\browser\recovery-update.spec.ts:71:1 › a usable waiting recovery update survives fallback probes and page reload until explicit activation (3.9s)
  ok  34 [chromium-desktop] › tests\browser\recovery-update.spec.ts:43:1 › rollback A to B to A then evicted C retains the actual last activated shell offline (5.1s)
  ok  37 [chromium-desktop] › tests\browser\review-regressions.spec.ts:65:3 › cached html corruption loses readiness and can be explicitly repaired (1.0s)
  ok  36 [chromium-desktop] › tests\browser\review-regressions.spec.ts:4:1 › a failed network update check preserves an already waiting usable release (2.4s)
  ok  38 [chromium-desktop] › tests\browser\review-regressions.spec.ts:65:3 › cached javascript corruption loses readiness and can be explicitly repaired (1.2s)
  ok  39 [chromium-desktop] › tests\browser\review-regressions.spec.ts:124:1 › damaged waiting JavaScript refuses activation and preserves the usable active shell (1.2s)
  ok  41 [chromium-desktop] › tests\browser\review-regressions.spec.ts:235:3 › cached javascript with a misleading MIME substring is not ready (1.1s)
  ok  42 [chromium-desktop] › tests\browser\review-regressions.spec.ts:235:3 › cached html with a misleading MIME substring is not ready (1.1s)
  ok  40 [chromium-desktop] › tests\browser\review-regressions.spec.ts:178:1 › an evicted candidate cannot fall back to damaged prior HTML (2.6s)
  ok  43 [chromium-desktop] › tests\browser\shell.spec.ts:3:1 › launches a nonclinical shell without external requests or input forms (561ms)
  ok  44 [chromium-desktop] › tests\browser\shell.spec.ts:22:1 › navigates and reloads a deep link (809ms)
  ok  45 [chromium-desktop] › tests\browser\shell.spec.ts:38:1 › recovers from an unknown route (602ms)
  ok  46 [chromium-desktop] › tests\browser\shell.spec.ts:49:1 › supports keyboard skip navigation (577ms)
  ok  47 [chromium-desktop] › tests\browser\shell.spec.ts:62:1 › fits the viewport and records a synthetic shell screenshot (583ms)
  ok  48 [chromium-desktop] › tests\browser\slow-cache.spec.ts:5:3 › slow synthetic storage keeps status within the readiness deadline (1.4s)
  ok  49 [chromium-desktop] › tests\browser\slow-cache.spec.ts:5:3 › slow synthetic storage keeps javascript within the readiness deadline (1.4s)
  ok  50 [chromium-desktop] › tests\browser\storage-recovery.spec.ts:33:1 › activation storage rejection reports failure and clears reload consent (962ms)
  ok  51 [chromium-desktop] › tests\browser\storage-recovery.spec.ts:71:1 › active storage rejection permits an online network reload and reports offline unavailable (815ms)
  ok  52 [chromium-desktop] › tests\browser\storage-recovery.spec.ts:102:1 › a replacement cannot remove the prior shell when active storage status is unavailable (897ms)
(node:18380) Warning: The 'NO_COLOR' env is ignored due to the 'FORCE_COLOR' env being set.
(Use `node --trace-warnings ...` to show where the warning was created)
(node:34588) Warning: The 'NO_COLOR' env is ignored due to the 'FORCE_COLOR' env being set.
(Use `node --trace-warnings ...` to show where the warning was created)
  ok  53 [webkit-phone] › tests\browser\activation-failure.spec.ts:6:1 › failed activation cancels reload consent and a later controller change remains user-controlled (3.3s)
  ok  54 [webkit-phone] › tests\browser\activation-failure.spec.ts:64:1 › bounds superseded waiting caches while retaining the active shell (2.8s)
  ok  56 [webkit-phone] › tests\browser\eviction-recovery.spec.ts:4:1 › explicit caching retry recovers a transient registration failure (1.4s)
  ok  57 [webkit-phone] › tests\browser\eviction-recovery.spec.ts:34:1 › confirmed complete cache eviction permits a real replacement build (2.5s)
  ok  55 [webkit-phone] › tests\browser\activation-failure.spec.ts:142:1 › retains the actual prior active shell across three releases without cache-order assumptions (4.4s)
  ok  58 [webkit-phone] › tests\browser\eviction-recovery.spec.ts:71:1 › user-controlled same-build repair restores an evicted shell without clearing other storage (2.2s)
  ok  60 [webkit-phone] › tests\browser\local-store.spec.ts:42:1 › shows never-downloaded in default mode and downloads nothing (1.2s)
  ok  61 [webkit-phone] › tests\browser\local-store.spec.ts:99:1 › reads a staged generation after a restart and while offline (4.5s)
  ok  59 [webkit-phone] › tests\browser\keyboard-update.spec.ts:47:1 › keyboard shell update waits, blocks other tabs, then reloads on request (9.9s)
  ok  63 [webkit-phone] › tests\browser\local-store.spec.ts:245:1 › an old tab reports reload-required instead of losing data on an upgrade (3.8s)
  ok  64 [webkit-phone] › tests\browser\local-store.spec.ts:289:1 › the production bundle contains no test-only harness code (45ms)
  ok  62 [webkit-phone] › tests\browser\local-store.spec.ts:153:1 › two tabs evaluating during an activation each see one coherent generation (6.5s)
  ok  66 [webkit-phone] › tests\browser\native-activation.spec.ts:6:1 › native activation after candidate eviction retains a usable prior offline shell (3.3s)
M7A_SEARCH_PERFORMANCE {"productCount":20000,"bundleBuildMilliseconds":4558.2,"localStoreStagingMilliseconds":18182.8,"totalFixtureMilliseconds":22741,"indexMilliseconds":2129.5,"indexedProductCount":20000,"warmupKeyToRenderMilliseconds":2440.7,"keyToRenderP95Milliseconds":{"oneCharacter":341.7,"twoCharacters":332.5,"fourCharacters":323.3},"coreSearchP95Milliseconds":{"oneCharacter":11.7,"twoCharacters":11.2,"fourCharacters":9.5}}
  ok  17 [chromium-desktop] › tests\browser\medication-search.spec.ts:422:3 › medication search browser coverage › measures local search on a 20,000-product fictional catalogue (48.8s)
(node:39300) Warning: The 'NO_COLOR' env is ignored due to the 'FORCE_COLOR' env being set.
(Use `node --trace-warnings ...` to show where the warning was created)
  ok  67 [webkit-phone] › tests\browser\pwa-lifecycle.spec.ts:23:1 › offline origin outage preserves launch, reload and deep links (2.5s)
  ok  69 [webkit-phone] › tests\browser\pwa-lifecycle.spec.ts:120:3 › reports unsuccessful initial caching: asset (1.1s)
  ok  70 [webkit-phone] › tests\browser\pwa-lifecycle.spec.ts:120:3 › reports unsuccessful initial caching: corrupt (846ms)
  ok  68 [webkit-phone] › tests\browser\pwa-lifecycle.spec.ts:52:1 › keeps prohibited responses, query variants and outside origins out of caches (2.7s)
  ok  65 [webkit-phone] › tests\browser\medication-search.spec.ts:248:3 › medication search browser coverage › searches and opens a local candidate by keyboard after going offline (8.6s)
  -   73 [webkit-phone] › tests\browser\medication-search.spec.ts:422:3 › medication search browser coverage › measures local search on a 20,000-product fictional catalogue
  ok  71 [webkit-phone] › tests\browser\pwa-lifecycle.spec.ts:120:3 › reports unsuccessful initial caching: storage (1.0s)
  ok  72 [webkit-phone] › tests\browser\pwa-lifecycle.spec.ts:135:1 › reports evicted cached assets instead of claiming permanent readiness (1.8s)
  ok  75 [webkit-phone] › tests\browser\pwa-lifecycle.spec.ts:280:3 › failed update retains the usable prior shell: asset (2.3s)
  ok  76 [webkit-phone] › tests\browser\pwa-lifecycle.spec.ts:280:3 › failed update retains the usable prior shell: corrupt (2.2s)
  ok  77 [webkit-phone] › tests\browser\pwa-lifecycle.spec.ts:280:3 › failed update retains the usable prior shell: storage (2.0s)
  ok  78 [webkit-phone] › tests\browser\pwa-lifecycle.spec.ts:280:3 › failed update retains the usable prior shell: worker (2.1s)
  ok  79 [webkit-phone] › tests\browser\pwa.spec.ts:4:1 › restricts document resources without blocking the same-origin shell (1.5s)
  ok  74 [webkit-phone] › tests\browser\pwa-lifecycle.spec.ts:155:1 › two real builds wait for user action, block multiple tabs and preserve synthetic storage (6.1s)
  ok  80 [webkit-phone] › tests\browser\pwa.spec.ts:81:1 › does not apply the production CSP to the Vite development server (1.5s)
  ok  81 [webkit-phone] › tests\browser\pwa.spec.ts:118:1 › provides install identity, metadata and decodable normal/maskable icons (1.4s)
  ok  83 [webkit-phone] › tests\browser\pwa.spec.ts:236:1 › explains installation differences and browser storage limits (965ms)
  ok  84 [webkit-phone] › tests\browser\pwa.spec.ts:249:1 › reports registration failure without claiming offline readiness (921ms)
  ok  85 [webkit-phone] › tests\browser\pwa.spec.ts:266:1 › does not fabricate an app fallback for a brand-new offline visit (651ms)
  ok  82 [webkit-phone] › tests\browser\pwa.spec.ts:190:1 › caches only the shell and launches/reloads existing deep links offline (3.0s)
  ok  88 [webkit-phone] › tests\browser\review-regressions.spec.ts:4:1 › a failed network update check preserves an already waiting usable release (3.0s)
  ok  87 [webkit-phone] › tests\browser\recovery-update.spec.ts:71:1 › a usable waiting recovery update survives fallback probes and page reload until explicit activation (5.5s)
  ok  86 [webkit-phone] › tests\browser\recovery-update.spec.ts:43:1 › rollback A to B to A then evicted C retains the actual last activated shell offline (5.9s)
  ok  89 [webkit-phone] › tests\browser\review-regressions.spec.ts:65:3 › cached html corruption loses readiness and can be explicitly repaired (2.4s)
  ok  90 [webkit-phone] › tests\browser\review-regressions.spec.ts:65:3 › cached javascript corruption loses readiness and can be explicitly repaired (2.5s)
  ok  91 [webkit-phone] › tests\browser\review-regressions.spec.ts:124:1 › damaged waiting JavaScript refuses activation and preserves the usable active shell (2.8s)
  ok  92 [webkit-phone] › tests\browser\review-regressions.spec.ts:178:1 › an evicted candidate cannot fall back to damaged prior HTML (3.7s)
  ok  93 [webkit-phone] › tests\browser\review-regressions.spec.ts:235:3 › cached javascript with a misleading MIME substring is not ready (2.5s)
  ok  95 [webkit-phone] › tests\browser\shell.spec.ts:3:1 › launches a nonclinical shell without external requests or input forms (859ms)
  ok  94 [webkit-phone] › tests\browser\review-regressions.spec.ts:235:3 › cached html with a misleading MIME substring is not ready (2.6s)
  ok  97 [webkit-phone] › tests\browser\shell.spec.ts:38:1 › recovers from an unknown route (1.3s)
  ok  98 [webkit-phone] › tests\browser\shell.spec.ts:49:1 › supports keyboard skip navigation (1.2s)
  ok  96 [webkit-phone] › tests\browser\shell.spec.ts:22:1 › navigates and reloads a deep link (1.7s)
  ok  99 [webkit-phone] › tests\browser\shell.spec.ts:62:1 › fits the viewport and records a synthetic shell screenshot (1.3s)
  ok 100 [webkit-phone] › tests\browser\slow-cache.spec.ts:5:3 › slow synthetic storage keeps status within the readiness deadline (2.1s)
  ok 101 [webkit-phone] › tests\browser\slow-cache.spec.ts:5:3 › slow synthetic storage keeps javascript within the readiness deadline (2.2s)
  ok 102 [webkit-phone] › tests\browser\storage-recovery.spec.ts:33:1 › activation storage rejection reports failure and clears reload consent (1.9s)
  ok 103 [webkit-phone] › tests\browser\storage-recovery.spec.ts:71:1 › active storage rejection permits an online network reload and reports offline unavailable (1.6s)
(node:52004) Warning: The 'NO_COLOR' env is ignored due to the 'FORCE_COLOR' env being set.
(Use `node --trace-warnings ...` to show where the warning was created)
  ok 104 [webkit-phone] › tests\browser\storage-recovery.spec.ts:102:1 › a replacement cannot remove the prior shell when active storage status is unavailable (2.1s)
(node:57920) Warning: The 'NO_COLOR' env is ignored due to the 'FORCE_COLOR' env being set.
(Use `node --trace-warnings ...` to show where the warning was created)
(node:45936) Warning: The 'NO_COLOR' env is ignored due to the 'FORCE_COLOR' env being set.
(Use `node --trace-warnings ...` to show where the warning was created)
  ok 105 [webkit-tablet] › tests\browser\activation-failure.spec.ts:6:1 › failed activation cancels reload consent and a later controller change remains user-controlled (3.6s)
  ok 106 [webkit-tablet] › tests\browser\activation-failure.spec.ts:64:1 › bounds superseded waiting caches while retaining the active shell (3.2s)
  ok 108 [webkit-tablet] › tests\browser\eviction-recovery.spec.ts:4:1 › explicit caching retry recovers a transient registration failure (1.6s)
  ok 107 [webkit-tablet] › tests\browser\activation-failure.spec.ts:142:1 › retains the actual prior active shell across three releases without cache-order assumptions (5.0s)
  ok 109 [webkit-tablet] › tests\browser\eviction-recovery.spec.ts:34:1 › confirmed complete cache eviction permits a real replacement build (3.0s)
  ok 110 [webkit-tablet] › tests\browser\eviction-recovery.spec.ts:71:1 › user-controlled same-build repair restores an evicted shell without clearing other storage (2.5s)
  ok 112 [webkit-tablet] › tests\browser\local-store.spec.ts:42:1 › shows never-downloaded in default mode and downloads nothing (1.4s)
  ok 113 [webkit-tablet] › tests\browser\local-store.spec.ts:99:1 › reads a staged generation after a restart and while offline (4.7s)
  ok 114 [webkit-tablet] › tests\browser\local-store.spec.ts:153:1 › two tabs evaluating during an activation each see one coherent generation (7.9s)
  ok 116 [webkit-tablet] › tests\browser\local-store.spec.ts:289:1 › the production bundle contains no test-only harness code (45ms)
  ok 115 [webkit-tablet] › tests\browser\local-store.spec.ts:245:1 › an old tab reports reload-required instead of losing data on an upgrade (5.2s)
  ok 118 [webkit-tablet] › tests\browser\native-activation.spec.ts:6:1 › native activation after candidate eviction retains a usable prior offline shell (3.3s)
  ok 119 [webkit-tablet] › tests\browser\pwa-lifecycle.spec.ts:23:1 › offline origin outage preserves launch, reload and deep links (2.8s)
  ok 117 [webkit-tablet] › tests\browser\medication-search.spec.ts:248:3 › medication search browser coverage › searches and opens a local candidate by keyboard after going offline (8.6s)
  -  121 [webkit-tablet] › tests\browser\medication-search.spec.ts:422:3 › medication search browser coverage › measures local search on a 20,000-product fictional catalogue
  ok 122 [webkit-tablet] › tests\browser\pwa-lifecycle.spec.ts:120:3 › reports unsuccessful initial caching: asset (922ms)
  ok 120 [webkit-tablet] › tests\browser\pwa-lifecycle.spec.ts:52:1 › keeps prohibited responses, query variants and outside origins out of caches (3.3s)
  ok 111 [webkit-tablet] › tests\browser\keyboard-update.spec.ts:47:1 › keyboard shell update waits, blocks other tabs, then reloads on request (20.7s)
  ok 123 [webkit-tablet] › tests\browser\pwa-lifecycle.spec.ts:120:3 › reports unsuccessful initial caching: corrupt (1.0s)
  ok 124 [webkit-tablet] › tests\browser\pwa-lifecycle.spec.ts:120:3 › reports unsuccessful initial caching: storage (1.0s)
  ok 125 [webkit-tablet] › tests\browser\pwa-lifecycle.spec.ts:135:1 › reports evicted cached assets instead of claiming permanent readiness (1.6s)
  ok 127 [webkit-tablet] › tests\browser\pwa-lifecycle.spec.ts:280:3 › failed update retains the usable prior shell: asset (2.3s)
  ok 128 [webkit-tablet] › tests\browser\pwa-lifecycle.spec.ts:280:3 › failed update retains the usable prior shell: corrupt (2.2s)
  ok 129 [webkit-tablet] › tests\browser\pwa-lifecycle.spec.ts:280:3 › failed update retains the usable prior shell: storage (2.1s)
  ok 130 [webkit-tablet] › tests\browser\pwa-lifecycle.spec.ts:280:3 › failed update retains the usable prior shell: worker (2.1s)
  ok 131 [webkit-tablet] › tests\browser\pwa.spec.ts:4:1 › restricts document resources without blocking the same-origin shell (1.6s)
  ok 132 [webkit-tablet] › tests\browser\pwa.spec.ts:81:1 › does not apply the production CSP to the Vite development server (1.4s)
  ok 133 [webkit-tablet] › tests\browser\pwa.spec.ts:118:1 › provides install identity, metadata and decodable normal/maskable icons (1.5s)
  ok 126 [webkit-tablet] › tests\browser\pwa-lifecycle.spec.ts:155:1 › two real builds wait for user action, block multiple tabs and preserve synthetic storage (9.1s)
  ok 135 [webkit-tablet] › tests\browser\pwa.spec.ts:236:1 › explains installation differences and browser storage limits (972ms)
  ok 137 [webkit-tablet] › tests\browser\pwa.spec.ts:266:1 › does not fabricate an app fallback for a brand-new offline visit (652ms)
  ok 136 [webkit-tablet] › tests\browser\pwa.spec.ts:249:1 › reports registration failure without claiming offline readiness (1.0s)
  ok 134 [webkit-tablet] › tests\browser\pwa.spec.ts:190:1 › caches only the shell and launches/reloads existing deep links offline (3.5s)
  ok 140 [webkit-tablet] › tests\browser\review-regressions.spec.ts:4:1 › a failed network update check preserves an already waiting usable release (3.1s)
  ok 139 [webkit-tablet] › tests\browser\recovery-update.spec.ts:71:1 › a usable waiting recovery update survives fallback probes and page reload until explicit activation (5.2s)
  ok 141 [webkit-tablet] › tests\browser\review-regressions.spec.ts:65:3 › cached html corruption loses readiness and can be explicitly repaired (1.9s)
  ok 138 [webkit-tablet] › tests\browser\recovery-update.spec.ts:43:1 › rollback A to B to A then evicted C retains the actual last activated shell offline (5.9s)
  ok 142 [webkit-tablet] › tests\browser\review-regressions.spec.ts:65:3 › cached javascript corruption loses readiness and can be explicitly repaired (2.3s)
  ok 143 [webkit-tablet] › tests\browser\review-regressions.spec.ts:124:1 › damaged waiting JavaScript refuses activation and preserves the usable active shell (2.5s)
  ok 144 [webkit-tablet] › tests\browser\review-regressions.spec.ts:178:1 › an evicted candidate cannot fall back to damaged prior HTML (3.4s)
  ok 145 [webkit-tablet] › tests\browser\review-regressions.spec.ts:235:3 › cached javascript with a misleading MIME substring is not ready (1.8s)
  ok 147 [webkit-tablet] › tests\browser\shell.spec.ts:3:1 › launches a nonclinical shell without external requests or input forms (730ms)
  ok 146 [webkit-tablet] › tests\browser\review-regressions.spec.ts:235:3 › cached html with a misleading MIME substring is not ready (1.9s)
  ok 148 [webkit-tablet] › tests\browser\shell.spec.ts:22:1 › navigates and reloads a deep link (1.5s)
  ok 150 [webkit-tablet] › tests\browser\shell.spec.ts:49:1 › supports keyboard skip navigation (902ms)
  ok 149 [webkit-tablet] › tests\browser\shell.spec.ts:38:1 › recovers from an unknown route (1.1s)
  ok 151 [webkit-tablet] › tests\browser\shell.spec.ts:62:1 › fits the viewport and records a synthetic shell screenshot (972ms)
  ok 152 [webkit-tablet] › tests\browser\slow-cache.spec.ts:5:3 › slow synthetic storage keeps status within the readiness deadline (1.9s)
  ok 153 [webkit-tablet] › tests\browser\slow-cache.spec.ts:5:3 › slow synthetic storage keeps javascript within the readiness deadline (1.9s)
  ok 154 [webkit-tablet] › tests\browser\storage-recovery.spec.ts:33:1 › activation storage rejection reports failure and clears reload consent (2.0s)
  ok 155 [webkit-tablet] › tests\browser\storage-recovery.spec.ts:71:1 › active storage rejection permits an online network reload and reports offline unavailable (1.2s)
  ok 156 [webkit-tablet] › tests\browser\storage-recovery.spec.ts:102:1 › a replacement cannot remove the prior shell when active storage status is unavailable (1.7s)

  2 skipped
  154 passed (2.5m)

FULL_CHECK_EXIT=0
